
 RUN  v3.2.7 /home/angeli/Desktop/luxcity/proptii-r1.1a

stderr | src/components/messaging/__tests__/properties/MessageThread.property.test.tsx > Property 22: MessageThread renders messages in chronological order with correct alignment > renders messages in ascending sentAt order regardless of input order
Error: Uncaught [TypeError: bottomRef.current?.scrollIntoView is not a function]
    at reportException (/home/angeli/Desktop/luxcity/proptii-r1.1a/node_modules/.pnpm/jsdom@24.1.3/node_modules/jsdom/lib/jsdom/living/helpers/runtime-script-errors.js:66:24)
    at innerInvokeEventListeners (/home/angeli/Desktop/luxcity/proptii-r1.1a/node_modules/.pnpm/jsdom@24.1.3/node_modules/jsdom/lib/jsdom/living/events/EventTarget-impl.js:353:9)
    at invokeEventListeners (/home/angeli/Desktop/luxcity/proptii-r1.1a/node_modules/.pnpm/jsdom@24.1.3/node_modules/jsdom/lib/jsdom/living/events/EventTarget-impl.js:286:3)
    at HTMLUnknownElementImpl._dispatch (/home/angeli/Desktop/luxcity/proptii-r1.1a/node_modules/.pnpm/jsdom@24.1.3/node_modules/jsdom/lib/jsdom/living/events/EventTarget-impl.js:233:9)
    at HTMLUnknownElementImpl.dispatchEvent (/home/angeli/Desktop/luxcity/proptii-r1.1a/node_modules/.pnpm/jsdom@24.1.3/node_modules/jsdom/lib/jsdom/living/events/EventTarget-impl.js:104:17)
    at HTMLUnknownElement.dispatchEvent (/home/angeli/Desktop/luxcity/proptii-r1.1a/node_modules/.pnpm/jsdom@24.1.3/node_modules/jsdom/lib/jsdom/living/generated/EventTarget.js:241:34)
    at Object.invokeGuardedCallbackDev (/home/angeli/Desktop/luxcity/proptii-r1.1a/node_modules/.pnpm/react-dom@18.3.1_react@18.3.1/node_modules/react-dom/cjs/react-dom.development.js:4213:16)
    at invokeGuardedCallback (/home/angeli/Desktop/luxcity/proptii-r1.1a/node_modules/.pnpm/react-dom@18.3.1_react@18.3.1/node_modules/react-dom/cjs/react-dom.development.js:4277:31)
    at reportUncaughtErrorInDEV (/home/angeli/Desktop/luxcity/proptii-r1.1a/node_modules/.pnpm/react-dom@18.3.1_react@18.3.1/node_modules/react-dom/cjs/react-dom.development.js:22877:5)
    at captureCommitPhaseError (/home/angeli/Desktop/luxcity/proptii-r1.1a/node_modules/.pnpm/react-dom@18.3.1_react@18.3.1/node_modules/react-dom/cjs/react-dom.development.js:27165:5) TypeError: bottomRef.current?.scrollIntoView is not a function
    at /home/angeli/Desktop/luxcity/proptii-r1.1a/src/components/messaging/MessageThread.tsx:87:28
    at /home/angeli/Desktop/luxcity/proptii-r1.1a/src/components/messaging/MessageThread.tsx:128:13
    at commitHookEffectListMount (/home/angeli/Desktop/luxcity/proptii-r1.1a/node_modules/.pnpm/react-dom@18.3.1_react@18.3.1/node_modules/react-dom/cjs/react-dom.development.js:23189:26)
    at commitPassiveMountOnFiber (/home/angeli/Desktop/luxcity/proptii-r1.1a/node_modules/.pnpm/react-dom@18.3.1_react@18.3.1/node_modules/react-dom/cjs/react-dom.development.js:24970:11)
    at commitPassiveMountEffects_complete (/home/angeli/Desktop/luxcity/proptii-r1.1a/node_modules/.pnpm/react-dom@18.3.1_react@18.3.1/node_modules/react-dom/cjs/react-dom.development.js:24930:9)
    at commitPassiveMountEffects_begin (/home/angeli/Desktop/luxcity/proptii-r1.1a/node_modules/.pnpm/react-dom@18.3.1_react@18.3.1/node_modules/react-dom/cjs/react-dom.development.js:24917:7)
    at commitPassiveMountEffects (/home/angeli/Desktop/luxcity/proptii-r1.1a/node_modules/.pnpm/react-dom@18.3.1_react@18.3.1/node_modules/react-dom/cjs/react-dom.development.js:24905:3)
    at flushPassiveEffectsImpl (/home/angeli/Desktop/luxcity/proptii-r1.1a/node_modules/.pnpm/react-dom@18.3.1_react@18.3.1/node_modules/react-dom/cjs/react-dom.development.js:27078:3)
    at flushPassiveEffects (/home/angeli/Desktop/luxcity/proptii-r1.1a/node_modules/.pnpm/react-dom@18.3.1_react@18.3.1/node_modules/react-dom/cjs/react-dom.development.js:27023:14)
    at /home/angeli/Desktop/luxcity/proptii-r1.1a/node_modules/.pnpm/react-dom@18.3.1_react@18.3.1/node_modules/react-dom/cjs/react-dom.development.js:26808:9
The above error occurred in the <MessageThread> component:

    at MessageThread (/home/angeli/Desktop/luxcity/proptii-r1.1a/src/components/messaging/MessageThread.tsx:46:26)

Consider adding an error boundary to your tree to customize error handling behavior.
Visit https://reactjs.org/link/error-boundaries to learn more about error boundaries.

stderr | src/components/messaging/__tests__/properties/MessageThread.property.test.tsx > Property 22: MessageThread renders messages in chronological order with correct alignment > renders messages in ascending sentAt order regardless of input order
Error: Uncaught [TypeError: bottomRef.current?.scrollIntoView is not a function]
    at reportException (/home/angeli/Desktop/luxcity/proptii-r1.1a/node_modules/.pnpm/jsdom@24.1.3/node_modules/jsdom/lib/jsdom/living/helpers/runtime-script-errors.js:66:24)
    at innerInvokeEventListeners (/home/angeli/Desktop/luxcity/proptii-r1.1a/node_modules/.pnpm/jsdom@24.1.3/node_modules/jsdom/lib/jsdom/living/events/EventTarget-impl.js:353:9)
    at invokeEventListeners (/home/angeli/Desktop/luxcity/proptii-r1.1a/node_modules/.pnpm/jsdom@24.1.3/node_modules/jsdom/lib/jsdom/living/events/EventTarget-impl.js:286:3)
    at HTMLUnknownElementImpl._dispatch (/home/angeli/Desktop/luxcity/proptii-r1.1a/node_modules/.pnpm/jsdom@24.1.3/node_modules/jsdom/lib/jsdom/living/events/EventTarget-impl.js:233:9)
    at HTMLUnknownElementImpl.dispatchEvent (/home/angeli/Desktop/luxcity/proptii-r1.1a/node_modules/.pnpm/jsdom@24.1.3/node_modules/jsdom/lib/jsdom/living/events/EventTarget-impl.js:104:17)
    at HTMLUnknownElement.dispatchEvent (/home/angeli/Desktop/luxcity/proptii-r1.1a/node_modules/.pnpm/jsdom@24.1.3/node_modules/jsdom/lib/jsdom/living/generated/EventTarget.js:241:34)
    at Object.invokeGuardedCallbackDev (/home/angeli/Desktop/luxcity/proptii-r1.1a/node_modules/.pnpm/react-dom@18.3.1_react@18.3.1/node_modules/react-dom/cjs/react-dom.development.js:4213:16)
    at invokeGuardedCallback (/home/angeli/Desktop/luxcity/proptii-r1.1a/node_modules/.pnpm/react-dom@18.3.1_react@18.3.1/node_modules/react-dom/cjs/react-dom.development.js:4277:31)
    at reportUncaughtErrorInDEV (/home/angeli/Desktop/luxcity/proptii-r1.1a/node_modules/.pnpm/react-dom@18.3.1_react@18.3.1/node_modules/react-dom/cjs/react-dom.development.js:22877:5)
    at captureCommitPhaseError (/home/angeli/Desktop/luxcity/proptii-r1.1a/node_modules/.pnpm/react-dom@18.3.1_react@18.3.1/node_modules/react-dom/cjs/react-dom.development.js:27165:5) TypeError: bottomRef.current?.scrollIntoView is not a function
    at /home/angeli/Desktop/luxcity/proptii-r1.1a/src/components/messaging/MessageThread.tsx:87:28
    at /home/angeli/Desktop/luxcity/proptii-r1.1a/src/components/messaging/MessageThread.tsx:128:13
    at commitHookEffectListMount (/home/angeli/Desktop/luxcity/proptii-r1.1a/node_modules/.pnpm/react-dom@18.3.1_react@18.3.1/node_modules/react-dom/cjs/react-dom.development.js:23189:26)
    at commitPassiveMountOnFiber (/home/angeli/Desktop/luxcity/proptii-r1.1a/node_modules/.pnpm/react-dom@18.3.1_react@18.3.1/node_modules/react-dom/cjs/react-dom.development.js:24970:11)
    at commitPassiveMountEffects_complete (/home/angeli/Desktop/luxcity/proptii-r1.1a/node_modules/.pnpm/react-dom@18.3.1_react@18.3.1/node_modules/react-dom/cjs/react-dom.development.js:24930:9)
    at commitPassiveMountEffects_begin (/home/angeli/Desktop/luxcity/proptii-r1.1a/node_modules/.pnpm/react-dom@18.3.1_react@18.3.1/node_modules/react-dom/cjs/react-dom.development.js:24917:7)
    at commitPassiveMountEffects (/home/angeli/Desktop/luxcity/proptii-r1.1a/node_modules/.pnpm/react-dom@18.3.1_react@18.3.1/node_modules/react-dom/cjs/react-dom.development.js:24905:3)
    at flushPassiveEffectsImpl (/home/angeli/Desktop/luxcity/proptii-r1.1a/node_modules/.pnpm/react-dom@18.3.1_react@18.3.1/node_modules/react-dom/cjs/react-dom.development.js:27078:3)
    at flushPassiveEffects (/home/angeli/Desktop/luxcity/proptii-r1.1a/node_modules/.pnpm/react-dom@18.3.1_react@18.3.1/node_modules/react-dom/cjs/react-dom.development.js:27023:14)
    at /home/angeli/Desktop/luxcity/proptii-r1.1a/node_modules/.pnpm/react-dom@18.3.1_react@18.3.1/node_modules/react-dom/cjs/react-dom.development.js:26808:9
The above error occurred in the <MessageThread> component:

    at MessageThread (/home/angeli/Desktop/luxcity/proptii-r1.1a/src/components/messaging/MessageThread.tsx:46:26)

Consider adding an error boundary to your tree to customize error handling behavior.
Visit https://reactjs.org/link/error-boundaries to learn more about error boundaries.

stderr | src/components/messaging/__tests__/properties/MessageThread.property.test.tsx > Property 22: MessageThread renders messages in chronological order with correct alignment > renders messages in ascending sentAt order regardless of input order
Error: Uncaught [TypeError: bottomRef.current?.scrollIntoView is not a function]
    at reportException (/home/angeli/Desktop/luxcity/proptii-r1.1a/node_modules/.pnpm/jsdom@24.1.3/node_modules/jsdom/lib/jsdom/living/helpers/runtime-script-errors.js:66:24)
    at innerInvokeEventListeners (/home/angeli/Desktop/luxcity/proptii-r1.1a/node_modules/.pnpm/jsdom@24.1.3/node_modules/jsdom/lib/jsdom/living/events/EventTarget-impl.js:353:9)
    at invokeEventListeners (/home/angeli/Desktop/luxcity/proptii-r1.1a/node_modules/.pnpm/jsdom@24.1.3/node_modules/jsdom/lib/jsdom/living/events/EventTarget-impl.js:286:3)
    at HTMLUnknownElementImpl._dispatch (/home/angeli/Desktop/luxcity/proptii-r1.1a/node_modules/.pnpm/jsdom@24.1.3/node_modules/jsdom/lib/jsdom/living/events/EventTarget-impl.js:233:9)
    at HTMLUnknownElementImpl.dispatchEvent (/home/angeli/Desktop/luxcity/proptii-r1.1a/node_modules/.pnpm/jsdom@24.1.3/node_modules/jsdom/lib/jsdom/living/events/EventTarget-impl.js:104:17)
    at HTMLUnknownElement.dispatchEvent (/home/angeli/Desktop/luxcity/proptii-r1.1a/node_modules/.pnpm/jsdom@24.1.3/node_modules/jsdom/lib/jsdom/living/generated/EventTarget.js:241:34)
    at Object.invokeGuardedCallbackDev (/home/angeli/Desktop/luxcity/proptii-r1.1a/node_modules/.pnpm/react-dom@18.3.1_react@18.3.1/node_modules/react-dom/cjs/react-dom.development.js:4213:16)
    at invokeGuardedCallback (/home/angeli/Desktop/luxcity/proptii-r1.1a/node_modules/.pnpm/react-dom@18.3.1_react@18.3.1/node_modules/react-dom/cjs/react-dom.development.js:4277:31)
    at reportUncaughtErrorInDEV (/home/angeli/Desktop/luxcity/proptii-r1.1a/node_modules/.pnpm/react-dom@18.3.1_react@18.3.1/node_modules/react-dom/cjs/react-dom.development.js:22877:5)
    at captureCommitPhaseError (/home/angeli/Desktop/luxcity/proptii-r1.1a/node_modules/.pnpm/react-dom@18.3.1_react@18.3.1/node_modules/react-dom/cjs/react-dom.development.js:27165:5) TypeError: bottomRef.current?.scrollIntoView is not a function
    at /home/angeli/Desktop/luxcity/proptii-r1.1a/src/components/messaging/MessageThread.tsx:87:28
    at /home/angeli/Desktop/luxcity/proptii-r1.1a/src/components/messaging/MessageThread.tsx:128:13
    at commitHookEffectListMount (/home/angeli/Desktop/luxcity/proptii-r1.1a/node_modules/.pnpm/react-dom@18.3.1_react@18.3.1/node_modules/react-dom/cjs/react-dom.development.js:23189:26)
    at commitPassiveMountOnFiber (/home/angeli/Desktop/luxcity/proptii-r1.1a/node_modules/.pnpm/react-dom@18.3.1_react@18.3.1/node_modules/react-dom/cjs/react-dom.development.js:24970:11)
    at commitPassiveMountEffects_complete (/home/angeli/Desktop/luxcity/proptii-r1.1a/node_modules/.pnpm/react-dom@18.3.1_react@18.3.1/node_modules/react-dom/cjs/react-dom.development.js:24930:9)
    at commitPassiveMountEffects_begin (/home/angeli/Desktop/luxcity/proptii-r1.1a/node_modules/.pnpm/react-dom@18.3.1_react@18.3.1/node_modules/react-dom/cjs/react-dom.development.js:24917:7)
    at commitPassiveMountEffects (/home/angeli/Desktop/luxcity/proptii-r1.1a/node_modules/.pnpm/react-dom@18.3.1_react@18.3.1/node_modules/react-dom/cjs/react-dom.development.js:24905:3)
    at flushPassiveEffectsImpl (/home/angeli/Desktop/luxcity/proptii-r1.1a/node_modules/.pnpm/react-dom@18.3.1_react@18.3.1/node_modules/react-dom/cjs/react-dom.development.js:27078:3)
    at flushPassiveEffects (/home/angeli/Desktop/luxcity/proptii-r1.1a/node_modules/.pnpm/react-dom@18.3.1_react@18.3.1/node_modules/react-dom/cjs/react-dom.development.js:27023:14)
    at /home/angeli/Desktop/luxcity/proptii-r1.1a/node_modules/.pnpm/react-dom@18.3.1_react@18.3.1/node_modules/react-dom/cjs/react-dom.development.js:26808:9
The above error occurred in the <MessageThread> component:

    at MessageThread (/home/angeli/Desktop/luxcity/proptii-r1.1a/src/components/messaging/MessageThread.tsx:46:26)

Consider adding an error boundary to your tree to customize error handling behavior.
Visit https://reactjs.org/link/error-boundaries to learn more about error boundaries.

stderr | src/components/messaging/__tests__/properties/MessageThread.property.test.tsx > Property 22: MessageThread renders messages in chronological order with correct alignment > renders messages in ascending sentAt order regardless of input order
Error: Uncaught [TypeError: bottomRef.current?.scrollIntoView is not a function]
    at reportException (/home/angeli/Desktop/luxcity/proptii-r1.1a/node_modules/.pnpm/jsdom@24.1.3/node_modules/jsdom/lib/jsdom/living/helpers/runtime-script-errors.js:66:24)
    at innerInvokeEventListeners (/home/angeli/Desktop/luxcity/proptii-r1.1a/node_modules/.pnpm/jsdom@24.1.3/node_modules/jsdom/lib/jsdom/living/events/EventTarget-impl.js:353:9)
    at invokeEventListeners (/home/angeli/Desktop/luxcity/proptii-r1.1a/node_modules/.pnpm/jsdom@24.1.3/node_modules/jsdom/lib/jsdom/living/events/EventTarget-impl.js:286:3)
    at HTMLUnknownElementImpl._dispatch (/home/angeli/Desktop/luxcity/proptii-r1.1a/node_modules/.pnpm/jsdom@24.1.3/node_modules/jsdom/lib/jsdom/living/events/EventTarget-impl.js:233:9)
    at HTMLUnknownElementImpl.dispatchEvent (/home/angeli/Desktop/luxcity/proptii-r1.1a/node_modules/.pnpm/jsdom@24.1.3/node_modules/jsdom/lib/jsdom/living/events/EventTarget-impl.js:104:17)
    at HTMLUnknownElement.dispatchEvent (/home/angeli/Desktop/luxcity/proptii-r1.1a/node_modules/.pnpm/jsdom@24.1.3/node_modules/jsdom/lib/jsdom/living/generated/EventTarget.js:241:34)
    at Object.invokeGuardedCallbackDev (/home/angeli/Desktop/luxcity/proptii-r1.1a/node_modules/.pnpm/react-dom@18.3.1_react@18.3.1/node_modules/react-dom/cjs/react-dom.development.js:4213:16)
    at invokeGuardedCallback (/home/angeli/Desktop/luxcity/proptii-r1.1a/node_modules/.pnpm/react-dom@18.3.1_react@18.3.1/node_modules/react-dom/cjs/react-dom.development.js:4277:31)
    at reportUncaughtErrorInDEV (/home/angeli/Desktop/luxcity/proptii-r1.1a/node_modules/.pnpm/react-dom@18.3.1_react@18.3.1/node_modules/react-dom/cjs/react-dom.development.js:22877:5)
    at captureCommitPhaseError (/home/angeli/Desktop/luxcity/proptii-r1.1a/node_modules/.pnpm/react-dom@18.3.1_react@18.3.1/node_modules/react-dom/cjs/react-dom.development.js:27165:5) TypeError: bottomRef.current?.scrollIntoView is not a function
    at /home/angeli/Desktop/luxcity/proptii-r1.1a/src/components/messaging/MessageThread.tsx:87:28
    at /home/angeli/Desktop/luxcity/proptii-r1.1a/src/components/messaging/MessageThread.tsx:128:13
    at commitHookEffectListMount (/home/angeli/Desktop/luxcity/proptii-r1.1a/node_modules/.pnpm/react-dom@18.3.1_react@18.3.1/node_modules/react-dom/cjs/react-dom.development.js:23189:26)
    at commitPassiveMountOnFiber (/home/angeli/Desktop/luxcity/proptii-r1.1a/node_modules/.pnpm/react-dom@18.3.1_react@18.3.1/node_modules/react-dom/cjs/react-dom.development.js:24970:11)
    at commitPassiveMountEffects_complete (/home/angeli/Desktop/luxcity/proptii-r1.1a/node_modules/.pnpm/react-dom@18.3.1_react@18.3.1/node_modules/react-dom/cjs/react-dom.development.js:24930:9)
    at commitPassiveMountEffects_begin (/home/angeli/Desktop/luxcity/proptii-r1.1a/node_modules/.pnpm/react-dom@18.3.1_react@18.3.1/node_modules/react-dom/cjs/react-dom.development.js:24917:7)
    at commitPassiveMountEffects (/home/angeli/Desktop/luxcity/proptii-r1.1a/node_modules/.pnpm/react-dom@18.3.1_react@18.3.1/node_modules/react-dom/cjs/react-dom.development.js:24905:3)
    at flushPassiveEffectsImpl (/home/angeli/Desktop/luxcity/proptii-r1.1a/node_modules/.pnpm/react-dom@18.3.1_react@18.3.1/node_modules/react-dom/cjs/react-dom.development.js:27078:3)
    at flushPassiveEffects (/home/angeli/Desktop/luxcity/proptii-r1.1a/node_modules/.pnpm/react-dom@18.3.1_react@18.3.1/node_modules/react-dom/cjs/react-dom.development.js:27023:14)
    at /home/angeli/Desktop/luxcity/proptii-r1.1a/node_modules/.pnpm/react-dom@18.3.1_react@18.3.1/node_modules/react-dom/cjs/react-dom.development.js:26808:9
The above error occurred in the <MessageThread> component:

    at MessageThread (/home/angeli/Desktop/luxcity/proptii-r1.1a/src/components/messaging/MessageThread.tsx:46:26)

Consider adding an error boundary to your tree to customize error handling behavior.
Visit https://reactjs.org/link/error-boundaries to learn more about error boundaries.

stderr | src/components/messaging/__tests__/properties/MessageThread.property.test.tsx > Property 22: MessageThread renders messages in chronological order with correct alignment > renders messages in ascending sentAt order regardless of input order
Error: Uncaught [TypeError: bottomRef.current?.scrollIntoView is not a function]
    at reportException (/home/angeli/Desktop/luxcity/proptii-r1.1a/node_modules/.pnpm/jsdom@24.1.3/node_modules/jsdom/lib/jsdom/living/helpers/runtime-script-errors.js:66:24)
    at innerInvokeEventListeners (/home/angeli/Desktop/luxcity/proptii-r1.1a/node_modules/.pnpm/jsdom@24.1.3/node_modules/jsdom/lib/jsdom/living/events/EventTarget-impl.js:353:9)
    at invokeEventListeners (/home/angeli/Desktop/luxcity/proptii-r1.1a/node_modules/.pnpm/jsdom@24.1.3/node_modules/jsdom/lib/jsdom/living/events/EventTarget-impl.js:286:3)
    at HTMLUnknownElementImpl._dispatch (/home/angeli/Desktop/luxcity/proptii-r1.1a/node_modules/.pnpm/jsdom@24.1.3/node_modules/jsdom/lib/jsdom/living/events/EventTarget-impl.js:233:9)
    at HTMLUnknownElementImpl.dispatchEvent (/home/angeli/Desktop/luxcity/proptii-r1.1a/node_modules/.pnpm/jsdom@24.1.3/node_modules/jsdom/lib/jsdom/living/events/EventTarget-impl.js:104:17)
    at HTMLUnknownElement.dispatchEvent (/home/angeli/Desktop/luxcity/proptii-r1.1a/node_modules/.pnpm/jsdom@24.1.3/node_modules/jsdom/lib/jsdom/living/generated/EventTarget.js:241:34)
    at Object.invokeGuardedCallbackDev (/home/angeli/Desktop/luxcity/proptii-r1.1a/node_modules/.pnpm/react-dom@18.3.1_react@18.3.1/node_modules/react-dom/cjs/react-dom.development.js:4213:16)
    at invokeGuardedCallback (/home/angeli/Desktop/luxcity/proptii-r1.1a/node_modules/.pnpm/react-dom@18.3.1_react@18.3.1/node_modules/react-dom/cjs/react-dom.development.js:4277:31)
    at reportUncaughtErrorInDEV (/home/angeli/Desktop/luxcity/proptii-r1.1a/node_modules/.pnpm/react-dom@18.3.1_react@18.3.1/node_modules/react-dom/cjs/react-dom.development.js:22877:5)
    at captureCommitPhaseError (/home/angeli/Desktop/luxcity/proptii-r1.1a/node_modules/.pnpm/react-dom@18.3.1_react@18.3.1/node_modules/react-dom/cjs/react-dom.development.js:27165:5) TypeError: bottomRef.current?.scrollIntoView is not a function
    at /home/angeli/Desktop/luxcity/proptii-r1.1a/src/components/messaging/MessageThread.tsx:87:28
    at /home/angeli/Desktop/luxcity/proptii-r1.1a/src/components/messaging/MessageThread.tsx:128:13
    at commitHookEffectListMount (/home/angeli/Desktop/luxcity/proptii-r1.1a/node_modules/.pnpm/react-dom@18.3.1_react@18.3.1/node_modules/react-dom/cjs/react-dom.development.js:23189:26)
    at commitPassiveMountOnFiber (/home/angeli/Desktop/luxcity/proptii-r1.1a/node_modules/.pnpm/react-dom@18.3.1_react@18.3.1/node_modules/react-dom/cjs/react-dom.development.js:24970:11)
    at commitPassiveMountEffects_complete (/home/angeli/Desktop/luxcity/proptii-r1.1a/node_modules/.pnpm/react-dom@18.3.1_react@18.3.1/node_modules/react-dom/cjs/react-dom.development.js:24930:9)
    at commitPassiveMountEffects_begin (/home/angeli/Desktop/luxcity/proptii-r1.1a/node_modules/.pnpm/react-dom@18.3.1_react@18.3.1/node_modules/react-dom/cjs/react-dom.development.js:24917:7)
    at commitPassiveMountEffects (/home/angeli/Desktop/luxcity/proptii-r1.1a/node_modules/.pnpm/react-dom@18.3.1_react@18.3.1/node_modules/react-dom/cjs/react-dom.development.js:24905:3)
    at flushPassiveEffectsImpl (/home/angeli/Desktop/luxcity/proptii-r1.1a/node_modules/.pnpm/react-dom@18.3.1_react@18.3.1/node_modules/react-dom/cjs/react-dom.development.js:27078:3)
    at flushPassiveEffects (/home/angeli/Desktop/luxcity/proptii-r1.1a/node_modules/.pnpm/react-dom@18.3.1_react@18.3.1/node_modules/react-dom/cjs/react-dom.development.js:27023:14)
    at /home/angeli/Desktop/luxcity/proptii-r1.1a/node_modules/.pnpm/react-dom@18.3.1_react@18.3.1/node_modules/react-dom/cjs/react-dom.development.js:26808:9
The above error occurred in the <MessageThread> component:

    at MessageThread (/home/angeli/Desktop/luxcity/proptii-r1.1a/src/components/messaging/MessageThread.tsx:46:26)

Consider adding an error boundary to your tree to customize error handling behavior.
Visit https://reactjs.org/link/error-boundaries to learn more about error boundaries.

stderr | src/components/messaging/__tests__/properties/MessageThread.property.test.tsx > Property 22: MessageThread renders messages in chronological order with correct alignment > renders messages in ascending sentAt order regardless of input order
Error: Uncaught [TypeError: bottomRef.current?.scrollIntoView is not a function]
    at reportException (/home/angeli/Desktop/luxcity/proptii-r1.1a/node_modules/.pnpm/jsdom@24.1.3/node_modules/jsdom/lib/jsdom/living/helpers/runtime-script-errors.js:66:24)
    at innerInvokeEventListeners (/home/angeli/Desktop/luxcity/proptii-r1.1a/node_modules/.pnpm/jsdom@24.1.3/node_modules/jsdom/lib/jsdom/living/events/EventTarget-impl.js:353:9)
    at invokeEventListeners (/home/angeli/Desktop/luxcity/proptii-r1.1a/node_modules/.pnpm/jsdom@24.1.3/node_modules/jsdom/lib/jsdom/living/events/EventTarget-impl.js:286:3)
    at HTMLUnknownElementImpl._dispatch (/home/angeli/Desktop/luxcity/proptii-r1.1a/node_modules/.pnpm/jsdom@24.1.3/node_modules/jsdom/lib/jsdom/living/events/EventTarget-impl.js:233:9)
    at HTMLUnknownElementImpl.dispatchEvent (/home/angeli/Desktop/luxcity/proptii-r1.1a/node_modules/.pnpm/jsdom@24.1.3/node_modules/jsdom/lib/jsdom/living/events/EventTarget-impl.js:104:17)
    at HTMLUnknownElement.dispatchEvent (/home/angeli/Desktop/luxcity/proptii-r1.1a/node_modules/.pnpm/jsdom@24.1.3/node_modules/jsdom/lib/jsdom/living/generated/EventTarget.js:241:34)
    at Object.invokeGuardedCallbackDev (/home/angeli/Desktop/luxcity/proptii-r1.1a/node_modules/.pnpm/react-dom@18.3.1_react@18.3.1/node_modules/react-dom/cjs/react-dom.development.js:4213:16)
    at invokeGuardedCallback (/home/angeli/Desktop/luxcity/proptii-r1.1a/node_modules/.pnpm/react-dom@18.3.1_react@18.3.1/node_modules/react-dom/cjs/react-dom.development.js:4277:31)
    at reportUncaughtErrorInDEV (/home/angeli/Desktop/luxcity/proptii-r1.1a/node_modules/.pnpm/react-dom@18.3.1_react@18.3.1/node_modules/react-dom/cjs/react-dom.development.js:22877:5)
    at captureCommitPhaseError (/home/angeli/Desktop/luxcity/proptii-r1.1a/node_modules/.pnpm/react-dom@18.3.1_react@18.3.1/node_modules/react-dom/cjs/react-dom.development.js:27165:5) TypeError: bottomRef.current?.scrollIntoView is not a function
    at /home/angeli/Desktop/luxcity/proptii-r1.1a/src/components/messaging/MessageThread.tsx:87:28
    at /home/angeli/Desktop/luxcity/proptii-r1.1a/src/components/messaging/MessageThread.tsx:128:13
    at commitHookEffectListMount (/home/angeli/Desktop/luxcity/proptii-r1.1a/node_modules/.pnpm/react-dom@18.3.1_react@18.3.1/node_modules/react-dom/cjs/react-dom.development.js:23189:26)
    at commitPassiveMountOnFiber (/home/angeli/Desktop/luxcity/proptii-r1.1a/node_modules/.pnpm/react-dom@18.3.1_react@18.3.1/node_modules/react-dom/cjs/react-dom.development.js:24970:11)
    at commitPassiveMountEffects_complete (/home/angeli/Desktop/luxcity/proptii-r1.1a/node_modules/.pnpm/react-dom@18.3.1_react@18.3.1/node_modules/react-dom/cjs/react-dom.development.js:24930:9)
    at commitPassiveMountEffects_begin (/home/angeli/Desktop/luxcity/proptii-r1.1a/node_modules/.pnpm/react-dom@18.3.1_react@18.3.1/node_modules/react-dom/cjs/react-dom.development.js:24917:7)
    at commitPassiveMountEffects (/home/angeli/Desktop/luxcity/proptii-r1.1a/node_modules/.pnpm/react-dom@18.3.1_react@18.3.1/node_modules/react-dom/cjs/react-dom.development.js:24905:3)
    at flushPassiveEffectsImpl (/home/angeli/Desktop/luxcity/proptii-r1.1a/node_modules/.pnpm/react-dom@18.3.1_react@18.3.1/node_modules/react-dom/cjs/react-dom.development.js:27078:3)
    at flushPassiveEffects (/home/angeli/Desktop/luxcity/proptii-r1.1a/node_modules/.pnpm/react-dom@18.3.1_react@18.3.1/node_modules/react-dom/cjs/react-dom.development.js:27023:14)
    at /home/angeli/Desktop/luxcity/proptii-r1.1a/node_modules/.pnpm/react-dom@18.3.1_react@18.3.1/node_modules/react-dom/cjs/react-dom.development.js:26808:9
The above error occurred in the <MessageThread> component:

    at MessageThread (/home/angeli/Desktop/luxcity/proptii-r1.1a/src/components/messaging/MessageThread.tsx:46:26)

Consider adding an error boundary to your tree to customize error handling behavior.
Visit https://reactjs.org/link/error-boundaries to learn more about error boundaries.

stderr | src/components/messaging/__tests__/properties/MessageThread.property.test.tsx > Property 22: MessageThread renders messages in chronological order with correct alignment > renders messages in ascending sentAt order regardless of input order
Error: Uncaught [TypeError: bottomRef.current?.scrollIntoView is not a function]
    at reportException (/home/angeli/Desktop/luxcity/proptii-r1.1a/node_modules/.pnpm/jsdom@24.1.3/node_modules/jsdom/lib/jsdom/living/helpers/runtime-script-errors.js:66:24)
    at innerInvokeEventListeners (/home/angeli/Desktop/luxcity/proptii-r1.1a/node_modules/.pnpm/jsdom@24.1.3/node_modules/jsdom/lib/jsdom/living/events/EventTarget-impl.js:353:9)
    at invokeEventListeners (/home/angeli/Desktop/luxcity/proptii-r1.1a/node_modules/.pnpm/jsdom@24.1.3/node_modules/jsdom/lib/jsdom/living/events/EventTarget-impl.js:286:3)
    at HTMLUnknownElementImpl._dispatch (/home/angeli/Desktop/luxcity/proptii-r1.1a/node_modules/.pnpm/jsdom@24.1.3/node_modules/jsdom/lib/jsdom/living/events/EventTarget-impl.js:233:9)
    at HTMLUnknownElementImpl.dispatchEvent (/home/angeli/Desktop/luxcity/proptii-r1.1a/node_modules/.pnpm/jsdom@24.1.3/node_modules/jsdom/lib/jsdom/living/events/EventTarget-impl.js:104:17)
    at HTMLUnknownElement.dispatchEvent (/home/angeli/Desktop/luxcity/proptii-r1.1a/node_modules/.pnpm/jsdom@24.1.3/node_modules/jsdom/lib/jsdom/living/generated/EventTarget.js:241:34)
    at Object.invokeGuardedCallbackDev (/home/angeli/Desktop/luxcity/proptii-r1.1a/node_modules/.pnpm/react-dom@18.3.1_react@18.3.1/node_modules/react-dom/cjs/react-dom.development.js:4213:16)
    at invokeGuardedCallback (/home/angeli/Desktop/luxcity/proptii-r1.1a/node_modules/.pnpm/react-dom@18.3.1_react@18.3.1/node_modules/react-dom/cjs/react-dom.development.js:4277:31)
    at reportUncaughtErrorInDEV (/home/angeli/Desktop/luxcity/proptii-r1.1a/node_modules/.pnpm/react-dom@18.3.1_react@18.3.1/node_modules/react-dom/cjs/react-dom.development.js:22877:5)
    at captureCommitPhaseError (/home/angeli/Desktop/luxcity/proptii-r1.1a/node_modules/.pnpm/react-dom@18.3.1_react@18.3.1/node_modules/react-dom/cjs/react-dom.development.js:27165:5) TypeError: bottomRef.current?.scrollIntoView is not a function
    at /home/angeli/Desktop/luxcity/proptii-r1.1a/src/components/messaging/MessageThread.tsx:87:28
    at /home/angeli/Desktop/luxcity/proptii-r1.1a/src/components/messaging/MessageThread.tsx:128:13
    at commitHookEffectListMount (/home/angeli/Desktop/luxcity/proptii-r1.1a/node_modules/.pnpm/react-dom@18.3.1_react@18.3.1/node_modules/react-dom/cjs/react-dom.development.js:23189:26)
    at commitPassiveMountOnFiber (/home/angeli/Desktop/luxcity/proptii-r1.1a/node_modules/.pnpm/react-dom@18.3.1_react@18.3.1/node_modules/react-dom/cjs/react-dom.development.js:24970:11)
    at commitPassiveMountEffects_complete (/home/angeli/Desktop/luxcity/proptii-r1.1a/node_modules/.pnpm/react-dom@18.3.1_react@18.3.1/node_modules/react-dom/cjs/react-dom.development.js:24930:9)
    at commitPassiveMountEffects_begin (/home/angeli/Desktop/luxcity/proptii-r1.1a/node_modules/.pnpm/react-dom@18.3.1_react@18.3.1/node_modules/react-dom/cjs/react-dom.development.js:24917:7)
    at commitPassiveMountEffects (/home/angeli/Desktop/luxcity/proptii-r1.1a/node_modules/.pnpm/react-dom@18.3.1_react@18.3.1/node_modules/react-dom/cjs/react-dom.development.js:24905:3)
    at flushPassiveEffectsImpl (/home/angeli/Desktop/luxcity/proptii-r1.1a/node_modules/.pnpm/react-dom@18.3.1_react@18.3.1/node_modules/react-dom/cjs/react-dom.development.js:27078:3)
    at flushPassiveEffects (/home/angeli/Desktop/luxcity/proptii-r1.1a/node_modules/.pnpm/react-dom@18.3.1_react@18.3.1/node_modules/react-dom/cjs/react-dom.development.js:27023:14)
    at /home/angeli/Desktop/luxcity/proptii-r1.1a/node_modules/.pnpm/react-dom@18.3.1_react@18.3.1/node_modules/react-dom/cjs/react-dom.development.js:26808:9
The above error occurred in the <MessageThread> component:

    at MessageThread (/home/angeli/Desktop/luxcity/proptii-r1.1a/src/components/messaging/MessageThread.tsx:46:26)

Consider adding an error boundary to your tree to customize error handling behavior.
Visit https://reactjs.org/link/error-boundaries to learn more about error boundaries.

stderr | src/components/messaging/__tests__/properties/MessageThread.property.test.tsx > Property 22: MessageThread renders messages in chronological order with correct alignment > renders messages in ascending sentAt order regardless of input order
Error: Uncaught [TypeError: bottomRef.current?.scrollIntoView is not a function]
    at reportException (/home/angeli/Desktop/luxcity/proptii-r1.1a/node_modules/.pnpm/jsdom@24.1.3/node_modules/jsdom/lib/jsdom/living/helpers/runtime-script-errors.js:66:24)
    at innerInvokeEventListeners (/home/angeli/Desktop/luxcity/proptii-r1.1a/node_modules/.pnpm/jsdom@24.1.3/node_modules/jsdom/lib/jsdom/living/events/EventTarget-impl.js:353:9)
    at invokeEventListeners (/home/angeli/Desktop/luxcity/proptii-r1.1a/node_modules/.pnpm/jsdom@24.1.3/node_modules/jsdom/lib/jsdom/living/events/EventTarget-impl.js:286:3)
    at HTMLUnknownElementImpl._dispatch (/home/angeli/Desktop/luxcity/proptii-r1.1a/node_modules/.pnpm/jsdom@24.1.3/node_modules/jsdom/lib/jsdom/living/events/EventTarget-impl.js:233:9)
    at HTMLUnknownElementImpl.dispatchEvent (/home/angeli/Desktop/luxcity/proptii-r1.1a/node_modules/.pnpm/jsdom@24.1.3/node_modules/jsdom/lib/jsdom/living/events/EventTarget-impl.js:104:17)
    at HTMLUnknownElement.dispatchEvent (/home/angeli/Desktop/luxcity/proptii-r1.1a/node_modules/.pnpm/jsdom@24.1.3/node_modules/jsdom/lib/jsdom/living/generated/EventTarget.js:241:34)
    at Object.invokeGuardedCallbackDev (/home/angeli/Desktop/luxcity/proptii-r1.1a/node_modules/.pnpm/react-dom@18.3.1_react@18.3.1/node_modules/react-dom/cjs/react-dom.development.js:4213:16)
    at invokeGuardedCallback (/home/angeli/Desktop/luxcity/proptii-r1.1a/node_modules/.pnpm/react-dom@18.3.1_react@18.3.1/node_modules/react-dom/cjs/react-dom.development.js:4277:31)
    at reportUncaughtErrorInDEV (/home/angeli/Desktop/luxcity/proptii-r1.1a/node_modules/.pnpm/react-dom@18.3.1_react@18.3.1/node_modules/react-dom/cjs/react-dom.development.js:22877:5)
    at captureCommitPhaseError (/home/angeli/Desktop/luxcity/proptii-r1.1a/node_modules/.pnpm/react-dom@18.3.1_react@18.3.1/node_modules/react-dom/cjs/react-dom.development.js:27165:5) TypeError: bottomRef.current?.scrollIntoView is not a function
    at /home/angeli/Desktop/luxcity/proptii-r1.1a/src/components/messaging/MessageThread.tsx:87:28
    at /home/angeli/Desktop/luxcity/proptii-r1.1a/src/components/messaging/MessageThread.tsx:128:13
    at commitHookEffectListMount (/home/angeli/Desktop/luxcity/proptii-r1.1a/node_modules/.pnpm/react-dom@18.3.1_react@18.3.1/node_modules/react-dom/cjs/react-dom.development.js:23189:26)
    at commitPassiveMountOnFiber (/home/angeli/Desktop/luxcity/proptii-r1.1a/node_modules/.pnpm/react-dom@18.3.1_react@18.3.1/node_modules/react-dom/cjs/react-dom.development.js:24970:11)
    at commitPassiveMountEffects_complete (/home/angeli/Desktop/luxcity/proptii-r1.1a/node_modules/.pnpm/react-dom@18.3.1_react@18.3.1/node_modules/react-dom/cjs/react-dom.development.js:24930:9)
    at commitPassiveMountEffects_begin (/home/angeli/Desktop/luxcity/proptii-r1.1a/node_modules/.pnpm/react-dom@18.3.1_react@18.3.1/node_modules/react-dom/cjs/react-dom.development.js:24917:7)
    at commitPassiveMountEffects (/home/angeli/Desktop/luxcity/proptii-r1.1a/node_modules/.pnpm/react-dom@18.3.1_react@18.3.1/node_modules/react-dom/cjs/react-dom.development.js:24905:3)
    at flushPassiveEffectsImpl (/home/angeli/Desktop/luxcity/proptii-r1.1a/node_modules/.pnpm/react-dom@18.3.1_react@18.3.1/node_modules/react-dom/cjs/react-dom.development.js:27078:3)
    at flushPassiveEffects (/home/angeli/Desktop/luxcity/proptii-r1.1a/node_modules/.pnpm/react-dom@18.3.1_react@18.3.1/node_modules/react-dom/cjs/react-dom.development.js:27023:14)
    at /home/angeli/Desktop/luxcity/proptii-r1.1a/node_modules/.pnpm/react-dom@18.3.1_react@18.3.1/node_modules/react-dom/cjs/react-dom.development.js:26808:9
The above error occurred in the <MessageThread> component:

    at MessageThread (/home/angeli/Desktop/luxcity/proptii-r1.1a/src/components/messaging/MessageThread.tsx:46:26)

Consider adding an error boundary to your tree to customize error handling behavior.
Visit https://reactjs.org/link/error-boundaries to learn more about error boundaries.

stderr | src/components/messaging/__tests__/properties/MessageThread.property.test.tsx > Property 22: MessageThread renders messages in chronological order with correct alignment > renders messages in ascending sentAt order regardless of input order
Error: Uncaught [TypeError: bottomRef.current?.scrollIntoView is not a function]
    at reportException (/home/angeli/Desktop/luxcity/proptii-r1.1a/node_modules/.pnpm/jsdom@24.1.3/node_modules/jsdom/lib/jsdom/living/helpers/runtime-script-errors.js:66:24)
    at innerInvokeEventListeners (/home/angeli/Desktop/luxcity/proptii-r1.1a/node_modules/.pnpm/jsdom@24.1.3/node_modules/jsdom/lib/jsdom/living/events/EventTarget-impl.js:353:9)
    at invokeEventListeners (/home/angeli/Desktop/luxcity/proptii-r1.1a/node_modules/.pnpm/jsdom@24.1.3/node_modules/jsdom/lib/jsdom/living/events/EventTarget-impl.js:286:3)
    at HTMLUnknownElementImpl._dispatch (/home/angeli/Desktop/luxcity/proptii-r1.1a/node_modules/.pnpm/jsdom@24.1.3/node_modules/jsdom/lib/jsdom/living/events/EventTarget-impl.js:233:9)
    at HTMLUnknownElementImpl.dispatchEvent (/home/angeli/Desktop/luxcity/proptii-r1.1a/node_modules/.pnpm/jsdom@24.1.3/node_modules/jsdom/lib/jsdom/living/events/EventTarget-impl.js:104:17)
    at HTMLUnknownElement.dispatchEvent (/home/angeli/Desktop/luxcity/proptii-r1.1a/node_modules/.pnpm/jsdom@24.1.3/node_modules/jsdom/lib/jsdom/living/generated/EventTarget.js:241:34)
    at Object.invokeGuardedCallbackDev (/home/angeli/Desktop/luxcity/proptii-r1.1a/node_modules/.pnpm/react-dom@18.3.1_react@18.3.1/node_modules/react-dom/cjs/react-dom.development.js:4213:16)
    at invokeGuardedCallback (/home/angeli/Desktop/luxcity/proptii-r1.1a/node_modules/.pnpm/react-dom@18.3.1_react@18.3.1/node_modules/react-dom/cjs/react-dom.development.js:4277:31)
    at reportUncaughtErrorInDEV (/home/angeli/Desktop/luxcity/proptii-r1.1a/node_modules/.pnpm/react-dom@18.3.1_react@18.3.1/node_modules/react-dom/cjs/react-dom.development.js:22877:5)
    at captureCommitPhaseError (/home/angeli/Desktop/luxcity/proptii-r1.1a/node_modules/.pnpm/react-dom@18.3.1_react@18.3.1/node_modules/react-dom/cjs/react-dom.development.js:27165:5) TypeError: bottomRef.current?.scrollIntoView is not a function
    at /home/angeli/Desktop/luxcity/proptii-r1.1a/src/components/messaging/MessageThread.tsx:87:28
    at /home/angeli/Desktop/luxcity/proptii-r1.1a/src/components/messaging/MessageThread.tsx:128:13
    at commitHookEffectListMount (/home/angeli/Desktop/luxcity/proptii-r1.1a/node_modules/.pnpm/react-dom@18.3.1_react@18.3.1/node_modules/react-dom/cjs/react-dom.development.js:23189:26)
    at commitPassiveMountOnFiber (/home/angeli/Desktop/luxcity/proptii-r1.1a/node_modules/.pnpm/react-dom@18.3.1_react@18.3.1/node_modules/react-dom/cjs/react-dom.development.js:24970:11)
    at commitPassiveMountEffects_complete (/home/angeli/Desktop/luxcity/proptii-r1.1a/node_modules/.pnpm/react-dom@18.3.1_react@18.3.1/node_modules/react-dom/cjs/react-dom.development.js:24930:9)
    at commitPassiveMountEffects_begin (/home/angeli/Desktop/luxcity/proptii-r1.1a/node_modules/.pnpm/react-dom@18.3.1_react@18.3.1/node_modules/react-dom/cjs/react-dom.development.js:24917:7)
    at commitPassiveMountEffects (/home/angeli/Desktop/luxcity/proptii-r1.1a/node_modules/.pnpm/react-dom@18.3.1_react@18.3.1/node_modules/react-dom/cjs/react-dom.development.js:24905:3)
    at flushPassiveEffectsImpl (/home/angeli/Desktop/luxcity/proptii-r1.1a/node_modules/.pnpm/react-dom@18.3.1_react@18.3.1/node_modules/react-dom/cjs/react-dom.development.js:27078:3)
    at flushPassiveEffects (/home/angeli/Desktop/luxcity/proptii-r1.1a/node_modules/.pnpm/react-dom@18.3.1_react@18.3.1/node_modules/react-dom/cjs/react-dom.development.js:27023:14)
    at /home/angeli/Desktop/luxcity/proptii-r1.1a/node_modules/.pnpm/react-dom@18.3.1_react@18.3.1/node_modules/react-dom/cjs/react-dom.development.js:26808:9
The above error occurred in the <MessageThread> component:

    at MessageThread (/home/angeli/Desktop/luxcity/proptii-r1.1a/src/components/messaging/MessageThread.tsx:46:26)

Consider adding an error boundary to your tree to customize error handling behavior.
Visit https://reactjs.org/link/error-boundaries to learn more about error boundaries.

stderr | src/components/messaging/__tests__/properties/MessageThread.property.test.tsx > Property 22: MessageThread renders messages in chronological order with correct alignment > renders messages in ascending sentAt order regardless of input order
Error: Uncaught [TypeError: bottomRef.current?.scrollIntoView is not a function]
    at reportException (/home/angeli/Desktop/luxcity/proptii-r1.1a/node_modules/.pnpm/jsdom@24.1.3/node_modules/jsdom/lib/jsdom/living/helpers/runtime-script-errors.js:66:24)
    at innerInvokeEventListeners (/home/angeli/Desktop/luxcity/proptii-r1.1a/node_modules/.pnpm/jsdom@24.1.3/node_modules/jsdom/lib/jsdom/living/events/EventTarget-impl.js:353:9)
    at invokeEventListeners (/home/angeli/Desktop/luxcity/proptii-r1.1a/node_modules/.pnpm/jsdom@24.1.3/node_modules/jsdom/lib/jsdom/living/events/EventTarget-impl.js:286:3)
    at HTMLUnknownElementImpl._dispatch (/home/angeli/Desktop/luxcity/proptii-r1.1a/node_modules/.pnpm/jsdom@24.1.3/node_modules/jsdom/lib/jsdom/living/events/EventTarget-impl.js:233:9)
    at HTMLUnknownElementImpl.dispatchEvent (/home/angeli/Desktop/luxcity/proptii-r1.1a/node_modules/.pnpm/jsdom@24.1.3/node_modules/jsdom/lib/jsdom/living/events/EventTarget-impl.js:104:17)
    at HTMLUnknownElement.dispatchEvent (/home/angeli/Desktop/luxcity/proptii-r1.1a/node_modules/.pnpm/jsdom@24.1.3/node_modules/jsdom/lib/jsdom/living/generated/EventTarget.js:241:34)
    at Object.invokeGuardedCallbackDev (/home/angeli/Desktop/luxcity/proptii-r1.1a/node_modules/.pnpm/react-dom@18.3.1_react@18.3.1/node_modules/react-dom/cjs/react-dom.development.js:4213:16)
    at invokeGuardedCallback (/home/angeli/Desktop/luxcity/proptii-r1.1a/node_modules/.pnpm/react-dom@18.3.1_react@18.3.1/node_modules/react-dom/cjs/react-dom.development.js:4277:31)
    at reportUncaughtErrorInDEV (/home/angeli/Desktop/luxcity/proptii-r1.1a/node_modules/.pnpm/react-dom@18.3.1_react@18.3.1/node_modules/react-dom/cjs/react-dom.development.js:22877:5)
    at captureCommitPhaseError (/home/angeli/Desktop/luxcity/proptii-r1.1a/node_modules/.pnpm/react-dom@18.3.1_react@18.3.1/node_modules/react-dom/cjs/react-dom.development.js:27165:5) TypeError: bottomRef.current?.scrollIntoView is not a function
    at /home/angeli/Desktop/luxcity/proptii-r1.1a/src/components/messaging/MessageThread.tsx:87:28
    at /home/angeli/Desktop/luxcity/proptii-r1.1a/src/components/messaging/MessageThread.tsx:128:13
    at commitHookEffectListMount (/home/angeli/Desktop/luxcity/proptii-r1.1a/node_modules/.pnpm/react-dom@18.3.1_react@18.3.1/node_modules/react-dom/cjs/react-dom.development.js:23189:26)
    at commitPassiveMountOnFiber (/home/angeli/Desktop/luxcity/proptii-r1.1a/node_modules/.pnpm/react-dom@18.3.1_react@18.3.1/node_modules/react-dom/cjs/react-dom.development.js:24970:11)
    at commitPassiveMountEffects_complete (/home/angeli/Desktop/luxcity/proptii-r1.1a/node_modules/.pnpm/react-dom@18.3.1_react@18.3.1/node_modules/react-dom/cjs/react-dom.development.js:24930:9)
    at commitPassiveMountEffects_begin (/home/angeli/Desktop/luxcity/proptii-r1.1a/node_modules/.pnpm/react-dom@18.3.1_react@18.3.1/node_modules/react-dom/cjs/react-dom.development.js:24917:7)
    at commitPassiveMountEffects (/home/angeli/Desktop/luxcity/proptii-r1.1a/node_modules/.pnpm/react-dom@18.3.1_react@18.3.1/node_modules/react-dom/cjs/react-dom.development.js:24905:3)
    at flushPassiveEffectsImpl (/home/angeli/Desktop/luxcity/proptii-r1.1a/node_modules/.pnpm/react-dom@18.3.1_react@18.3.1/node_modules/react-dom/cjs/react-dom.development.js:27078:3)
    at flushPassiveEffects (/home/angeli/Desktop/luxcity/proptii-r1.1a/node_modules/.pnpm/react-dom@18.3.1_react@18.3.1/node_modules/react-dom/cjs/react-dom.development.js:27023:14)
    at /home/angeli/Desktop/luxcity/proptii-r1.1a/node_modules/.pnpm/react-dom@18.3.1_react@18.3.1/node_modules/react-dom/cjs/react-dom.development.js:26808:9
The above error occurred in the <MessageThread> component:

    at MessageThread (/home/angeli/Desktop/luxcity/proptii-r1.1a/src/components/messaging/MessageThread.tsx:46:26)

Consider adding an error boundary to your tree to customize error handling behavior.
Visit https://reactjs.org/link/error-boundaries to learn more about error boundaries.

stderr | src/components/messaging/__tests__/properties/MessageThread.property.test.tsx > Property 22: MessageThread renders messages in chronological order with correct alignment > renders messages in ascending sentAt order regardless of input order
Error: Uncaught [TypeError: bottomRef.current?.scrollIntoView is not a function]
    at reportException (/home/angeli/Desktop/luxcity/proptii-r1.1a/node_modules/.pnpm/jsdom@24.1.3/node_modules/jsdom/lib/jsdom/living/helpers/runtime-script-errors.js:66:24)
    at innerInvokeEventListeners (/home/angeli/Desktop/luxcity/proptii-r1.1a/node_modules/.pnpm/jsdom@24.1.3/node_modules/jsdom/lib/jsdom/living/events/EventTarget-impl.js:353:9)
    at invokeEventListeners (/home/angeli/Desktop/luxcity/proptii-r1.1a/node_modules/.pnpm/jsdom@24.1.3/node_modules/jsdom/lib/jsdom/living/events/EventTarget-impl.js:286:3)
    at HTMLUnknownElementImpl._dispatch (/home/angeli/Desktop/luxcity/proptii-r1.1a/node_modules/.pnpm/jsdom@24.1.3/node_modules/jsdom/lib/jsdom/living/events/EventTarget-impl.js:233:9)
    at HTMLUnknownElementImpl.dispatchEvent (/home/angeli/Desktop/luxcity/proptii-r1.1a/node_modules/.pnpm/jsdom@24.1.3/node_modules/jsdom/lib/jsdom/living/events/EventTarget-impl.js:104:17)
    at HTMLUnknownElement.dispatchEvent (/home/angeli/Desktop/luxcity/proptii-r1.1a/node_modules/.pnpm/jsdom@24.1.3/node_modules/jsdom/lib/jsdom/living/generated/EventTarget.js:241:34)
    at Object.invokeGuardedCallbackDev (/home/angeli/Desktop/luxcity/proptii-r1.1a/node_modules/.pnpm/react-dom@18.3.1_react@18.3.1/node_modules/react-dom/cjs/react-dom.development.js:4213:16)
    at invokeGuardedCallback (/home/angeli/Desktop/luxcity/proptii-r1.1a/node_modules/.pnpm/react-dom@18.3.1_react@18.3.1/node_modules/react-dom/cjs/react-dom.development.js:4277:31)
    at reportUncaughtErrorInDEV (/home/angeli/Desktop/luxcity/proptii-r1.1a/node_modules/.pnpm/react-dom@18.3.1_react@18.3.1/node_modules/react-dom/cjs/react-dom.development.js:22877:5)
    at captureCommitPhaseError (/home/angeli/Desktop/luxcity/proptii-r1.1a/node_modules/.pnpm/react-dom@18.3.1_react@18.3.1/node_modules/react-dom/cjs/react-dom.development.js:27165:5) TypeError: bottomRef.current?.scrollIntoView is not a function
    at /home/angeli/Desktop/luxcity/proptii-r1.1a/src/components/messaging/MessageThread.tsx:87:28
    at /home/angeli/Desktop/luxcity/proptii-r1.1a/src/components/messaging/MessageThread.tsx:128:13
    at commitHookEffectListMount (/home/angeli/Desktop/luxcity/proptii-r1.1a/node_modules/.pnpm/react-dom@18.3.1_react@18.3.1/node_modules/react-dom/cjs/react-dom.development.js:23189:26)
    at commitPassiveMountOnFiber (/home/angeli/Desktop/luxcity/proptii-r1.1a/node_modules/.pnpm/react-dom@18.3.1_react@18.3.1/node_modules/react-dom/cjs/react-dom.development.js:24970:11)
    at commitPassiveMountEffects_complete (/home/angeli/Desktop/luxcity/proptii-r1.1a/node_modules/.pnpm/react-dom@18.3.1_react@18.3.1/node_modules/react-dom/cjs/react-dom.development.js:24930:9)
    at commitPassiveMountEffects_begin (/home/angeli/Desktop/luxcity/proptii-r1.1a/node_modules/.pnpm/react-dom@18.3.1_react@18.3.1/node_modules/react-dom/cjs/react-dom.development.js:24917:7)
    at commitPassiveMountEffects (/home/angeli/Desktop/luxcity/proptii-r1.1a/node_modules/.pnpm/react-dom@18.3.1_react@18.3.1/node_modules/react-dom/cjs/react-dom.development.js:24905:3)
    at flushPassiveEffectsImpl (/home/angeli/Desktop/luxcity/proptii-r1.1a/node_modules/.pnpm/react-dom@18.3.1_react@18.3.1/node_modules/react-dom/cjs/react-dom.development.js:27078:3)
    at flushPassiveEffects (/home/angeli/Desktop/luxcity/proptii-r1.1a/node_modules/.pnpm/react-dom@18.3.1_react@18.3.1/node_modules/react-dom/cjs/react-dom.development.js:27023:14)
    at /home/angeli/Desktop/luxcity/proptii-r1.1a/node_modules/.pnpm/react-dom@18.3.1_react@18.3.1/node_modules/react-dom/cjs/react-dom.development.js:26808:9
The above error occurred in the <MessageThread> component:

    at MessageThread (/home/angeli/Desktop/luxcity/proptii-r1.1a/src/components/messaging/MessageThread.tsx:46:26)

Consider adding an error boundary to your tree to customize error handling behavior.
Visit https://reactjs.org/link/error-boundaries to learn more about error boundaries.

stderr | src/components/messaging/__tests__/properties/MessageThread.property.test.tsx > Property 22: MessageThread renders messages in chronological order with correct alignment > renders messages in ascending sentAt order regardless of input order
Error: Uncaught [TypeError: bottomRef.current?.scrollIntoView is not a function]
    at reportException (/home/angeli/Desktop/luxcity/proptii-r1.1a/node_modules/.pnpm/jsdom@24.1.3/node_modules/jsdom/lib/jsdom/living/helpers/runtime-script-errors.js:66:24)
    at innerInvokeEventListeners (/home/angeli/Desktop/luxcity/proptii-r1.1a/node_modules/.pnpm/jsdom@24.1.3/node_modules/jsdom/lib/jsdom/living/events/EventTarget-impl.js:353:9)
    at invokeEventListeners (/home/angeli/Desktop/luxcity/proptii-r1.1a/node_modules/.pnpm/jsdom@24.1.3/node_modules/jsdom/lib/jsdom/living/events/EventTarget-impl.js:286:3)
    at HTMLUnknownElementImpl._dispatch (/home/angeli/Desktop/luxcity/proptii-r1.1a/node_modules/.pnpm/jsdom@24.1.3/node_modules/jsdom/lib/jsdom/living/events/EventTarget-impl.js:233:9)
    at HTMLUnknownElementImpl.dispatchEvent (/home/angeli/Desktop/luxcity/proptii-r1.1a/node_modules/.pnpm/jsdom@24.1.3/node_modules/jsdom/lib/jsdom/living/events/EventTarget-impl.js:104:17)
    at HTMLUnknownElement.dispatchEvent (/home/angeli/Desktop/luxcity/proptii-r1.1a/node_modules/.pnpm/jsdom@24.1.3/node_modules/jsdom/lib/jsdom/living/generated/EventTarget.js:241:34)
    at Object.invokeGuardedCallbackDev (/home/angeli/Desktop/luxcity/proptii-r1.1a/node_modules/.pnpm/react-dom@18.3.1_react@18.3.1/node_modules/react-dom/cjs/react-dom.development.js:4213:16)
    at invokeGuardedCallback (/home/angeli/Desktop/luxcity/proptii-r1.1a/node_modules/.pnpm/react-dom@18.3.1_react@18.3.1/node_modules/react-dom/cjs/react-dom.development.js:4277:31)
    at reportUncaughtErrorInDEV (/home/angeli/Desktop/luxcity/proptii-r1.1a/node_modules/.pnpm/react-dom@18.3.1_react@18.3.1/node_modules/react-dom/cjs/react-dom.development.js:22877:5)
    at captureCommitPhaseError (/home/angeli/Desktop/luxcity/proptii-r1.1a/node_modules/.pnpm/react-dom@18.3.1_react@18.3.1/node_modules/react-dom/cjs/react-dom.development.js:27165:5) TypeError: bottomRef.current?.scrollIntoView is not a function
    at /home/angeli/Desktop/luxcity/proptii-r1.1a/src/components/messaging/MessageThread.tsx:87:28
    at /home/angeli/Desktop/luxcity/proptii-r1.1a/src/components/messaging/MessageThread.tsx:128:13
    at commitHookEffectListMount (/home/angeli/Desktop/luxcity/proptii-r1.1a/node_modules/.pnpm/react-dom@18.3.1_react@18.3.1/node_modules/react-dom/cjs/react-dom.development.js:23189:26)
    at commitPassiveMountOnFiber (/home/angeli/Desktop/luxcity/proptii-r1.1a/node_modules/.pnpm/react-dom@18.3.1_react@18.3.1/node_modules/react-dom/cjs/react-dom.development.js:24970:11)
    at commitPassiveMountEffects_complete (/home/angeli/Desktop/luxcity/proptii-r1.1a/node_modules/.pnpm/react-dom@18.3.1_react@18.3.1/node_modules/react-dom/cjs/react-dom.development.js:24930:9)
    at commitPassiveMountEffects_begin (/home/angeli/Desktop/luxcity/proptii-r1.1a/node_modules/.pnpm/react-dom@18.3.1_react@18.3.1/node_modules/react-dom/cjs/react-dom.development.js:24917:7)
    at commitPassiveMountEffects (/home/angeli/Desktop/luxcity/proptii-r1.1a/node_modules/.pnpm/react-dom@18.3.1_react@18.3.1/node_modules/react-dom/cjs/react-dom.development.js:24905:3)
    at flushPassiveEffectsImpl (/home/angeli/Desktop/luxcity/proptii-r1.1a/node_modules/.pnpm/react-dom@18.3.1_react@18.3.1/node_modules/react-dom/cjs/react-dom.development.js:27078:3)
    at flushPassiveEffects (/home/angeli/Desktop/luxcity/proptii-r1.1a/node_modules/.pnpm/react-dom@18.3.1_react@18.3.1/node_modules/react-dom/cjs/react-dom.development.js:27023:14)
    at /home/angeli/Desktop/luxcity/proptii-r1.1a/node_modules/.pnpm/react-dom@18.3.1_react@18.3.1/node_modules/react-dom/cjs/react-dom.development.js:26808:9
The above error occurred in the <MessageThread> component:

    at MessageThread (/home/angeli/Desktop/luxcity/proptii-r1.1a/src/components/messaging/MessageThread.tsx:46:26)

Consider adding an error boundary to your tree to customize error handling behavior.
Visit https://reactjs.org/link/error-boundaries to learn more about error boundaries.

stderr | src/components/messaging/__tests__/properties/MessageThread.property.test.tsx > Property 22: MessageThread renders messages in chronological order with correct alignment > applies correct alignment based on senderId === currentUserId
Error: Uncaught [TypeError: bottomRef.current?.scrollIntoView is not a function]
    at reportException (/home/angeli/Desktop/luxcity/proptii-r1.1a/node_modules/.pnpm/jsdom@24.1.3/node_modules/jsdom/lib/jsdom/living/helpers/runtime-script-errors.js:66:24)
    at innerInvokeEventListeners (/home/angeli/Desktop/luxcity/proptii-r1.1a/node_modules/.pnpm/jsdom@24.1.3/node_modules/jsdom/lib/jsdom/living/events/EventTarget-impl.js:353:9)
    at invokeEventListeners (/home/angeli/Desktop/luxcity/proptii-r1.1a/node_modules/.pnpm/jsdom@24.1.3/node_modules/jsdom/lib/jsdom/living/events/EventTarget-impl.js:286:3)
    at HTMLUnknownElementImpl._dispatch (/home/angeli/Desktop/luxcity/proptii-r1.1a/node_modules/.pnpm/jsdom@24.1.3/node_modules/jsdom/lib/jsdom/living/events/EventTarget-impl.js:233:9)
    at HTMLUnknownElementImpl.dispatchEvent (/home/angeli/Desktop/luxcity/proptii-r1.1a/node_modules/.pnpm/jsdom@24.1.3/node_modules/jsdom/lib/jsdom/living/events/EventTarget-impl.js:104:17)
    at HTMLUnknownElement.dispatchEvent (/home/angeli/Desktop/luxcity/proptii-r1.1a/node_modules/.pnpm/jsdom@24.1.3/node_modules/jsdom/lib/jsdom/living/generated/EventTarget.js:241:34)
    at Object.invokeGuardedCallbackDev (/home/angeli/Desktop/luxcity/proptii-r1.1a/node_modules/.pnpm/react-dom@18.3.1_react@18.3.1/node_modules/react-dom/cjs/react-dom.development.js:4213:16)
    at invokeGuardedCallback (/home/angeli/Desktop/luxcity/proptii-r1.1a/node_modules/.pnpm/react-dom@18.3.1_react@18.3.1/node_modules/react-dom/cjs/react-dom.development.js:4277:31)
    at reportUncaughtErrorInDEV (/home/angeli/Desktop/luxcity/proptii-r1.1a/node_modules/.pnpm/react-dom@18.3.1_react@18.3.1/node_modules/react-dom/cjs/react-dom.development.js:22877:5)
    at captureCommitPhaseError (/home/angeli/Desktop/luxcity/proptii-r1.1a/node_modules/.pnpm/react-dom@18.3.1_react@18.3.1/node_modules/react-dom/cjs/react-dom.development.js:27165:5) TypeError: bottomRef.current?.scrollIntoView is not a function
    at /home/angeli/Desktop/luxcity/proptii-r1.1a/src/components/messaging/MessageThread.tsx:87:28
    at /home/angeli/Desktop/luxcity/proptii-r1.1a/src/components/messaging/MessageThread.tsx:128:13
    at commitHookEffectListMount (/home/angeli/Desktop/luxcity/proptii-r1.1a/node_modules/.pnpm/react-dom@18.3.1_react@18.3.1/node_modules/react-dom/cjs/react-dom.development.js:23189:26)
    at commitPassiveMountOnFiber (/home/angeli/Desktop/luxcity/proptii-r1.1a/node_modules/.pnpm/react-dom@18.3.1_react@18.3.1/node_modules/react-dom/cjs/react-dom.development.js:24970:11)
    at commitPassiveMountEffects_complete (/home/angeli/Desktop/luxcity/proptii-r1.1a/node_modules/.pnpm/react-dom@18.3.1_react@18.3.1/node_modules/react-dom/cjs/react-dom.development.js:24930:9)
    at commitPassiveMountEffects_begin (/home/angeli/Desktop/luxcity/proptii-r1.1a/node_modules/.pnpm/react-dom@18.3.1_react@18.3.1/node_modules/react-dom/cjs/react-dom.development.js:24917:7)
    at commitPassiveMountEffects (/home/angeli/Desktop/luxcity/proptii-r1.1a/node_modules/.pnpm/react-dom@18.3.1_react@18.3.1/node_modules/react-dom/cjs/react-dom.development.js:24905:3)
    at flushPassiveEffectsImpl (/home/angeli/Desktop/luxcity/proptii-r1.1a/node_modules/.pnpm/react-dom@18.3.1_react@18.3.1/node_modules/react-dom/cjs/react-dom.development.js:27078:3)
    at flushPassiveEffects (/home/angeli/Desktop/luxcity/proptii-r1.1a/node_modules/.pnpm/react-dom@18.3.1_react@18.3.1/node_modules/react-dom/cjs/react-dom.development.js:27023:14)
    at /home/angeli/Desktop/luxcity/proptii-r1.1a/node_modules/.pnpm/react-dom@18.3.1_react@18.3.1/node_modules/react-dom/cjs/react-dom.development.js:26808:9
The above error occurred in the <MessageThread> component:

    at MessageThread (/home/angeli/Desktop/luxcity/proptii-r1.1a/src/components/messaging/MessageThread.tsx:46:26)

Consider adding an error boundary to your tree to customize error handling behavior.
Visit https://reactjs.org/link/error-boundaries to learn more about error boundaries.

stderr | src/components/messaging/__tests__/properties/MessageThread.property.test.tsx > Property 22: MessageThread renders messages in chronological order with correct alignment > applies correct alignment based on senderId === currentUserId
Error: Uncaught [TypeError: bottomRef.current?.scrollIntoView is not a function]
    at reportException (/home/angeli/Desktop/luxcity/proptii-r1.1a/node_modules/.pnpm/jsdom@24.1.3/node_modules/jsdom/lib/jsdom/living/helpers/runtime-script-errors.js:66:24)
    at innerInvokeEventListeners (/home/angeli/Desktop/luxcity/proptii-r1.1a/node_modules/.pnpm/jsdom@24.1.3/node_modules/jsdom/lib/jsdom/living/events/EventTarget-impl.js:353:9)
    at invokeEventListeners (/home/angeli/Desktop/luxcity/proptii-r1.1a/node_modules/.pnpm/jsdom@24.1.3/node_modules/jsdom/lib/jsdom/living/events/EventTarget-impl.js:286:3)
    at HTMLUnknownElementImpl._dispatch (/home/angeli/Desktop/luxcity/proptii-r1.1a/node_modules/.pnpm/jsdom@24.1.3/node_modules/jsdom/lib/jsdom/living/events/EventTarget-impl.js:233:9)
    at HTMLUnknownElementImpl.dispatchEvent (/home/angeli/Desktop/luxcity/proptii-r1.1a/node_modules/.pnpm/jsdom@24.1.3/node_modules/jsdom/lib/jsdom/living/events/EventTarget-impl.js:104:17)
    at HTMLUnknownElement.dispatchEvent (/home/angeli/Desktop/luxcity/proptii-r1.1a/node_modules/.pnpm/jsdom@24.1.3/node_modules/jsdom/lib/jsdom/living/generated/EventTarget.js:241:34)
    at Object.invokeGuardedCallbackDev (/home/angeli/Desktop/luxcity/proptii-r1.1a/node_modules/.pnpm/react-dom@18.3.1_react@18.3.1/node_modules/react-dom/cjs/react-dom.development.js:4213:16)
    at invokeGuardedCallback (/home/angeli/Desktop/luxcity/proptii-r1.1a/node_modules/.pnpm/react-dom@18.3.1_react@18.3.1/node_modules/react-dom/cjs/react-dom.development.js:4277:31)
    at reportUncaughtErrorInDEV (/home/angeli/Desktop/luxcity/proptii-r1.1a/node_modules/.pnpm/react-dom@18.3.1_react@18.3.1/node_modules/react-dom/cjs/react-dom.development.js:22877:5)
    at captureCommitPhaseError (/home/angeli/Desktop/luxcity/proptii-r1.1a/node_modules/.pnpm/react-dom@18.3.1_react@18.3.1/node_modules/react-dom/cjs/react-dom.development.js:27165:5) TypeError: bottomRef.current?.scrollIntoView is not a function
    at /home/angeli/Desktop/luxcity/proptii-r1.1a/src/components/messaging/MessageThread.tsx:87:28
    at /home/angeli/Desktop/luxcity/proptii-r1.1a/src/components/messaging/MessageThread.tsx:128:13
    at commitHookEffectListMount (/home/angeli/Desktop/luxcity/proptii-r1.1a/node_modules/.pnpm/react-dom@18.3.1_react@18.3.1/node_modules/react-dom/cjs/react-dom.development.js:23189:26)
    at commitPassiveMountOnFiber (/home/angeli/Desktop/luxcity/proptii-r1.1a/node_modules/.pnpm/react-dom@18.3.1_react@18.3.1/node_modules/react-dom/cjs/react-dom.development.js:24970:11)
    at commitPassiveMountEffects_complete (/home/angeli/Desktop/luxcity/proptii-r1.1a/node_modules/.pnpm/react-dom@18.3.1_react@18.3.1/node_modules/react-dom/cjs/react-dom.development.js:24930:9)
    at commitPassiveMountEffects_begin (/home/angeli/Desktop/luxcity/proptii-r1.1a/node_modules/.pnpm/react-dom@18.3.1_react@18.3.1/node_modules/react-dom/cjs/react-dom.development.js:24917:7)
    at commitPassiveMountEffects (/home/angeli/Desktop/luxcity/proptii-r1.1a/node_modules/.pnpm/react-dom@18.3.1_react@18.3.1/node_modules/react-dom/cjs/react-dom.development.js:24905:3)
    at flushPassiveEffectsImpl (/home/angeli/Desktop/luxcity/proptii-r1.1a/node_modules/.pnpm/react-dom@18.3.1_react@18.3.1/node_modules/react-dom/cjs/react-dom.development.js:27078:3)
    at flushPassiveEffects (/home/angeli/Desktop/luxcity/proptii-r1.1a/node_modules/.pnpm/react-dom@18.3.1_react@18.3.1/node_modules/react-dom/cjs/react-dom.development.js:27023:14)
    at /home/angeli/Desktop/luxcity/proptii-r1.1a/node_modules/.pnpm/react-dom@18.3.1_react@18.3.1/node_modules/react-dom/cjs/react-dom.development.js:26808:9
The above error occurred in the <MessageThread> component:

    at MessageThread (/home/angeli/Desktop/luxcity/proptii-r1.1a/src/components/messaging/MessageThread.tsx:46:26)

Consider adding an error boundary to your tree to customize error handling behavior.
Visit https://reactjs.org/link/error-boundaries to learn more about error boundaries.

stderr | src/components/messaging/__tests__/properties/MessageThread.property.test.tsx > Property 22: MessageThread renders messages in chronological order with correct alignment > applies correct alignment based on senderId === currentUserId
Error: Uncaught [TypeError: bottomRef.current?.scrollIntoView is not a function]
    at reportException (/home/angeli/Desktop/luxcity/proptii-r1.1a/node_modules/.pnpm/jsdom@24.1.3/node_modules/jsdom/lib/jsdom/living/helpers/runtime-script-errors.js:66:24)
    at innerInvokeEventListeners (/home/angeli/Desktop/luxcity/proptii-r1.1a/node_modules/.pnpm/jsdom@24.1.3/node_modules/jsdom/lib/jsdom/living/events/EventTarget-impl.js:353:9)
    at invokeEventListeners (/home/angeli/Desktop/luxcity/proptii-r1.1a/node_modules/.pnpm/jsdom@24.1.3/node_modules/jsdom/lib/jsdom/living/events/EventTarget-impl.js:286:3)
    at HTMLUnknownElementImpl._dispatch (/home/angeli/Desktop/luxcity/proptii-r1.1a/node_modules/.pnpm/jsdom@24.1.3/node_modules/jsdom/lib/jsdom/living/events/EventTarget-impl.js:233:9)
    at HTMLUnknownElementImpl.dispatchEvent (/home/angeli/Desktop/luxcity/proptii-r1.1a/node_modules/.pnpm/jsdom@24.1.3/node_modules/jsdom/lib/jsdom/living/events/EventTarget-impl.js:104:17)
    at HTMLUnknownElement.dispatchEvent (/home/angeli/Desktop/luxcity/proptii-r1.1a/node_modules/.pnpm/jsdom@24.1.3/node_modules/jsdom/lib/jsdom/living/generated/EventTarget.js:241:34)
    at Object.invokeGuardedCallbackDev (/home/angeli/Desktop/luxcity/proptii-r1.1a/node_modules/.pnpm/react-dom@18.3.1_react@18.3.1/node_modules/react-dom/cjs/react-dom.development.js:4213:16)
    at invokeGuardedCallback (/home/angeli/Desktop/luxcity/proptii-r1.1a/node_modules/.pnpm/react-dom@18.3.1_react@18.3.1/node_modules/react-dom/cjs/react-dom.development.js:4277:31)
    at reportUncaughtErrorInDEV (/home/angeli/Desktop/luxcity/proptii-r1.1a/node_modules/.pnpm/react-dom@18.3.1_react@18.3.1/node_modules/react-dom/cjs/react-dom.development.js:22877:5)
    at captureCommitPhaseError (/home/angeli/Desktop/luxcity/proptii-r1.1a/node_modules/.pnpm/react-dom@18.3.1_react@18.3.1/node_modules/react-dom/cjs/react-dom.development.js:27165:5) TypeError: bottomRef.current?.scrollIntoView is not a function
    at /home/angeli/Desktop/luxcity/proptii-r1.1a/src/components/messaging/MessageThread.tsx:87:28
    at /home/angeli/Desktop/luxcity/proptii-r1.1a/src/components/messaging/MessageThread.tsx:128:13
    at commitHookEffectListMount (/home/angeli/Desktop/luxcity/proptii-r1.1a/node_modules/.pnpm/react-dom@18.3.1_react@18.3.1/node_modules/react-dom/cjs/react-dom.development.js:23189:26)
    at commitPassiveMountOnFiber (/home/angeli/Desktop/luxcity/proptii-r1.1a/node_modules/.pnpm/react-dom@18.3.1_react@18.3.1/node_modules/react-dom/cjs/react-dom.development.js:24970:11)
    at commitPassiveMountEffects_complete (/home/angeli/Desktop/luxcity/proptii-r1.1a/node_modules/.pnpm/react-dom@18.3.1_react@18.3.1/node_modules/react-dom/cjs/react-dom.development.js:24930:9)
    at commitPassiveMountEffects_begin (/home/angeli/Desktop/luxcity/proptii-r1.1a/node_modules/.pnpm/react-dom@18.3.1_react@18.3.1/node_modules/react-dom/cjs/react-dom.development.js:24917:7)
    at commitPassiveMountEffects (/home/angeli/Desktop/luxcity/proptii-r1.1a/node_modules/.pnpm/react-dom@18.3.1_react@18.3.1/node_modules/react-dom/cjs/react-dom.development.js:24905:3)
    at flushPassiveEffectsImpl (/home/angeli/Desktop/luxcity/proptii-r1.1a/node_modules/.pnpm/react-dom@18.3.1_react@18.3.1/node_modules/react-dom/cjs/react-dom.development.js:27078:3)
    at flushPassiveEffects (/home/angeli/Desktop/luxcity/proptii-r1.1a/node_modules/.pnpm/react-dom@18.3.1_react@18.3.1/node_modules/react-dom/cjs/react-dom.development.js:27023:14)
    at /home/angeli/Desktop/luxcity/proptii-r1.1a/node_modules/.pnpm/react-dom@18.3.1_react@18.3.1/node_modules/react-dom/cjs/react-dom.development.js:26808:9
The above error occurred in the <MessageThread> component:

    at MessageThread (/home/angeli/Desktop/luxcity/proptii-r1.1a/src/components/messaging/MessageThread.tsx:46:26)

Consider adding an error boundary to your tree to customize error handling behavior.
Visit https://reactjs.org/link/error-boundaries to learn more about error boundaries.

stderr | src/components/messaging/__tests__/properties/MessageThread.property.test.tsx > Property 22: MessageThread renders messages in chronological order with correct alignment > applies correct alignment based on senderId === currentUserId
Error: Uncaught [TypeError: bottomRef.current?.scrollIntoView is not a function]
    at reportException (/home/angeli/Desktop/luxcity/proptii-r1.1a/node_modules/.pnpm/jsdom@24.1.3/node_modules/jsdom/lib/jsdom/living/helpers/runtime-script-errors.js:66:24)
    at innerInvokeEventListeners (/home/angeli/Desktop/luxcity/proptii-r1.1a/node_modules/.pnpm/jsdom@24.1.3/node_modules/jsdom/lib/jsdom/living/events/EventTarget-impl.js:353:9)
    at invokeEventListeners (/home/angeli/Desktop/luxcity/proptii-r1.1a/node_modules/.pnpm/jsdom@24.1.3/node_modules/jsdom/lib/jsdom/living/events/EventTarget-impl.js:286:3)
    at HTMLUnknownElementImpl._dispatch (/home/angeli/Desktop/luxcity/proptii-r1.1a/node_modules/.pnpm/jsdom@24.1.3/node_modules/jsdom/lib/jsdom/living/events/EventTarget-impl.js:233:9)
    at HTMLUnknownElementImpl.dispatchEvent (/home/angeli/Desktop/luxcity/proptii-r1.1a/node_modules/.pnpm/jsdom@24.1.3/node_modules/jsdom/lib/jsdom/living/events/EventTarget-impl.js:104:17)
    at HTMLUnknownElement.dispatchEvent (/home/angeli/Desktop/luxcity/proptii-r1.1a/node_modules/.pnpm/jsdom@24.1.3/node_modules/jsdom/lib/jsdom/living/generated/EventTarget.js:241:34)
    at Object.invokeGuardedCallbackDev (/home/angeli/Desktop/luxcity/proptii-r1.1a/node_modules/.pnpm/react-dom@18.3.1_react@18.3.1/node_modules/react-dom/cjs/react-dom.development.js:4213:16)
    at invokeGuardedCallback (/home/angeli/Desktop/luxcity/proptii-r1.1a/node_modules/.pnpm/react-dom@18.3.1_react@18.3.1/node_modules/react-dom/cjs/react-dom.development.js:4277:31)
    at reportUncaughtErrorInDEV (/home/angeli/Desktop/luxcity/proptii-r1.1a/node_modules/.pnpm/react-dom@18.3.1_react@18.3.1/node_modules/react-dom/cjs/react-dom.development.js:22877:5)
    at captureCommitPhaseError (/home/angeli/Desktop/luxcity/proptii-r1.1a/node_modules/.pnpm/react-dom@18.3.1_react@18.3.1/node_modules/react-dom/cjs/react-dom.development.js:27165:5) TypeError: bottomRef.current?.scrollIntoView is not a function
    at /home/angeli/Desktop/luxcity/proptii-r1.1a/src/components/messaging/MessageThread.tsx:87:28
    at /home/angeli/Desktop/luxcity/proptii-r1.1a/src/components/messaging/MessageThread.tsx:128:13
    at commitHookEffectListMount (/home/angeli/Desktop/luxcity/proptii-r1.1a/node_modules/.pnpm/react-dom@18.3.1_react@18.3.1/node_modules/react-dom/cjs/react-dom.development.js:23189:26)
    at commitPassiveMountOnFiber (/home/angeli/Desktop/luxcity/proptii-r1.1a/node_modules/.pnpm/react-dom@18.3.1_react@18.3.1/node_modules/react-dom/cjs/react-dom.development.js:24970:11)
    at commitPassiveMountEffects_complete (/home/angeli/Desktop/luxcity/proptii-r1.1a/node_modules/.pnpm/react-dom@18.3.1_react@18.3.1/node_modules/react-dom/cjs/react-dom.development.js:24930:9)
    at commitPassiveMountEffects_begin (/home/angeli/Desktop/luxcity/proptii-r1.1a/node_modules/.pnpm/react-dom@18.3.1_react@18.3.1/node_modules/react-dom/cjs/react-dom.development.js:24917:7)
    at commitPassiveMountEffects (/home/angeli/Desktop/luxcity/proptii-r1.1a/node_modules/.pnpm/react-dom@18.3.1_react@18.3.1/node_modules/react-dom/cjs/react-dom.development.js:24905:3)
    at flushPassiveEffectsImpl (/home/angeli/Desktop/luxcity/proptii-r1.1a/node_modules/.pnpm/react-dom@18.3.1_react@18.3.1/node_modules/react-dom/cjs/react-dom.development.js:27078:3)
    at flushPassiveEffects (/home/angeli/Desktop/luxcity/proptii-r1.1a/node_modules/.pnpm/react-dom@18.3.1_react@18.3.1/node_modules/react-dom/cjs/react-dom.development.js:27023:14)
    at /home/angeli/Desktop/luxcity/proptii-r1.1a/node_modules/.pnpm/react-dom@18.3.1_react@18.3.1/node_modules/react-dom/cjs/react-dom.development.js:26808:9
The above error occurred in the <MessageThread> component:

    at MessageThread (/home/angeli/Desktop/luxcity/proptii-r1.1a/src/components/messaging/MessageThread.tsx:46:26)

Consider adding an error boundary to your tree to customize error handling behavior.
Visit https://reactjs.org/link/error-boundaries to learn more about error boundaries.

stderr | src/components/messaging/__tests__/properties/MessageThread.property.test.tsx > Property 22: MessageThread renders messages in chronological order with correct alignment > applies correct alignment based on senderId === currentUserId
Error: Uncaught [TypeError: bottomRef.current?.scrollIntoView is not a function]
    at reportException (/home/angeli/Desktop/luxcity/proptii-r1.1a/node_modules/.pnpm/jsdom@24.1.3/node_modules/jsdom/lib/jsdom/living/helpers/runtime-script-errors.js:66:24)
    at innerInvokeEventListeners (/home/angeli/Desktop/luxcity/proptii-r1.1a/node_modules/.pnpm/jsdom@24.1.3/node_modules/jsdom/lib/jsdom/living/events/EventTarget-impl.js:353:9)
    at invokeEventListeners (/home/angeli/Desktop/luxcity/proptii-r1.1a/node_modules/.pnpm/jsdom@24.1.3/node_modules/jsdom/lib/jsdom/living/events/EventTarget-impl.js:286:3)
    at HTMLUnknownElementImpl._dispatch (/home/angeli/Desktop/luxcity/proptii-r1.1a/node_modules/.pnpm/jsdom@24.1.3/node_modules/jsdom/lib/jsdom/living/events/EventTarget-impl.js:233:9)
    at HTMLUnknownElementImpl.dispatchEvent (/home/angeli/Desktop/luxcity/proptii-r1.1a/node_modules/.pnpm/jsdom@24.1.3/node_modules/jsdom/lib/jsdom/living/events/EventTarget-impl.js:104:17)
    at HTMLUnknownElement.dispatchEvent (/home/angeli/Desktop/luxcity/proptii-r1.1a/node_modules/.pnpm/jsdom@24.1.3/node_modules/jsdom/lib/jsdom/living/generated/EventTarget.js:241:34)
    at Object.invokeGuardedCallbackDev (/home/angeli/Desktop/luxcity/proptii-r1.1a/node_modules/.pnpm/react-dom@18.3.1_react@18.3.1/node_modules/react-dom/cjs/react-dom.development.js:4213:16)
    at invokeGuardedCallback (/home/angeli/Desktop/luxcity/proptii-r1.1a/node_modules/.pnpm/react-dom@18.3.1_react@18.3.1/node_modules/react-dom/cjs/react-dom.development.js:4277:31)
    at reportUncaughtErrorInDEV (/home/angeli/Desktop/luxcity/proptii-r1.1a/node_modules/.pnpm/react-dom@18.3.1_react@18.3.1/node_modules/react-dom/cjs/react-dom.development.js:22877:5)
    at captureCommitPhaseError (/home/angeli/Desktop/luxcity/proptii-r1.1a/node_modules/.pnpm/react-dom@18.3.1_react@18.3.1/node_modules/react-dom/cjs/react-dom.development.js:27165:5) TypeError: bottomRef.current?.scrollIntoView is not a function
    at /home/angeli/Desktop/luxcity/proptii-r1.1a/src/components/messaging/MessageThread.tsx:87:28
    at /home/angeli/Desktop/luxcity/proptii-r1.1a/src/components/messaging/MessageThread.tsx:128:13
    at commitHookEffectListMount (/home/angeli/Desktop/luxcity/proptii-r1.1a/node_modules/.pnpm/react-dom@18.3.1_react@18.3.1/node_modules/react-dom/cjs/react-dom.development.js:23189:26)
    at commitPassiveMountOnFiber (/home/angeli/Desktop/luxcity/proptii-r1.1a/node_modules/.pnpm/react-dom@18.3.1_react@18.3.1/node_modules/react-dom/cjs/react-dom.development.js:24970:11)
    at commitPassiveMountEffects_complete (/home/angeli/Desktop/luxcity/proptii-r1.1a/node_modules/.pnpm/react-dom@18.3.1_react@18.3.1/node_modules/react-dom/cjs/react-dom.development.js:24930:9)
    at commitPassiveMountEffects_begin (/home/angeli/Desktop/luxcity/proptii-r1.1a/node_modules/.pnpm/react-dom@18.3.1_react@18.3.1/node_modules/react-dom/cjs/react-dom.development.js:24917:7)
    at commitPassiveMountEffects (/home/angeli/Desktop/luxcity/proptii-r1.1a/node_modules/.pnpm/react-dom@18.3.1_react@18.3.1/node_modules/react-dom/cjs/react-dom.development.js:24905:3)
    at flushPassiveEffectsImpl (/home/angeli/Desktop/luxcity/proptii-r1.1a/node_modules/.pnpm/react-dom@18.3.1_react@18.3.1/node_modules/react-dom/cjs/react-dom.development.js:27078:3)
    at flushPassiveEffects (/home/angeli/Desktop/luxcity/proptii-r1.1a/node_modules/.pnpm/react-dom@18.3.1_react@18.3.1/node_modules/react-dom/cjs/react-dom.development.js:27023:14)
    at /home/angeli/Desktop/luxcity/proptii-r1.1a/node_modules/.pnpm/react-dom@18.3.1_react@18.3.1/node_modules/react-dom/cjs/react-dom.development.js:26808:9
The above error occurred in the <MessageThread> component:

    at MessageThread (/home/angeli/Desktop/luxcity/proptii-r1.1a/src/components/messaging/MessageThread.tsx:46:26)

Consider adding an error boundary to your tree to customize error handling behavior.
Visit https://reactjs.org/link/error-boundaries to learn more about error boundaries.

stderr | src/components/messaging/__tests__/properties/MessageThread.property.test.tsx > Property 22: MessageThread renders messages in chronological order with correct alignment > maintains chronological order and correct alignment simultaneously
Error: Uncaught [TypeError: bottomRef.current?.scrollIntoView is not a function]
    at reportException (/home/angeli/Desktop/luxcity/proptii-r1.1a/node_modules/.pnpm/jsdom@24.1.3/node_modules/jsdom/lib/jsdom/living/helpers/runtime-script-errors.js:66:24)
    at innerInvokeEventListeners (/home/angeli/Desktop/luxcity/proptii-r1.1a/node_modules/.pnpm/jsdom@24.1.3/node_modules/jsdom/lib/jsdom/living/events/EventTarget-impl.js:353:9)
    at invokeEventListeners (/home/angeli/Desktop/luxcity/proptii-r1.1a/node_modules/.pnpm/jsdom@24.1.3/node_modules/jsdom/lib/jsdom/living/events/EventTarget-impl.js:286:3)
    at HTMLUnknownElementImpl._dispatch (/home/angeli/Desktop/luxcity/proptii-r1.1a/node_modules/.pnpm/jsdom@24.1.3/node_modules/jsdom/lib/jsdom/living/events/EventTarget-impl.js:233:9)
    at HTMLUnknownElementImpl.dispatchEvent (/home/angeli/Desktop/luxcity/proptii-r1.1a/node_modules/.pnpm/jsdom@24.1.3/node_modules/jsdom/lib/jsdom/living/events/EventTarget-impl.js:104:17)
    at HTMLUnknownElement.dispatchEvent (/home/angeli/Desktop/luxcity/proptii-r1.1a/node_modules/.pnpm/jsdom@24.1.3/node_modules/jsdom/lib/jsdom/living/generated/EventTarget.js:241:34)
    at Object.invokeGuardedCallbackDev (/home/angeli/Desktop/luxcity/proptii-r1.1a/node_modules/.pnpm/react-dom@18.3.1_react@18.3.1/node_modules/react-dom/cjs/react-dom.development.js:4213:16)
    at invokeGuardedCallback (/home/angeli/Desktop/luxcity/proptii-r1.1a/node_modules/.pnpm/react-dom@18.3.1_react@18.3.1/node_modules/react-dom/cjs/react-dom.development.js:4277:31)
    at reportUncaughtErrorInDEV (/home/angeli/Desktop/luxcity/proptii-r1.1a/node_modules/.pnpm/react-dom@18.3.1_react@18.3.1/node_modules/react-dom/cjs/react-dom.development.js:22877:5)
    at captureCommitPhaseError (/home/angeli/Desktop/luxcity/proptii-r1.1a/node_modules/.pnpm/react-dom@18.3.1_react@18.3.1/node_modules/react-dom/cjs/react-dom.development.js:27165:5) TypeError: bottomRef.current?.scrollIntoView is not a function
    at /home/angeli/Desktop/luxcity/proptii-r1.1a/src/components/messaging/MessageThread.tsx:87:28
    at /home/angeli/Desktop/luxcity/proptii-r1.1a/src/components/messaging/MessageThread.tsx:128:13
    at commitHookEffectListMount (/home/angeli/Desktop/luxcity/proptii-r1.1a/node_modules/.pnpm/react-dom@18.3.1_react@18.3.1/node_modules/react-dom/cjs/react-dom.development.js:23189:26)
    at commitPassiveMountOnFiber (/home/angeli/Desktop/luxcity/proptii-r1.1a/node_modules/.pnpm/react-dom@18.3.1_react@18.3.1/node_modules/react-dom/cjs/react-dom.development.js:24970:11)
    at commitPassiveMountEffects_complete (/home/angeli/Desktop/luxcity/proptii-r1.1a/node_modules/.pnpm/react-dom@18.3.1_react@18.3.1/node_modules/react-dom/cjs/react-dom.development.js:24930:9)
    at commitPassiveMountEffects_begin (/home/angeli/Desktop/luxcity/proptii-r1.1a/node_modules/.pnpm/react-dom@18.3.1_react@18.3.1/node_modules/react-dom/cjs/react-dom.development.js:24917:7)
    at commitPassiveMountEffects (/home/angeli/Desktop/luxcity/proptii-r1.1a/node_modules/.pnpm/react-dom@18.3.1_react@18.3.1/node_modules/react-dom/cjs/react-dom.development.js:24905:3)
    at flushPassiveEffectsImpl (/home/angeli/Desktop/luxcity/proptii-r1.1a/node_modules/.pnpm/react-dom@18.3.1_react@18.3.1/node_modules/react-dom/cjs/react-dom.development.js:27078:3)
    at flushPassiveEffects (/home/angeli/Desktop/luxcity/proptii-r1.1a/node_modules/.pnpm/react-dom@18.3.1_react@18.3.1/node_modules/react-dom/cjs/react-dom.development.js:27023:14)
    at /home/angeli/Desktop/luxcity/proptii-r1.1a/node_modules/.pnpm/react-dom@18.3.1_react@18.3.1/node_modules/react-dom/cjs/react-dom.development.js:26808:9
The above error occurred in the <MessageThread> component:

    at MessageThread (/home/angeli/Desktop/luxcity/proptii-r1.1a/src/components/messaging/MessageThread.tsx:46:26)

Consider adding an error boundary to your tree to customize error handling behavior.
Visit https://reactjs.org/link/error-boundaries to learn more about error boundaries.

stderr | src/components/messaging/__tests__/properties/MessageThread.property.test.tsx > Property 22: MessageThread renders messages in chronological order with correct alignment > maintains chronological order and correct alignment simultaneously
Error: Uncaught [TypeError: bottomRef.current?.scrollIntoView is not a function]
    at reportException (/home/angeli/Desktop/luxcity/proptii-r1.1a/node_modules/.pnpm/jsdom@24.1.3/node_modules/jsdom/lib/jsdom/living/helpers/runtime-script-errors.js:66:24)
    at innerInvokeEventListeners (/home/angeli/Desktop/luxcity/proptii-r1.1a/node_modules/.pnpm/jsdom@24.1.3/node_modules/jsdom/lib/jsdom/living/events/EventTarget-impl.js:353:9)
    at invokeEventListeners (/home/angeli/Desktop/luxcity/proptii-r1.1a/node_modules/.pnpm/jsdom@24.1.3/node_modules/jsdom/lib/jsdom/living/events/EventTarget-impl.js:286:3)
    at HTMLUnknownElementImpl._dispatch (/home/angeli/Desktop/luxcity/proptii-r1.1a/node_modules/.pnpm/jsdom@24.1.3/node_modules/jsdom/lib/jsdom/living/events/EventTarget-impl.js:233:9)
    at HTMLUnknownElementImpl.dispatchEvent (/home/angeli/Desktop/luxcity/proptii-r1.1a/node_modules/.pnpm/jsdom@24.1.3/node_modules/jsdom/lib/jsdom/living/events/EventTarget-impl.js:104:17)
    at HTMLUnknownElement.dispatchEvent (/home/angeli/Desktop/luxcity/proptii-r1.1a/node_modules/.pnpm/jsdom@24.1.3/node_modules/jsdom/lib/jsdom/living/generated/EventTarget.js:241:34)
    at Object.invokeGuardedCallbackDev (/home/angeli/Desktop/luxcity/proptii-r1.1a/node_modules/.pnpm/react-dom@18.3.1_react@18.3.1/node_modules/react-dom/cjs/react-dom.development.js:4213:16)
    at invokeGuardedCallback (/home/angeli/Desktop/luxcity/proptii-r1.1a/node_modules/.pnpm/react-dom@18.3.1_react@18.3.1/node_modules/react-dom/cjs/react-dom.development.js:4277:31)
    at reportUncaughtErrorInDEV (/home/angeli/Desktop/luxcity/proptii-r1.1a/node_modules/.pnpm/react-dom@18.3.1_react@18.3.1/node_modules/react-dom/cjs/react-dom.development.js:22877:5)
    at captureCommitPhaseError (/home/angeli/Desktop/luxcity/proptii-r1.1a/node_modules/.pnpm/react-dom@18.3.1_react@18.3.1/node_modules/react-dom/cjs/react-dom.development.js:27165:5) TypeError: bottomRef.current?.scrollIntoView is not a function
    at /home/angeli/Desktop/luxcity/proptii-r1.1a/src/components/messaging/MessageThread.tsx:87:28
    at /home/angeli/Desktop/luxcity/proptii-r1.1a/src/components/messaging/MessageThread.tsx:128:13
    at commitHookEffectListMount (/home/angeli/Desktop/luxcity/proptii-r1.1a/node_modules/.pnpm/react-dom@18.3.1_react@18.3.1/node_modules/react-dom/cjs/react-dom.development.js:23189:26)
    at commitPassiveMountOnFiber (/home/angeli/Desktop/luxcity/proptii-r1.1a/node_modules/.pnpm/react-dom@18.3.1_react@18.3.1/node_modules/react-dom/cjs/react-dom.development.js:24970:11)
    at commitPassiveMountEffects_complete (/home/angeli/Desktop/luxcity/proptii-r1.1a/node_modules/.pnpm/react-dom@18.3.1_react@18.3.1/node_modules/react-dom/cjs/react-dom.development.js:24930:9)
    at commitPassiveMountEffects_begin (/home/angeli/Desktop/luxcity/proptii-r1.1a/node_modules/.pnpm/react-dom@18.3.1_react@18.3.1/node_modules/react-dom/cjs/react-dom.development.js:24917:7)
    at commitPassiveMountEffects (/home/angeli/Desktop/luxcity/proptii-r1.1a/node_modules/.pnpm/react-dom@18.3.1_react@18.3.1/node_modules/react-dom/cjs/react-dom.development.js:24905:3)
    at flushPassiveEffectsImpl (/home/angeli/Desktop/luxcity/proptii-r1.1a/node_modules/.pnpm/react-dom@18.3.1_react@18.3.1/node_modules/react-dom/cjs/react-dom.development.js:27078:3)
    at flushPassiveEffects (/home/angeli/Desktop/luxcity/proptii-r1.1a/node_modules/.pnpm/react-dom@18.3.1_react@18.3.1/node_modules/react-dom/cjs/react-dom.development.js:27023:14)
    at performConcurrentWorkOnRoot (/home/angeli/Desktop/luxcity/proptii-r1.1a/node_modules/.pnpm/react-dom@18.3.1_react@18.3.1/node_modules/react-dom/cjs/react-dom.development.js:25748:32)
The above error occurred in the <MessageThread> component:

    at MessageThread (/home/angeli/Desktop/luxcity/proptii-r1.1a/src/components/messaging/MessageThread.tsx:46:26)

Consider adding an error boundary to your tree to customize error handling behavior.
Visit https://reactjs.org/link/error-boundaries to learn more about error boundaries.

stderr | src/components/messaging/__tests__/properties/MessageThread.property.test.tsx > Property 22: MessageThread renders messages in chronological order with correct alignment > maintains chronological order and correct alignment simultaneously
Error: Uncaught [TypeError: bottomRef.current?.scrollIntoView is not a function]
    at reportException (/home/angeli/Desktop/luxcity/proptii-r1.1a/node_modules/.pnpm/jsdom@24.1.3/node_modules/jsdom/lib/jsdom/living/helpers/runtime-script-errors.js:66:24)
    at innerInvokeEventListeners (/home/angeli/Desktop/luxcity/proptii-r1.1a/node_modules/.pnpm/jsdom@24.1.3/node_modules/jsdom/lib/jsdom/living/events/EventTarget-impl.js:353:9)
    at invokeEventListeners (/home/angeli/Desktop/luxcity/proptii-r1.1a/node_modules/.pnpm/jsdom@24.1.3/node_modules/jsdom/lib/jsdom/living/events/EventTarget-impl.js:286:3)
    at HTMLUnknownElementImpl._dispatch (/home/angeli/Desktop/luxcity/proptii-r1.1a/node_modules/.pnpm/jsdom@24.1.3/node_modules/jsdom/lib/jsdom/living/events/EventTarget-impl.js:233:9)
    at HTMLUnknownElementImpl.dispatchEvent (/home/angeli/Desktop/luxcity/proptii-r1.1a/node_modules/.pnpm/jsdom@24.1.3/node_modules/jsdom/lib/jsdom/living/events/EventTarget-impl.js:104:17)
    at HTMLUnknownElement.dispatchEvent (/home/angeli/Desktop/luxcity/proptii-r1.1a/node_modules/.pnpm/jsdom@24.1.3/node_modules/jsdom/lib/jsdom/living/generated/EventTarget.js:241:34)
    at Object.invokeGuardedCallbackDev (/home/angeli/Desktop/luxcity/proptii-r1.1a/node_modules/.pnpm/react-dom@18.3.1_react@18.3.1/node_modules/react-dom/cjs/react-dom.development.js:4213:16)
    at invokeGuardedCallback (/home/angeli/Desktop/luxcity/proptii-r1.1a/node_modules/.pnpm/react-dom@18.3.1_react@18.3.1/node_modules/react-dom/cjs/react-dom.development.js:4277:31)
    at reportUncaughtErrorInDEV (/home/angeli/Desktop/luxcity/proptii-r1.1a/node_modules/.pnpm/react-dom@18.3.1_react@18.3.1/node_modules/react-dom/cjs/react-dom.development.js:22877:5)
    at captureCommitPhaseError (/home/angeli/Desktop/luxcity/proptii-r1.1a/node_modules/.pnpm/react-dom@18.3.1_react@18.3.1/node_modules/react-dom/cjs/react-dom.development.js:27165:5) TypeError: bottomRef.current?.scrollIntoView is not a function
    at /home/angeli/Desktop/luxcity/proptii-r1.1a/src/components/messaging/MessageThread.tsx:87:28
    at /home/angeli/Desktop/luxcity/proptii-r1.1a/src/components/messaging/MessageThread.tsx:128:13
    at commitHookEffectListMount (/home/angeli/Desktop/luxcity/proptii-r1.1a/node_modules/.pnpm/react-dom@18.3.1_react@18.3.1/node_modules/react-dom/cjs/react-dom.development.js:23189:26)
    at commitPassiveMountOnFiber (/home/angeli/Desktop/luxcity/proptii-r1.1a/node_modules/.pnpm/react-dom@18.3.1_react@18.3.1/node_modules/react-dom/cjs/react-dom.development.js:24970:11)
    at commitPassiveMountEffects_complete (/home/angeli/Desktop/luxcity/proptii-r1.1a/node_modules/.pnpm/react-dom@18.3.1_react@18.3.1/node_modules/react-dom/cjs/react-dom.development.js:24930:9)
    at commitPassiveMountEffects_begin (/home/angeli/Desktop/luxcity/proptii-r1.1a/node_modules/.pnpm/react-dom@18.3.1_react@18.3.1/node_modules/react-dom/cjs/react-dom.development.js:24917:7)
    at commitPassiveMountEffects (/home/angeli/Desktop/luxcity/proptii-r1.1a/node_modules/.pnpm/react-dom@18.3.1_react@18.3.1/node_modules/react-dom/cjs/react-dom.development.js:24905:3)
    at flushPassiveEffectsImpl (/home/angeli/Desktop/luxcity/proptii-r1.1a/node_modules/.pnpm/react-dom@18.3.1_react@18.3.1/node_modules/react-dom/cjs/react-dom.development.js:27078:3)
    at flushPassiveEffects (/home/angeli/Desktop/luxcity/proptii-r1.1a/node_modules/.pnpm/react-dom@18.3.1_react@18.3.1/node_modules/react-dom/cjs/react-dom.development.js:27023:14)
    at performConcurrentWorkOnRoot (/home/angeli/Desktop/luxcity/proptii-r1.1a/node_modules/.pnpm/react-dom@18.3.1_react@18.3.1/node_modules/react-dom/cjs/react-dom.development.js:25748:32)
The above error occurred in the <MessageThread> component:

    at MessageThread (/home/angeli/Desktop/luxcity/proptii-r1.1a/src/components/messaging/MessageThread.tsx:46:26)

Consider adding an error boundary to your tree to customize error handling behavior.
Visit https://reactjs.org/link/error-boundaries to learn more about error boundaries.

stderr | src/components/messaging/__tests__/properties/MessageThread.property.test.tsx > Property 22: MessageThread renders messages in chronological order with correct alignment > maintains chronological order and correct alignment simultaneously
Error: Uncaught [TypeError: bottomRef.current?.scrollIntoView is not a function]
    at reportException (/home/angeli/Desktop/luxcity/proptii-r1.1a/node_modules/.pnpm/jsdom@24.1.3/node_modules/jsdom/lib/jsdom/living/helpers/runtime-script-errors.js:66:24)
    at innerInvokeEventListeners (/home/angeli/Desktop/luxcity/proptii-r1.1a/node_modules/.pnpm/jsdom@24.1.3/node_modules/jsdom/lib/jsdom/living/events/EventTarget-impl.js:353:9)
    at invokeEventListeners (/home/angeli/Desktop/luxcity/proptii-r1.1a/node_modules/.pnpm/jsdom@24.1.3/node_modules/jsdom/lib/jsdom/living/events/EventTarget-impl.js:286:3)
    at HTMLUnknownElementImpl._dispatch (/home/angeli/Desktop/luxcity/proptii-r1.1a/node_modules/.pnpm/jsdom@24.1.3/node_modules/jsdom/lib/jsdom/living/events/EventTarget-impl.js:233:9)
    at HTMLUnknownElementImpl.dispatchEvent (/home/angeli/Desktop/luxcity/proptii-r1.1a/node_modules/.pnpm/jsdom@24.1.3/node_modules/jsdom/lib/jsdom/living/events/EventTarget-impl.js:104:17)
    at HTMLUnknownElement.dispatchEvent (/home/angeli/Desktop/luxcity/proptii-r1.1a/node_modules/.pnpm/jsdom@24.1.3/node_modules/jsdom/lib/jsdom/living/generated/EventTarget.js:241:34)
    at Object.invokeGuardedCallbackDev (/home/angeli/Desktop/luxcity/proptii-r1.1a/node_modules/.pnpm/react-dom@18.3.1_react@18.3.1/node_modules/react-dom/cjs/react-dom.development.js:4213:16)
    at invokeGuardedCallback (/home/angeli/Desktop/luxcity/proptii-r1.1a/node_modules/.pnpm/react-dom@18.3.1_react@18.3.1/node_modules/react-dom/cjs/react-dom.development.js:4277:31)
    at reportUncaughtErrorInDEV (/home/angeli/Desktop/luxcity/proptii-r1.1a/node_modules/.pnpm/react-dom@18.3.1_react@18.3.1/node_modules/react-dom/cjs/react-dom.development.js:22877:5)
    at captureCommitPhaseError (/home/angeli/Desktop/luxcity/proptii-r1.1a/node_modules/.pnpm/react-dom@18.3.1_react@18.3.1/node_modules/react-dom/cjs/react-dom.development.js:27165:5) TypeError: bottomRef.current?.scrollIntoView is not a function
    at /home/angeli/Desktop/luxcity/proptii-r1.1a/src/components/messaging/MessageThread.tsx:87:28
    at /home/angeli/Desktop/luxcity/proptii-r1.1a/src/components/messaging/MessageThread.tsx:128:13
    at commitHookEffectListMount (/home/angeli/Desktop/luxcity/proptii-r1.1a/node_modules/.pnpm/react-dom@18.3.1_react@18.3.1/node_modules/react-dom/cjs/react-dom.development.js:23189:26)
    at commitPassiveMountOnFiber (/home/angeli/Desktop/luxcity/proptii-r1.1a/node_modules/.pnpm/react-dom@18.3.1_react@18.3.1/node_modules/react-dom/cjs/react-dom.development.js:24970:11)
    at commitPassiveMountEffects_complete (/home/angeli/Desktop/luxcity/proptii-r1.1a/node_modules/.pnpm/react-dom@18.3.1_react@18.3.1/node_modules/react-dom/cjs/react-dom.development.js:24930:9)
    at commitPassiveMountEffects_begin (/home/angeli/Desktop/luxcity/proptii-r1.1a/node_modules/.pnpm/react-dom@18.3.1_react@18.3.1/node_modules/react-dom/cjs/react-dom.development.js:24917:7)
    at commitPassiveMountEffects (/home/angeli/Desktop/luxcity/proptii-r1.1a/node_modules/.pnpm/react-dom@18.3.1_react@18.3.1/node_modules/react-dom/cjs/react-dom.development.js:24905:3)
    at flushPassiveEffectsImpl (/home/angeli/Desktop/luxcity/proptii-r1.1a/node_modules/.pnpm/react-dom@18.3.1_react@18.3.1/node_modules/react-dom/cjs/react-dom.development.js:27078:3)
    at flushPassiveEffects (/home/angeli/Desktop/luxcity/proptii-r1.1a/node_modules/.pnpm/react-dom@18.3.1_react@18.3.1/node_modules/react-dom/cjs/react-dom.development.js:27023:14)
    at performConcurrentWorkOnRoot (/home/angeli/Desktop/luxcity/proptii-r1.1a/node_modules/.pnpm/react-dom@18.3.1_react@18.3.1/node_modules/react-dom/cjs/react-dom.development.js:25748:32)
The above error occurred in the <MessageThread> component:

    at MessageThread (/home/angeli/Desktop/luxcity/proptii-r1.1a/src/components/messaging/MessageThread.tsx:46:26)

Consider adding an error boundary to your tree to customize error handling behavior.
Visit https://reactjs.org/link/error-boundaries to learn more about error boundaries.

stderr | src/components/messaging/__tests__/properties/MessageThread.property.test.tsx > Property 22: MessageThread renders messages in chronological order with correct alignment > maintains chronological order and correct alignment simultaneously
Error: Uncaught [TypeError: bottomRef.current?.scrollIntoView is not a function]
    at reportException (/home/angeli/Desktop/luxcity/proptii-r1.1a/node_modules/.pnpm/jsdom@24.1.3/node_modules/jsdom/lib/jsdom/living/helpers/runtime-script-errors.js:66:24)
    at innerInvokeEventListeners (/home/angeli/Desktop/luxcity/proptii-r1.1a/node_modules/.pnpm/jsdom@24.1.3/node_modules/jsdom/lib/jsdom/living/events/EventTarget-impl.js:353:9)
    at invokeEventListeners (/home/angeli/Desktop/luxcity/proptii-r1.1a/node_modules/.pnpm/jsdom@24.1.3/node_modules/jsdom/lib/jsdom/living/events/EventTarget-impl.js:286:3)
    at HTMLUnknownElementImpl._dispatch (/home/angeli/Desktop/luxcity/proptii-r1.1a/node_modules/.pnpm/jsdom@24.1.3/node_modules/jsdom/lib/jsdom/living/events/EventTarget-impl.js:233:9)
    at HTMLUnknownElementImpl.dispatchEvent (/home/angeli/Desktop/luxcity/proptii-r1.1a/node_modules/.pnpm/jsdom@24.1.3/node_modules/jsdom/lib/jsdom/living/events/EventTarget-impl.js:104:17)
    at HTMLUnknownElement.dispatchEvent (/home/angeli/Desktop/luxcity/proptii-r1.1a/node_modules/.pnpm/jsdom@24.1.3/node_modules/jsdom/lib/jsdom/living/generated/EventTarget.js:241:34)
    at Object.invokeGuardedCallbackDev (/home/angeli/Desktop/luxcity/proptii-r1.1a/node_modules/.pnpm/react-dom@18.3.1_react@18.3.1/node_modules/react-dom/cjs/react-dom.development.js:4213:16)
    at invokeGuardedCallback (/home/angeli/Desktop/luxcity/proptii-r1.1a/node_modules/.pnpm/react-dom@18.3.1_react@18.3.1/node_modules/react-dom/cjs/react-dom.development.js:4277:31)
    at reportUncaughtErrorInDEV (/home/angeli/Desktop/luxcity/proptii-r1.1a/node_modules/.pnpm/react-dom@18.3.1_react@18.3.1/node_modules/react-dom/cjs/react-dom.development.js:22877:5)
    at captureCommitPhaseError (/home/angeli/Desktop/luxcity/proptii-r1.1a/node_modules/.pnpm/react-dom@18.3.1_react@18.3.1/node_modules/react-dom/cjs/react-dom.development.js:27165:5) TypeError: bottomRef.current?.scrollIntoView is not a function
    at /home/angeli/Desktop/luxcity/proptii-r1.1a/src/components/messaging/MessageThread.tsx:87:28
    at /home/angeli/Desktop/luxcity/proptii-r1.1a/src/components/messaging/MessageThread.tsx:128:13
    at commitHookEffectListMount (/home/angeli/Desktop/luxcity/proptii-r1.1a/node_modules/.pnpm/react-dom@18.3.1_react@18.3.1/node_modules/react-dom/cjs/react-dom.development.js:23189:26)
    at commitPassiveMountOnFiber (/home/angeli/Desktop/luxcity/proptii-r1.1a/node_modules/.pnpm/react-dom@18.3.1_react@18.3.1/node_modules/react-dom/cjs/react-dom.development.js:24970:11)
    at commitPassiveMountEffects_complete (/home/angeli/Desktop/luxcity/proptii-r1.1a/node_modules/.pnpm/react-dom@18.3.1_react@18.3.1/node_modules/react-dom/cjs/react-dom.development.js:24930:9)
    at commitPassiveMountEffects_begin (/home/angeli/Desktop/luxcity/proptii-r1.1a/node_modules/.pnpm/react-dom@18.3.1_react@18.3.1/node_modules/react-dom/cjs/react-dom.development.js:24917:7)
    at commitPassiveMountEffects (/home/angeli/Desktop/luxcity/proptii-r1.1a/node_modules/.pnpm/react-dom@18.3.1_react@18.3.1/node_modules/react-dom/cjs/react-dom.development.js:24905:3)
    at flushPassiveEffectsImpl (/home/angeli/Desktop/luxcity/proptii-r1.1a/node_modules/.pnpm/react-dom@18.3.1_react@18.3.1/node_modules/react-dom/cjs/react-dom.development.js:27078:3)
    at flushPassiveEffects (/home/angeli/Desktop/luxcity/proptii-r1.1a/node_modules/.pnpm/react-dom@18.3.1_react@18.3.1/node_modules/react-dom/cjs/react-dom.development.js:27023:14)
    at /home/angeli/Desktop/luxcity/proptii-r1.1a/node_modules/.pnpm/react-dom@18.3.1_react@18.3.1/node_modules/react-dom/cjs/react-dom.development.js:26808:9
The above error occurred in the <MessageThread> component:

    at MessageThread (/home/angeli/Desktop/luxcity/proptii-r1.1a/src/components/messaging/MessageThread.tsx:46:26)

Consider adding an error boundary to your tree to customize error handling behavior.
Visit https://reactjs.org/link/error-boundaries to learn more about error boundaries.

stderr | src/components/messaging/__tests__/properties/MessageThread.property.test.tsx > Property 22: MessageThread renders messages in chronological order with correct alignment > maintains chronological order and correct alignment simultaneously
Error: Uncaught [TypeError: bottomRef.current?.scrollIntoView is not a function]
    at reportException (/home/angeli/Desktop/luxcity/proptii-r1.1a/node_modules/.pnpm/jsdom@24.1.3/node_modules/jsdom/lib/jsdom/living/helpers/runtime-script-errors.js:66:24)
    at innerInvokeEventListeners (/home/angeli/Desktop/luxcity/proptii-r1.1a/node_modules/.pnpm/jsdom@24.1.3/node_modules/jsdom/lib/jsdom/living/events/EventTarget-impl.js:353:9)
    at invokeEventListeners (/home/angeli/Desktop/luxcity/proptii-r1.1a/node_modules/.pnpm/jsdom@24.1.3/node_modules/jsdom/lib/jsdom/living/events/EventTarget-impl.js:286:3)
    at HTMLUnknownElementImpl._dispatch (/home/angeli/Desktop/luxcity/proptii-r1.1a/node_modules/.pnpm/jsdom@24.1.3/node_modules/jsdom/lib/jsdom/living/events/EventTarget-impl.js:233:9)
    at HTMLUnknownElementImpl.dispatchEvent (/home/angeli/Desktop/luxcity/proptii-r1.1a/node_modules/.pnpm/jsdom@24.1.3/node_modules/jsdom/lib/jsdom/living/events/EventTarget-impl.js:104:17)
    at HTMLUnknownElement.dispatchEvent (/home/angeli/Desktop/luxcity/proptii-r1.1a/node_modules/.pnpm/jsdom@24.1.3/node_modules/jsdom/lib/jsdom/living/generated/EventTarget.js:241:34)
    at Object.invokeGuardedCallbackDev (/home/angeli/Desktop/luxcity/proptii-r1.1a/node_modules/.pnpm/react-dom@18.3.1_react@18.3.1/node_modules/react-dom/cjs/react-dom.development.js:4213:16)
    at invokeGuardedCallback (/home/angeli/Desktop/luxcity/proptii-r1.1a/node_modules/.pnpm/react-dom@18.3.1_react@18.3.1/node_modules/react-dom/cjs/react-dom.development.js:4277:31)
    at reportUncaughtErrorInDEV (/home/angeli/Desktop/luxcity/proptii-r1.1a/node_modules/.pnpm/react-dom@18.3.1_react@18.3.1/node_modules/react-dom/cjs/react-dom.development.js:22877:5)
    at captureCommitPhaseError (/home/angeli/Desktop/luxcity/proptii-r1.1a/node_modules/.pnpm/react-dom@18.3.1_react@18.3.1/node_modules/react-dom/cjs/react-dom.development.js:27165:5) TypeError: bottomRef.current?.scrollIntoView is not a function
    at /home/angeli/Desktop/luxcity/proptii-r1.1a/src/components/messaging/MessageThread.tsx:87:28
    at /home/angeli/Desktop/luxcity/proptii-r1.1a/src/components/messaging/MessageThread.tsx:128:13
    at commitHookEffectListMount (/home/angeli/Desktop/luxcity/proptii-r1.1a/node_modules/.pnpm/react-dom@18.3.1_react@18.3.1/node_modules/react-dom/cjs/react-dom.development.js:23189:26)
    at commitPassiveMountOnFiber (/home/angeli/Desktop/luxcity/proptii-r1.1a/node_modules/.pnpm/react-dom@18.3.1_react@18.3.1/node_modules/react-dom/cjs/react-dom.development.js:24970:11)
    at commitPassiveMountEffects_complete (/home/angeli/Desktop/luxcity/proptii-r1.1a/node_modules/.pnpm/react-dom@18.3.1_react@18.3.1/node_modules/react-dom/cjs/react-dom.development.js:24930:9)
    at commitPassiveMountEffects_begin (/home/angeli/Desktop/luxcity/proptii-r1.1a/node_modules/.pnpm/react-dom@18.3.1_react@18.3.1/node_modules/react-dom/cjs/react-dom.development.js:24917:7)
    at commitPassiveMountEffects (/home/angeli/Desktop/luxcity/proptii-r1.1a/node_modules/.pnpm/react-dom@18.3.1_react@18.3.1/node_modules/react-dom/cjs/react-dom.development.js:24905:3)
    at flushPassiveEffectsImpl (/home/angeli/Desktop/luxcity/proptii-r1.1a/node_modules/.pnpm/react-dom@18.3.1_react@18.3.1/node_modules/react-dom/cjs/react-dom.development.js:27078:3)
    at flushPassiveEffects (/home/angeli/Desktop/luxcity/proptii-r1.1a/node_modules/.pnpm/react-dom@18.3.1_react@18.3.1/node_modules/react-dom/cjs/react-dom.development.js:27023:14)
    at performConcurrentWorkOnRoot (/home/angeli/Desktop/luxcity/proptii-r1.1a/node_modules/.pnpm/react-dom@18.3.1_react@18.3.1/node_modules/react-dom/cjs/react-dom.development.js:25748:32)
The above error occurred in the <MessageThread> component:

    at MessageThread (/home/angeli/Desktop/luxcity/proptii-r1.1a/src/components/messaging/MessageThread.tsx:46:26)

Consider adding an error boundary to your tree to customize error handling behavior.
Visit https://reactjs.org/link/error-boundaries to learn more about error boundaries.

stderr | src/components/messaging/__tests__/properties/MessageThread.property.test.tsx > Property 22: MessageThread renders messages in chronological order with correct alignment > maintains chronological order and correct alignment simultaneously
Error: Uncaught [TypeError: bottomRef.current?.scrollIntoView is not a function]
    at reportException (/home/angeli/Desktop/luxcity/proptii-r1.1a/node_modules/.pnpm/jsdom@24.1.3/node_modules/jsdom/lib/jsdom/living/helpers/runtime-script-errors.js:66:24)
    at innerInvokeEventListeners (/home/angeli/Desktop/luxcity/proptii-r1.1a/node_modules/.pnpm/jsdom@24.1.3/node_modules/jsdom/lib/jsdom/living/events/EventTarget-impl.js:353:9)
    at invokeEventListeners (/home/angeli/Desktop/luxcity/proptii-r1.1a/node_modules/.pnpm/jsdom@24.1.3/node_modules/jsdom/lib/jsdom/living/events/EventTarget-impl.js:286:3)
    at HTMLUnknownElementImpl._dispatch (/home/angeli/Desktop/luxcity/proptii-r1.1a/node_modules/.pnpm/jsdom@24.1.3/node_modules/jsdom/lib/jsdom/living/events/EventTarget-impl.js:233:9)
    at HTMLUnknownElementImpl.dispatchEvent (/home/angeli/Desktop/luxcity/proptii-r1.1a/node_modules/.pnpm/jsdom@24.1.3/node_modules/jsdom/lib/jsdom/living/events/EventTarget-impl.js:104:17)
    at HTMLUnknownElement.dispatchEvent (/home/angeli/Desktop/luxcity/proptii-r1.1a/node_modules/.pnpm/jsdom@24.1.3/node_modules/jsdom/lib/jsdom/living/generated/EventTarget.js:241:34)
    at Object.invokeGuardedCallbackDev (/home/angeli/Desktop/luxcity/proptii-r1.1a/node_modules/.pnpm/react-dom@18.3.1_react@18.3.1/node_modules/react-dom/cjs/react-dom.development.js:4213:16)
    at invokeGuardedCallback (/home/angeli/Desktop/luxcity/proptii-r1.1a/node_modules/.pnpm/react-dom@18.3.1_react@18.3.1/node_modules/react-dom/cjs/react-dom.development.js:4277:31)
    at reportUncaughtErrorInDEV (/home/angeli/Desktop/luxcity/proptii-r1.1a/node_modules/.pnpm/react-dom@18.3.1_react@18.3.1/node_modules/react-dom/cjs/react-dom.development.js:22877:5)
    at captureCommitPhaseError (/home/angeli/Desktop/luxcity/proptii-r1.1a/node_modules/.pnpm/react-dom@18.3.1_react@18.3.1/node_modules/react-dom/cjs/react-dom.development.js:27165:5) TypeError: bottomRef.current?.scrollIntoView is not a function
    at /home/angeli/Desktop/luxcity/proptii-r1.1a/src/components/messaging/MessageThread.tsx:87:28
    at /home/angeli/Desktop/luxcity/proptii-r1.1a/src/components/messaging/MessageThread.tsx:128:13
    at commitHookEffectListMount (/home/angeli/Desktop/luxcity/proptii-r1.1a/node_modules/.pnpm/react-dom@18.3.1_react@18.3.1/node_modules/react-dom/cjs/react-dom.development.js:23189:26)
    at commitPassiveMountOnFiber (/home/angeli/Desktop/luxcity/proptii-r1.1a/node_modules/.pnpm/react-dom@18.3.1_react@18.3.1/node_modules/react-dom/cjs/react-dom.development.js:24970:11)
    at commitPassiveMountEffects_complete (/home/angeli/Desktop/luxcity/proptii-r1.1a/node_modules/.pnpm/react-dom@18.3.1_react@18.3.1/node_modules/react-dom/cjs/react-dom.development.js:24930:9)
    at commitPassiveMountEffects_begin (/home/angeli/Desktop/luxcity/proptii-r1.1a/node_modules/.pnpm/react-dom@18.3.1_react@18.3.1/node_modules/react-dom/cjs/react-dom.development.js:24917:7)
    at commitPassiveMountEffects (/home/angeli/Desktop/luxcity/proptii-r1.1a/node_modules/.pnpm/react-dom@18.3.1_react@18.3.1/node_modules/react-dom/cjs/react-dom.development.js:24905:3)
    at flushPassiveEffectsImpl (/home/angeli/Desktop/luxcity/proptii-r1.1a/node_modules/.pnpm/react-dom@18.3.1_react@18.3.1/node_modules/react-dom/cjs/react-dom.development.js:27078:3)
    at flushPassiveEffects (/home/angeli/Desktop/luxcity/proptii-r1.1a/node_modules/.pnpm/react-dom@18.3.1_react@18.3.1/node_modules/react-dom/cjs/react-dom.development.js:27023:14)
    at performConcurrentWorkOnRoot (/home/angeli/Desktop/luxcity/proptii-r1.1a/node_modules/.pnpm/react-dom@18.3.1_react@18.3.1/node_modules/react-dom/cjs/react-dom.development.js:25748:32)
The above error occurred in the <MessageThread> component:

    at MessageThread (/home/angeli/Desktop/luxcity/proptii-r1.1a/src/components/messaging/MessageThread.tsx:46:26)

Consider adding an error boundary to your tree to customize error handling behavior.
Visit https://reactjs.org/link/error-boundaries to learn more about error boundaries.

stderr | src/components/messaging/__tests__/properties/MessageThread.property.test.tsx > Property 22: MessageThread renders messages in chronological order with correct alignment > maintains chronological order and correct alignment simultaneously
Error: Uncaught [TypeError: bottomRef.current?.scrollIntoView is not a function]
    at reportException (/home/angeli/Desktop/luxcity/proptii-r1.1a/node_modules/.pnpm/jsdom@24.1.3/node_modules/jsdom/lib/jsdom/living/helpers/runtime-script-errors.js:66:24)
    at innerInvokeEventListeners (/home/angeli/Desktop/luxcity/proptii-r1.1a/node_modules/.pnpm/jsdom@24.1.3/node_modules/jsdom/lib/jsdom/living/events/EventTarget-impl.js:353:9)
    at invokeEventListeners (/home/angeli/Desktop/luxcity/proptii-r1.1a/node_modules/.pnpm/jsdom@24.1.3/node_modules/jsdom/lib/jsdom/living/events/EventTarget-impl.js:286:3)
    at HTMLUnknownElementImpl._dispatch (/home/angeli/Desktop/luxcity/proptii-r1.1a/node_modules/.pnpm/jsdom@24.1.3/node_modules/jsdom/lib/jsdom/living/events/EventTarget-impl.js:233:9)
    at HTMLUnknownElementImpl.dispatchEvent (/home/angeli/Desktop/luxcity/proptii-r1.1a/node_modules/.pnpm/jsdom@24.1.3/node_modules/jsdom/lib/jsdom/living/events/EventTarget-impl.js:104:17)
    at HTMLUnknownElement.dispatchEvent (/home/angeli/Desktop/luxcity/proptii-r1.1a/node_modules/.pnpm/jsdom@24.1.3/node_modules/jsdom/lib/jsdom/living/generated/EventTarget.js:241:34)
    at Object.invokeGuardedCallbackDev (/home/angeli/Desktop/luxcity/proptii-r1.1a/node_modules/.pnpm/react-dom@18.3.1_react@18.3.1/node_modules/react-dom/cjs/react-dom.development.js:4213:16)
    at invokeGuardedCallback (/home/angeli/Desktop/luxcity/proptii-r1.1a/node_modules/.pnpm/react-dom@18.3.1_react@18.3.1/node_modules/react-dom/cjs/react-dom.development.js:4277:31)
    at reportUncaughtErrorInDEV (/home/angeli/Desktop/luxcity/proptii-r1.1a/node_modules/.pnpm/react-dom@18.3.1_react@18.3.1/node_modules/react-dom/cjs/react-dom.development.js:22877:5)
    at captureCommitPhaseError (/home/angeli/Desktop/luxcity/proptii-r1.1a/node_modules/.pnpm/react-dom@18.3.1_react@18.3.1/node_modules/react-dom/cjs/react-dom.development.js:27165:5) TypeError: bottomRef.current?.scrollIntoView is not a function
    at /home/angeli/Desktop/luxcity/proptii-r1.1a/src/components/messaging/MessageThread.tsx:87:28
    at /home/angeli/Desktop/luxcity/proptii-r1.1a/src/components/messaging/MessageThread.tsx:128:13
    at commitHookEffectListMount (/home/angeli/Desktop/luxcity/proptii-r1.1a/node_modules/.pnpm/react-dom@18.3.1_react@18.3.1/node_modules/react-dom/cjs/react-dom.development.js:23189:26)
    at commitPassiveMountOnFiber (/home/angeli/Desktop/luxcity/proptii-r1.1a/node_modules/.pnpm/react-dom@18.3.1_react@18.3.1/node_modules/react-dom/cjs/react-dom.development.js:24970:11)
    at commitPassiveMountEffects_complete (/home/angeli/Desktop/luxcity/proptii-r1.1a/node_modules/.pnpm/react-dom@18.3.1_react@18.3.1/node_modules/react-dom/cjs/react-dom.development.js:24930:9)
    at commitPassiveMountEffects_begin (/home/angeli/Desktop/luxcity/proptii-r1.1a/node_modules/.pnpm/react-dom@18.3.1_react@18.3.1/node_modules/react-dom/cjs/react-dom.development.js:24917:7)
    at commitPassiveMountEffects (/home/angeli/Desktop/luxcity/proptii-r1.1a/node_modules/.pnpm/react-dom@18.3.1_react@18.3.1/node_modules/react-dom/cjs/react-dom.development.js:24905:3)
    at flushPassiveEffectsImpl (/home/angeli/Desktop/luxcity/proptii-r1.1a/node_modules/.pnpm/react-dom@18.3.1_react@18.3.1/node_modules/react-dom/cjs/react-dom.development.js:27078:3)
    at flushPassiveEffects (/home/angeli/Desktop/luxcity/proptii-r1.1a/node_modules/.pnpm/react-dom@18.3.1_react@18.3.1/node_modules/react-dom/cjs/react-dom.development.js:27023:14)
    at performConcurrentWorkOnRoot (/home/angeli/Desktop/luxcity/proptii-r1.1a/node_modules/.pnpm/react-dom@18.3.1_react@18.3.1/node_modules/react-dom/cjs/react-dom.development.js:25748:32)
The above error occurred in the <MessageThread> component:

    at MessageThread (/home/angeli/Desktop/luxcity/proptii-r1.1a/src/components/messaging/MessageThread.tsx:46:26)

Consider adding an error boundary to your tree to customize error handling behavior.
Visit https://reactjs.org/link/error-boundaries to learn more about error boundaries.

stderr | src/components/messaging/__tests__/properties/MessageThread.property.test.tsx > Property 22: MessageThread renders messages in chronological order with correct alignment > maintains chronological order and correct alignment simultaneously
Error: Uncaught [TypeError: bottomRef.current?.scrollIntoView is not a function]
    at reportException (/home/angeli/Desktop/luxcity/proptii-r1.1a/node_modules/.pnpm/jsdom@24.1.3/node_modules/jsdom/lib/jsdom/living/helpers/runtime-script-errors.js:66:24)
    at innerInvokeEventListeners (/home/angeli/Desktop/luxcity/proptii-r1.1a/node_modules/.pnpm/jsdom@24.1.3/node_modules/jsdom/lib/jsdom/living/events/EventTarget-impl.js:353:9)
    at invokeEventListeners (/home/angeli/Desktop/luxcity/proptii-r1.1a/node_modules/.pnpm/jsdom@24.1.3/node_modules/jsdom/lib/jsdom/living/events/EventTarget-impl.js:286:3)
    at HTMLUnknownElementImpl._dispatch (/home/angeli/Desktop/luxcity/proptii-r1.1a/node_modules/.pnpm/jsdom@24.1.3/node_modules/jsdom/lib/jsdom/living/events/EventTarget-impl.js:233:9)
    at HTMLUnknownElementImpl.dispatchEvent (/home/angeli/Desktop/luxcity/proptii-r1.1a/node_modules/.pnpm/jsdom@24.1.3/node_modules/jsdom/lib/jsdom/living/events/EventTarget-impl.js:104:17)
    at HTMLUnknownElement.dispatchEvent (/home/angeli/Desktop/luxcity/proptii-r1.1a/node_modules/.pnpm/jsdom@24.1.3/node_modules/jsdom/lib/jsdom/living/generated/EventTarget.js:241:34)
    at Object.invokeGuardedCallbackDev (/home/angeli/Desktop/luxcity/proptii-r1.1a/node_modules/.pnpm/react-dom@18.3.1_react@18.3.1/node_modules/react-dom/cjs/react-dom.development.js:4213:16)
    at invokeGuardedCallback (/home/angeli/Desktop/luxcity/proptii-r1.1a/node_modules/.pnpm/react-dom@18.3.1_react@18.3.1/node_modules/react-dom/cjs/react-dom.development.js:4277:31)
    at reportUncaughtErrorInDEV (/home/angeli/Desktop/luxcity/proptii-r1.1a/node_modules/.pnpm/react-dom@18.3.1_react@18.3.1/node_modules/react-dom/cjs/react-dom.development.js:22877:5)
    at captureCommitPhaseError (/home/angeli/Desktop/luxcity/proptii-r1.1a/node_modules/.pnpm/react-dom@18.3.1_react@18.3.1/node_modules/react-dom/cjs/react-dom.development.js:27165:5) TypeError: bottomRef.current?.scrollIntoView is not a function
    at /home/angeli/Desktop/luxcity/proptii-r1.1a/src/components/messaging/MessageThread.tsx:87:28
    at /home/angeli/Desktop/luxcity/proptii-r1.1a/src/components/messaging/MessageThread.tsx:128:13
    at commitHookEffectListMount (/home/angeli/Desktop/luxcity/proptii-r1.1a/node_modules/.pnpm/react-dom@18.3.1_react@18.3.1/node_modules/react-dom/cjs/react-dom.development.js:23189:26)
    at commitPassiveMountOnFiber (/home/angeli/Desktop/luxcity/proptii-r1.1a/node_modules/.pnpm/react-dom@18.3.1_react@18.3.1/node_modules/react-dom/cjs/react-dom.development.js:24970:11)
    at commitPassiveMountEffects_complete (/home/angeli/Desktop/luxcity/proptii-r1.1a/node_modules/.pnpm/react-dom@18.3.1_react@18.3.1/node_modules/react-dom/cjs/react-dom.development.js:24930:9)
    at commitPassiveMountEffects_begin (/home/angeli/Desktop/luxcity/proptii-r1.1a/node_modules/.pnpm/react-dom@18.3.1_react@18.3.1/node_modules/react-dom/cjs/react-dom.development.js:24917:7)
    at commitPassiveMountEffects (/home/angeli/Desktop/luxcity/proptii-r1.1a/node_modules/.pnpm/react-dom@18.3.1_react@18.3.1/node_modules/react-dom/cjs/react-dom.development.js:24905:3)
    at flushPassiveEffectsImpl (/home/angeli/Desktop/luxcity/proptii-r1.1a/node_modules/.pnpm/react-dom@18.3.1_react@18.3.1/node_modules/react-dom/cjs/react-dom.development.js:27078:3)
    at flushPassiveEffects (/home/angeli/Desktop/luxcity/proptii-r1.1a/node_modules/.pnpm/react-dom@18.3.1_react@18.3.1/node_modules/react-dom/cjs/react-dom.development.js:27023:14)
    at /home/angeli/Desktop/luxcity/proptii-r1.1a/node_modules/.pnpm/react-dom@18.3.1_react@18.3.1/node_modules/react-dom/cjs/react-dom.development.js:26808:9
The above error occurred in the <MessageThread> component:

    at MessageThread (/home/angeli/Desktop/luxcity/proptii-r1.1a/src/components/messaging/MessageThread.tsx:46:26)

Consider adding an error boundary to your tree to customize error handling behavior.
Visit https://reactjs.org/link/error-boundaries to learn more about error boundaries.

stderr | src/components/messaging/__tests__/properties/MessageThread.property.test.tsx > Property 22: MessageThread renders messages in chronological order with correct alignment > maintains chronological order and correct alignment simultaneously
Error: Uncaught [TypeError: bottomRef.current?.scrollIntoView is not a function]
    at reportException (/home/angeli/Desktop/luxcity/proptii-r1.1a/node_modules/.pnpm/jsdom@24.1.3/node_modules/jsdom/lib/jsdom/living/helpers/runtime-script-errors.js:66:24)
    at innerInvokeEventListeners (/home/angeli/Desktop/luxcity/proptii-r1.1a/node_modules/.pnpm/jsdom@24.1.3/node_modules/jsdom/lib/jsdom/living/events/EventTarget-impl.js:353:9)
    at invokeEventListeners (/home/angeli/Desktop/luxcity/proptii-r1.1a/node_modules/.pnpm/jsdom@24.1.3/node_modules/jsdom/lib/jsdom/living/events/EventTarget-impl.js:286:3)
    at HTMLUnknownElementImpl._dispatch (/home/angeli/Desktop/luxcity/proptii-r1.1a/node_modules/.pnpm/jsdom@24.1.3/node_modules/jsdom/lib/jsdom/living/events/EventTarget-impl.js:233:9)
    at HTMLUnknownElementImpl.dispatchEvent (/home/angeli/Desktop/luxcity/proptii-r1.1a/node_modules/.pnpm/jsdom@24.1.3/node_modules/jsdom/lib/jsdom/living/events/EventTarget-impl.js:104:17)
    at HTMLUnknownElement.dispatchEvent (/home/angeli/Desktop/luxcity/proptii-r1.1a/node_modules/.pnpm/jsdom@24.1.3/node_modules/jsdom/lib/jsdom/living/generated/EventTarget.js:241:34)
    at Object.invokeGuardedCallbackDev (/home/angeli/Desktop/luxcity/proptii-r1.1a/node_modules/.pnpm/react-dom@18.3.1_react@18.3.1/node_modules/react-dom/cjs/react-dom.development.js:4213:16)
    at invokeGuardedCallback (/home/angeli/Desktop/luxcity/proptii-r1.1a/node_modules/.pnpm/react-dom@18.3.1_react@18.3.1/node_modules/react-dom/cjs/react-dom.development.js:4277:31)
    at reportUncaughtErrorInDEV (/home/angeli/Desktop/luxcity/proptii-r1.1a/node_modules/.pnpm/react-dom@18.3.1_react@18.3.1/node_modules/react-dom/cjs/react-dom.development.js:22877:5)
    at captureCommitPhaseError (/home/angeli/Desktop/luxcity/proptii-r1.1a/node_modules/.pnpm/react-dom@18.3.1_react@18.3.1/node_modules/react-dom/cjs/react-dom.development.js:27165:5) TypeError: bottomRef.current?.scrollIntoView is not a function
    at /home/angeli/Desktop/luxcity/proptii-r1.1a/src/components/messaging/MessageThread.tsx:87:28
    at /home/angeli/Desktop/luxcity/proptii-r1.1a/src/components/messaging/MessageThread.tsx:128:13
    at commitHookEffectListMount (/home/angeli/Desktop/luxcity/proptii-r1.1a/node_modules/.pnpm/react-dom@18.3.1_react@18.3.1/node_modules/react-dom/cjs/react-dom.development.js:23189:26)
    at commitPassiveMountOnFiber (/home/angeli/Desktop/luxcity/proptii-r1.1a/node_modules/.pnpm/react-dom@18.3.1_react@18.3.1/node_modules/react-dom/cjs/react-dom.development.js:24970:11)
    at commitPassiveMountEffects_complete (/home/angeli/Desktop/luxcity/proptii-r1.1a/node_modules/.pnpm/react-dom@18.3.1_react@18.3.1/node_modules/react-dom/cjs/react-dom.development.js:24930:9)
    at commitPassiveMountEffects_begin (/home/angeli/Desktop/luxcity/proptii-r1.1a/node_modules/.pnpm/react-dom@18.3.1_react@18.3.1/node_modules/react-dom/cjs/react-dom.development.js:24917:7)
    at commitPassiveMountEffects (/home/angeli/Desktop/luxcity/proptii-r1.1a/node_modules/.pnpm/react-dom@18.3.1_react@18.3.1/node_modules/react-dom/cjs/react-dom.development.js:24905:3)
    at flushPassiveEffectsImpl (/home/angeli/Desktop/luxcity/proptii-r1.1a/node_modules/.pnpm/react-dom@18.3.1_react@18.3.1/node_modules/react-dom/cjs/react-dom.development.js:27078:3)
    at flushPassiveEffects (/home/angeli/Desktop/luxcity/proptii-r1.1a/node_modules/.pnpm/react-dom@18.3.1_react@18.3.1/node_modules/react-dom/cjs/react-dom.development.js:27023:14)
    at /home/angeli/Desktop/luxcity/proptii-r1.1a/node_modules/.pnpm/react-dom@18.3.1_react@18.3.1/node_modules/react-dom/cjs/react-dom.development.js:26808:9
The above error occurred in the <MessageThread> component:

    at MessageThread (/home/angeli/Desktop/luxcity/proptii-r1.1a/src/components/messaging/MessageThread.tsx:46:26)

Consider adding an error boundary to your tree to customize error handling behavior.
Visit https://reactjs.org/link/error-boundaries to learn more about error boundaries.

stderr | src/components/messaging/__tests__/properties/MessageThread.property.test.tsx > Property 22: MessageThread renders messages in chronological order with correct alignment > maintains chronological order and correct alignment simultaneously
Error: Uncaught [TypeError: bottomRef.current?.scrollIntoView is not a function]
    at reportException (/home/angeli/Desktop/luxcity/proptii-r1.1a/node_modules/.pnpm/jsdom@24.1.3/node_modules/jsdom/lib/jsdom/living/helpers/runtime-script-errors.js:66:24)
    at innerInvokeEventListeners (/home/angeli/Desktop/luxcity/proptii-r1.1a/node_modules/.pnpm/jsdom@24.1.3/node_modules/jsdom/lib/jsdom/living/events/EventTarget-impl.js:353:9)
    at invokeEventListeners (/home/angeli/Desktop/luxcity/proptii-r1.1a/node_modules/.pnpm/jsdom@24.1.3/node_modules/jsdom/lib/jsdom/living/events/EventTarget-impl.js:286:3)
    at HTMLUnknownElementImpl._dispatch (/home/angeli/Desktop/luxcity/proptii-r1.1a/node_modules/.pnpm/jsdom@24.1.3/node_modules/jsdom/lib/jsdom/living/events/EventTarget-impl.js:233:9)
    at HTMLUnknownElementImpl.dispatchEvent (/home/angeli/Desktop/luxcity/proptii-r1.1a/node_modules/.pnpm/jsdom@24.1.3/node_modules/jsdom/lib/jsdom/living/events/EventTarget-impl.js:104:17)
    at HTMLUnknownElement.dispatchEvent (/home/angeli/Desktop/luxcity/proptii-r1.1a/node_modules/.pnpm/jsdom@24.1.3/node_modules/jsdom/lib/jsdom/living/generated/EventTarget.js:241:34)
    at Object.invokeGuardedCallbackDev (/home/angeli/Desktop/luxcity/proptii-r1.1a/node_modules/.pnpm/react-dom@18.3.1_react@18.3.1/node_modules/react-dom/cjs/react-dom.development.js:4213:16)
    at invokeGuardedCallback (/home/angeli/Desktop/luxcity/proptii-r1.1a/node_modules/.pnpm/react-dom@18.3.1_react@18.3.1/node_modules/react-dom/cjs/react-dom.development.js:4277:31)
    at reportUncaughtErrorInDEV (/home/angeli/Desktop/luxcity/proptii-r1.1a/node_modules/.pnpm/react-dom@18.3.1_react@18.3.1/node_modules/react-dom/cjs/react-dom.development.js:22877:5)
    at captureCommitPhaseError (/home/angeli/Desktop/luxcity/proptii-r1.1a/node_modules/.pnpm/react-dom@18.3.1_react@18.3.1/node_modules/react-dom/cjs/react-dom.development.js:27165:5) TypeError: bottomRef.current?.scrollIntoView is not a function
    at /home/angeli/Desktop/luxcity/proptii-r1.1a/src/components/messaging/MessageThread.tsx:87:28
    at /home/angeli/Desktop/luxcity/proptii-r1.1a/src/components/messaging/MessageThread.tsx:128:13
    at commitHookEffectListMount (/home/angeli/Desktop/luxcity/proptii-r1.1a/node_modules/.pnpm/react-dom@18.3.1_react@18.3.1/node_modules/react-dom/cjs/react-dom.development.js:23189:26)
    at commitPassiveMountOnFiber (/home/angeli/Desktop/luxcity/proptii-r1.1a/node_modules/.pnpm/react-dom@18.3.1_react@18.3.1/node_modules/react-dom/cjs/react-dom.development.js:24970:11)
    at commitPassiveMountEffects_complete (/home/angeli/Desktop/luxcity/proptii-r1.1a/node_modules/.pnpm/react-dom@18.3.1_react@18.3.1/node_modules/react-dom/cjs/react-dom.development.js:24930:9)
    at commitPassiveMountEffects_begin (/home/angeli/Desktop/luxcity/proptii-r1.1a/node_modules/.pnpm/react-dom@18.3.1_react@18.3.1/node_modules/react-dom/cjs/react-dom.development.js:24917:7)
    at commitPassiveMountEffects (/home/angeli/Desktop/luxcity/proptii-r1.1a/node_modules/.pnpm/react-dom@18.3.1_react@18.3.1/node_modules/react-dom/cjs/react-dom.development.js:24905:3)
    at flushPassiveEffectsImpl (/home/angeli/Desktop/luxcity/proptii-r1.1a/node_modules/.pnpm/react-dom@18.3.1_react@18.3.1/node_modules/react-dom/cjs/react-dom.development.js:27078:3)
    at flushPassiveEffects (/home/angeli/Desktop/luxcity/proptii-r1.1a/node_modules/.pnpm/react-dom@18.3.1_react@18.3.1/node_modules/react-dom/cjs/react-dom.development.js:27023:14)
    at /home/angeli/Desktop/luxcity/proptii-r1.1a/node_modules/.pnpm/react-dom@18.3.1_react@18.3.1/node_modules/react-dom/cjs/react-dom.development.js:26808:9
The above error occurred in the <MessageThread> component:

    at MessageThread (/home/angeli/Desktop/luxcity/proptii-r1.1a/src/components/messaging/MessageThread.tsx:46:26)

Consider adding an error boundary to your tree to customize error handling behavior.
Visit https://reactjs.org/link/error-boundaries to learn more about error boundaries.

stderr | src/components/messaging/__tests__/properties/MessageThread.property.test.tsx > Property 22: MessageThread renders messages in chronological order with correct alignment > maintains chronological order and correct alignment simultaneously
Error: Uncaught [TypeError: bottomRef.current?.scrollIntoView is not a function]
    at reportException (/home/angeli/Desktop/luxcity/proptii-r1.1a/node_modules/.pnpm/jsdom@24.1.3/node_modules/jsdom/lib/jsdom/living/helpers/runtime-script-errors.js:66:24)
    at innerInvokeEventListeners (/home/angeli/Desktop/luxcity/proptii-r1.1a/node_modules/.pnpm/jsdom@24.1.3/node_modules/jsdom/lib/jsdom/living/events/EventTarget-impl.js:353:9)
    at invokeEventListeners (/home/angeli/Desktop/luxcity/proptii-r1.1a/node_modules/.pnpm/jsdom@24.1.3/node_modules/jsdom/lib/jsdom/living/events/EventTarget-impl.js:286:3)
    at HTMLUnknownElementImpl._dispatch (/home/angeli/Desktop/luxcity/proptii-r1.1a/node_modules/.pnpm/jsdom@24.1.3/node_modules/jsdom/lib/jsdom/living/events/EventTarget-impl.js:233:9)
    at HTMLUnknownElementImpl.dispatchEvent (/home/angeli/Desktop/luxcity/proptii-r1.1a/node_modules/.pnpm/jsdom@24.1.3/node_modules/jsdom/lib/jsdom/living/events/EventTarget-impl.js:104:17)
    at HTMLUnknownElement.dispatchEvent (/home/angeli/Desktop/luxcity/proptii-r1.1a/node_modules/.pnpm/jsdom@24.1.3/node_modules/jsdom/lib/jsdom/living/generated/EventTarget.js:241:34)
    at Object.invokeGuardedCallbackDev (/home/angeli/Desktop/luxcity/proptii-r1.1a/node_modules/.pnpm/react-dom@18.3.1_react@18.3.1/node_modules/react-dom/cjs/react-dom.development.js:4213:16)
    at invokeGuardedCallback (/home/angeli/Desktop/luxcity/proptii-r1.1a/node_modules/.pnpm/react-dom@18.3.1_react@18.3.1/node_modules/react-dom/cjs/react-dom.development.js:4277:31)
    at reportUncaughtErrorInDEV (/home/angeli/Desktop/luxcity/proptii-r1.1a/node_modules/.pnpm/react-dom@18.3.1_react@18.3.1/node_modules/react-dom/cjs/react-dom.development.js:22877:5)
    at captureCommitPhaseError (/home/angeli/Desktop/luxcity/proptii-r1.1a/node_modules/.pnpm/react-dom@18.3.1_react@18.3.1/node_modules/react-dom/cjs/react-dom.development.js:27165:5) TypeError: bottomRef.current?.scrollIntoView is not a function
    at /home/angeli/Desktop/luxcity/proptii-r1.1a/src/components/messaging/MessageThread.tsx:87:28
    at /home/angeli/Desktop/luxcity/proptii-r1.1a/src/components/messaging/MessageThread.tsx:128:13
    at commitHookEffectListMount (/home/angeli/Desktop/luxcity/proptii-r1.1a/node_modules/.pnpm/react-dom@18.3.1_react@18.3.1/node_modules/react-dom/cjs/react-dom.development.js:23189:26)
    at commitPassiveMountOnFiber (/home/angeli/Desktop/luxcity/proptii-r1.1a/node_modules/.pnpm/react-dom@18.3.1_react@18.3.1/node_modules/react-dom/cjs/react-dom.development.js:24970:11)
    at commitPassiveMountEffects_complete (/home/angeli/Desktop/luxcity/proptii-r1.1a/node_modules/.pnpm/react-dom@18.3.1_react@18.3.1/node_modules/react-dom/cjs/react-dom.development.js:24930:9)
    at commitPassiveMountEffects_begin (/home/angeli/Desktop/luxcity/proptii-r1.1a/node_modules/.pnpm/react-dom@18.3.1_react@18.3.1/node_modules/react-dom/cjs/react-dom.development.js:24917:7)
    at commitPassiveMountEffects (/home/angeli/Desktop/luxcity/proptii-r1.1a/node_modules/.pnpm/react-dom@18.3.1_react@18.3.1/node_modules/react-dom/cjs/react-dom.development.js:24905:3)
    at flushPassiveEffectsImpl (/home/angeli/Desktop/luxcity/proptii-r1.1a/node_modules/.pnpm/react-dom@18.3.1_react@18.3.1/node_modules/react-dom/cjs/react-dom.development.js:27078:3)
    at flushPassiveEffects (/home/angeli/Desktop/luxcity/proptii-r1.1a/node_modules/.pnpm/react-dom@18.3.1_react@18.3.1/node_modules/react-dom/cjs/react-dom.development.js:27023:14)
    at performConcurrentWorkOnRoot (/home/angeli/Desktop/luxcity/proptii-r1.1a/node_modules/.pnpm/react-dom@18.3.1_react@18.3.1/node_modules/react-dom/cjs/react-dom.development.js:25748:32)
The above error occurred in the <MessageThread> component:

    at MessageThread (/home/angeli/Desktop/luxcity/proptii-r1.1a/src/components/messaging/MessageThread.tsx:46:26)

Consider adding an error boundary to your tree to customize error handling behavior.
Visit https://reactjs.org/link/error-boundaries to learn more about error boundaries.

stderr | src/components/messaging/__tests__/properties/MessageThread.property.test.tsx > Property 22: MessageThread renders messages in chronological order with correct alignment > maintains chronological order and correct alignment simultaneously
Error: Uncaught [TypeError: bottomRef.current?.scrollIntoView is not a function]
    at reportException (/home/angeli/Desktop/luxcity/proptii-r1.1a/node_modules/.pnpm/jsdom@24.1.3/node_modules/jsdom/lib/jsdom/living/helpers/runtime-script-errors.js:66:24)
    at innerInvokeEventListeners (/home/angeli/Desktop/luxcity/proptii-r1.1a/node_modules/.pnpm/jsdom@24.1.3/node_modules/jsdom/lib/jsdom/living/events/EventTarget-impl.js:353:9)
    at invokeEventListeners (/home/angeli/Desktop/luxcity/proptii-r1.1a/node_modules/.pnpm/jsdom@24.1.3/node_modules/jsdom/lib/jsdom/living/events/EventTarget-impl.js:286:3)
    at HTMLUnknownElementImpl._dispatch (/home/angeli/Desktop/luxcity/proptii-r1.1a/node_modules/.pnpm/jsdom@24.1.3/node_modules/jsdom/lib/jsdom/living/events/EventTarget-impl.js:233:9)
    at HTMLUnknownElementImpl.dispatchEvent (/home/angeli/Desktop/luxcity/proptii-r1.1a/node_modules/.pnpm/jsdom@24.1.3/node_modules/jsdom/lib/jsdom/living/events/EventTarget-impl.js:104:17)
    at HTMLUnknownElement.dispatchEvent (/home/angeli/Desktop/luxcity/proptii-r1.1a/node_modules/.pnpm/jsdom@24.1.3/node_modules/jsdom/lib/jsdom/living/generated/EventTarget.js:241:34)
    at Object.invokeGuardedCallbackDev (/home/angeli/Desktop/luxcity/proptii-r1.1a/node_modules/.pnpm/react-dom@18.3.1_react@18.3.1/node_modules/react-dom/cjs/react-dom.development.js:4213:16)
    at invokeGuardedCallback (/home/angeli/Desktop/luxcity/proptii-r1.1a/node_modules/.pnpm/react-dom@18.3.1_react@18.3.1/node_modules/react-dom/cjs/react-dom.development.js:4277:31)
    at reportUncaughtErrorInDEV (/home/angeli/Desktop/luxcity/proptii-r1.1a/node_modules/.pnpm/react-dom@18.3.1_react@18.3.1/node_modules/react-dom/cjs/react-dom.development.js:22877:5)
    at captureCommitPhaseError (/home/angeli/Desktop/luxcity/proptii-r1.1a/node_modules/.pnpm/react-dom@18.3.1_react@18.3.1/node_modules/react-dom/cjs/react-dom.development.js:27165:5) TypeError: bottomRef.current?.scrollIntoView is not a function
    at /home/angeli/Desktop/luxcity/proptii-r1.1a/src/components/messaging/MessageThread.tsx:87:28
    at /home/angeli/Desktop/luxcity/proptii-r1.1a/src/components/messaging/MessageThread.tsx:128:13
    at commitHookEffectListMount (/home/angeli/Desktop/luxcity/proptii-r1.1a/node_modules/.pnpm/react-dom@18.3.1_react@18.3.1/node_modules/react-dom/cjs/react-dom.development.js:23189:26)
    at commitPassiveMountOnFiber (/home/angeli/Desktop/luxcity/proptii-r1.1a/node_modules/.pnpm/react-dom@18.3.1_react@18.3.1/node_modules/react-dom/cjs/react-dom.development.js:24970:11)
    at commitPassiveMountEffects_complete (/home/angeli/Desktop/luxcity/proptii-r1.1a/node_modules/.pnpm/react-dom@18.3.1_react@18.3.1/node_modules/react-dom/cjs/react-dom.development.js:24930:9)
    at commitPassiveMountEffects_begin (/home/angeli/Desktop/luxcity/proptii-r1.1a/node_modules/.pnpm/react-dom@18.3.1_react@18.3.1/node_modules/react-dom/cjs/react-dom.development.js:24917:7)
    at commitPassiveMountEffects (/home/angeli/Desktop/luxcity/proptii-r1.1a/node_modules/.pnpm/react-dom@18.3.1_react@18.3.1/node_modules/react-dom/cjs/react-dom.development.js:24905:3)
    at flushPassiveEffectsImpl (/home/angeli/Desktop/luxcity/proptii-r1.1a/node_modules/.pnpm/react-dom@18.3.1_react@18.3.1/node_modules/react-dom/cjs/react-dom.development.js:27078:3)
    at flushPassiveEffects (/home/angeli/Desktop/luxcity/proptii-r1.1a/node_modules/.pnpm/react-dom@18.3.1_react@18.3.1/node_modules/react-dom/cjs/react-dom.development.js:27023:14)
    at /home/angeli/Desktop/luxcity/proptii-r1.1a/node_modules/.pnpm/react-dom@18.3.1_react@18.3.1/node_modules/react-dom/cjs/react-dom.development.js:26808:9
The above error occurred in the <MessageThread> component:

    at MessageThread (/home/angeli/Desktop/luxcity/proptii-r1.1a/src/components/messaging/MessageThread.tsx:46:26)

Consider adding an error boundary to your tree to customize error handling behavior.
Visit https://reactjs.org/link/error-boundaries to learn more about error boundaries.

stderr | src/components/messaging/__tests__/properties/MessageThread.property.test.tsx > Property 22: MessageThread renders messages in chronological order with correct alignment > maintains chronological order and correct alignment simultaneously
Error: Uncaught [TypeError: bottomRef.current?.scrollIntoView is not a function]
    at reportException (/home/angeli/Desktop/luxcity/proptii-r1.1a/node_modules/.pnpm/jsdom@24.1.3/node_modules/jsdom/lib/jsdom/living/helpers/runtime-script-errors.js:66:24)
    at innerInvokeEventListeners (/home/angeli/Desktop/luxcity/proptii-r1.1a/node_modules/.pnpm/jsdom@24.1.3/node_modules/jsdom/lib/jsdom/living/events/EventTarget-impl.js:353:9)
    at invokeEventListeners (/home/angeli/Desktop/luxcity/proptii-r1.1a/node_modules/.pnpm/jsdom@24.1.3/node_modules/jsdom/lib/jsdom/living/events/EventTarget-impl.js:286:3)
    at HTMLUnknownElementImpl._dispatch (/home/angeli/Desktop/luxcity/proptii-r1.1a/node_modules/.pnpm/jsdom@24.1.3/node_modules/jsdom/lib/jsdom/living/events/EventTarget-impl.js:233:9)
    at HTMLUnknownElementImpl.dispatchEvent (/home/angeli/Desktop/luxcity/proptii-r1.1a/node_modules/.pnpm/jsdom@24.1.3/node_modules/jsdom/lib/jsdom/living/events/EventTarget-impl.js:104:17)
    at HTMLUnknownElement.dispatchEvent (/home/angeli/Desktop/luxcity/proptii-r1.1a/node_modules/.pnpm/jsdom@24.1.3/node_modules/jsdom/lib/jsdom/living/generated/EventTarget.js:241:34)
    at Object.invokeGuardedCallbackDev (/home/angeli/Desktop/luxcity/proptii-r1.1a/node_modules/.pnpm/react-dom@18.3.1_react@18.3.1/node_modules/react-dom/cjs/react-dom.development.js:4213:16)
    at invokeGuardedCallback (/home/angeli/Desktop/luxcity/proptii-r1.1a/node_modules/.pnpm/react-dom@18.3.1_react@18.3.1/node_modules/react-dom/cjs/react-dom.development.js:4277:31)
    at reportUncaughtErrorInDEV (/home/angeli/Desktop/luxcity/proptii-r1.1a/node_modules/.pnpm/react-dom@18.3.1_react@18.3.1/node_modules/react-dom/cjs/react-dom.development.js:22877:5)
    at captureCommitPhaseError (/home/angeli/Desktop/luxcity/proptii-r1.1a/node_modules/.pnpm/react-dom@18.3.1_react@18.3.1/node_modules/react-dom/cjs/react-dom.development.js:27165:5) TypeError: bottomRef.current?.scrollIntoView is not a function
    at /home/angeli/Desktop/luxcity/proptii-r1.1a/src/components/messaging/MessageThread.tsx:87:28
    at /home/angeli/Desktop/luxcity/proptii-r1.1a/src/components/messaging/MessageThread.tsx:128:13
    at commitHookEffectListMount (/home/angeli/Desktop/luxcity/proptii-r1.1a/node_modules/.pnpm/react-dom@18.3.1_react@18.3.1/node_modules/react-dom/cjs/react-dom.development.js:23189:26)
    at commitPassiveMountOnFiber (/home/angeli/Desktop/luxcity/proptii-r1.1a/node_modules/.pnpm/react-dom@18.3.1_react@18.3.1/node_modules/react-dom/cjs/react-dom.development.js:24970:11)
    at commitPassiveMountEffects_complete (/home/angeli/Desktop/luxcity/proptii-r1.1a/node_modules/.pnpm/react-dom@18.3.1_react@18.3.1/node_modules/react-dom/cjs/react-dom.development.js:24930:9)
    at commitPassiveMountEffects_begin (/home/angeli/Desktop/luxcity/proptii-r1.1a/node_modules/.pnpm/react-dom@18.3.1_react@18.3.1/node_modules/react-dom/cjs/react-dom.development.js:24917:7)
    at commitPassiveMountEffects (/home/angeli/Desktop/luxcity/proptii-r1.1a/node_modules/.pnpm/react-dom@18.3.1_react@18.3.1/node_modules/react-dom/cjs/react-dom.development.js:24905:3)
    at flushPassiveEffectsImpl (/home/angeli/Desktop/luxcity/proptii-r1.1a/node_modules/.pnpm/react-dom@18.3.1_react@18.3.1/node_modules/react-dom/cjs/react-dom.development.js:27078:3)
    at flushPassiveEffects (/home/angeli/Desktop/luxcity/proptii-r1.1a/node_modules/.pnpm/react-dom@18.3.1_react@18.3.1/node_modules/react-dom/cjs/react-dom.development.js:27023:14)
    at /home/angeli/Desktop/luxcity/proptii-r1.1a/node_modules/.pnpm/react-dom@18.3.1_react@18.3.1/node_modules/react-dom/cjs/react-dom.development.js:26808:9
The above error occurred in the <MessageThread> component:

    at MessageThread (/home/angeli/Desktop/luxcity/proptii-r1.1a/src/components/messaging/MessageThread.tsx:46:26)

Consider adding an error boundary to your tree to customize error handling behavior.
Visit https://reactjs.org/link/error-boundaries to learn more about error boundaries.

stderr | src/components/messaging/__tests__/properties/MessageThread.property.test.tsx > Property 22: MessageThread renders messages in chronological order with correct alignment > maintains chronological order and correct alignment simultaneously
Error: Uncaught [TypeError: bottomRef.current?.scrollIntoView is not a function]
    at reportException (/home/angeli/Desktop/luxcity/proptii-r1.1a/node_modules/.pnpm/jsdom@24.1.3/node_modules/jsdom/lib/jsdom/living/helpers/runtime-script-errors.js:66:24)
    at innerInvokeEventListeners (/home/angeli/Desktop/luxcity/proptii-r1.1a/node_modules/.pnpm/jsdom@24.1.3/node_modules/jsdom/lib/jsdom/living/events/EventTarget-impl.js:353:9)
    at invokeEventListeners (/home/angeli/Desktop/luxcity/proptii-r1.1a/node_modules/.pnpm/jsdom@24.1.3/node_modules/jsdom/lib/jsdom/living/events/EventTarget-impl.js:286:3)
    at HTMLUnknownElementImpl._dispatch (/home/angeli/Desktop/luxcity/proptii-r1.1a/node_modules/.pnpm/jsdom@24.1.3/node_modules/jsdom/lib/jsdom/living/events/EventTarget-impl.js:233:9)
    at HTMLUnknownElementImpl.dispatchEvent (/home/angeli/Desktop/luxcity/proptii-r1.1a/node_modules/.pnpm/jsdom@24.1.3/node_modules/jsdom/lib/jsdom/living/events/EventTarget-impl.js:104:17)
    at HTMLUnknownElement.dispatchEvent (/home/angeli/Desktop/luxcity/proptii-r1.1a/node_modules/.pnpm/jsdom@24.1.3/node_modules/jsdom/lib/jsdom/living/generated/EventTarget.js:241:34)
    at Object.invokeGuardedCallbackDev (/home/angeli/Desktop/luxcity/proptii-r1.1a/node_modules/.pnpm/react-dom@18.3.1_react@18.3.1/node_modules/react-dom/cjs/react-dom.development.js:4213:16)
    at invokeGuardedCallback (/home/angeli/Desktop/luxcity/proptii-r1.1a/node_modules/.pnpm/react-dom@18.3.1_react@18.3.1/node_modules/react-dom/cjs/react-dom.development.js:4277:31)
    at reportUncaughtErrorInDEV (/home/angeli/Desktop/luxcity/proptii-r1.1a/node_modules/.pnpm/react-dom@18.3.1_react@18.3.1/node_modules/react-dom/cjs/react-dom.development.js:22877:5)
    at captureCommitPhaseError (/home/angeli/Desktop/luxcity/proptii-r1.1a/node_modules/.pnpm/react-dom@18.3.1_react@18.3.1/node_modules/react-dom/cjs/react-dom.development.js:27165:5) TypeError: bottomRef.current?.scrollIntoView is not a function
    at /home/angeli/Desktop/luxcity/proptii-r1.1a/src/components/messaging/MessageThread.tsx:87:28
    at /home/angeli/Desktop/luxcity/proptii-r1.1a/src/components/messaging/MessageThread.tsx:128:13
    at commitHookEffectListMount (/home/angeli/Desktop/luxcity/proptii-r1.1a/node_modules/.pnpm/react-dom@18.3.1_react@18.3.1/node_modules/react-dom/cjs/react-dom.development.js:23189:26)
    at commitPassiveMountOnFiber (/home/angeli/Desktop/luxcity/proptii-r1.1a/node_modules/.pnpm/react-dom@18.3.1_react@18.3.1/node_modules/react-dom/cjs/react-dom.development.js:24970:11)
    at commitPassiveMountEffects_complete (/home/angeli/Desktop/luxcity/proptii-r1.1a/node_modules/.pnpm/react-dom@18.3.1_react@18.3.1/node_modules/react-dom/cjs/react-dom.development.js:24930:9)
    at commitPassiveMountEffects_begin (/home/angeli/Desktop/luxcity/proptii-r1.1a/node_modules/.pnpm/react-dom@18.3.1_react@18.3.1/node_modules/react-dom/cjs/react-dom.development.js:24917:7)
    at commitPassiveMountEffects (/home/angeli/Desktop/luxcity/proptii-r1.1a/node_modules/.pnpm/react-dom@18.3.1_react@18.3.1/node_modules/react-dom/cjs/react-dom.development.js:24905:3)
    at flushPassiveEffectsImpl (/home/angeli/Desktop/luxcity/proptii-r1.1a/node_modules/.pnpm/react-dom@18.3.1_react@18.3.1/node_modules/react-dom/cjs/react-dom.development.js:27078:3)
    at flushPassiveEffects (/home/angeli/Desktop/luxcity/proptii-r1.1a/node_modules/.pnpm/react-dom@18.3.1_react@18.3.1/node_modules/react-dom/cjs/react-dom.development.js:27023:14)
    at /home/angeli/Desktop/luxcity/proptii-r1.1a/node_modules/.pnpm/react-dom@18.3.1_react@18.3.1/node_modules/react-dom/cjs/react-dom.development.js:26808:9
The above error occurred in the <MessageThread> component:

    at MessageThread (/home/angeli/Desktop/luxcity/proptii-r1.1a/src/components/messaging/MessageThread.tsx:46:26)

Consider adding an error boundary to your tree to customize error handling behavior.
Visit https://reactjs.org/link/error-boundaries to learn more about error boundaries.

stderr | src/components/messaging/__tests__/properties/MessageThread.property.test.tsx > Property 22: MessageThread renders messages in chronological order with correct alignment > maintains chronological order and correct alignment simultaneously
Error: Uncaught [TypeError: bottomRef.current?.scrollIntoView is not a function]
    at reportException (/home/angeli/Desktop/luxcity/proptii-r1.1a/node_modules/.pnpm/jsdom@24.1.3/node_modules/jsdom/lib/jsdom/living/helpers/runtime-script-errors.js:66:24)
    at innerInvokeEventListeners (/home/angeli/Desktop/luxcity/proptii-r1.1a/node_modules/.pnpm/jsdom@24.1.3/node_modules/jsdom/lib/jsdom/living/events/EventTarget-impl.js:353:9)
    at invokeEventListeners (/home/angeli/Desktop/luxcity/proptii-r1.1a/node_modules/.pnpm/jsdom@24.1.3/node_modules/jsdom/lib/jsdom/living/events/EventTarget-impl.js:286:3)
    at HTMLUnknownElementImpl._dispatch (/home/angeli/Desktop/luxcity/proptii-r1.1a/node_modules/.pnpm/jsdom@24.1.3/node_modules/jsdom/lib/jsdom/living/events/EventTarget-impl.js:233:9)
    at HTMLUnknownElementImpl.dispatchEvent (/home/angeli/Desktop/luxcity/proptii-r1.1a/node_modules/.pnpm/jsdom@24.1.3/node_modules/jsdom/lib/jsdom/living/events/EventTarget-impl.js:104:17)
    at HTMLUnknownElement.dispatchEvent (/home/angeli/Desktop/luxcity/proptii-r1.1a/node_modules/.pnpm/jsdom@24.1.3/node_modules/jsdom/lib/jsdom/living/generated/EventTarget.js:241:34)
    at Object.invokeGuardedCallbackDev (/home/angeli/Desktop/luxcity/proptii-r1.1a/node_modules/.pnpm/react-dom@18.3.1_react@18.3.1/node_modules/react-dom/cjs/react-dom.development.js:4213:16)
    at invokeGuardedCallback (/home/angeli/Desktop/luxcity/proptii-r1.1a/node_modules/.pnpm/react-dom@18.3.1_react@18.3.1/node_modules/react-dom/cjs/react-dom.development.js:4277:31)
    at reportUncaughtErrorInDEV (/home/angeli/Desktop/luxcity/proptii-r1.1a/node_modules/.pnpm/react-dom@18.3.1_react@18.3.1/node_modules/react-dom/cjs/react-dom.development.js:22877:5)
    at captureCommitPhaseError (/home/angeli/Desktop/luxcity/proptii-r1.1a/node_modules/.pnpm/react-dom@18.3.1_react@18.3.1/node_modules/react-dom/cjs/react-dom.development.js:27165:5) TypeError: bottomRef.current?.scrollIntoView is not a function
    at /home/angeli/Desktop/luxcity/proptii-r1.1a/src/components/messaging/MessageThread.tsx:87:28
    at /home/angeli/Desktop/luxcity/proptii-r1.1a/src/components/messaging/MessageThread.tsx:128:13
    at commitHookEffectListMount (/home/angeli/Desktop/luxcity/proptii-r1.1a/node_modules/.pnpm/react-dom@18.3.1_react@18.3.1/node_modules/react-dom/cjs/react-dom.development.js:23189:26)
    at commitPassiveMountOnFiber (/home/angeli/Desktop/luxcity/proptii-r1.1a/node_modules/.pnpm/react-dom@18.3.1_react@18.3.1/node_modules/react-dom/cjs/react-dom.development.js:24970:11)
    at commitPassiveMountEffects_complete (/home/angeli/Desktop/luxcity/proptii-r1.1a/node_modules/.pnpm/react-dom@18.3.1_react@18.3.1/node_modules/react-dom/cjs/react-dom.development.js:24930:9)
    at commitPassiveMountEffects_begin (/home/angeli/Desktop/luxcity/proptii-r1.1a/node_modules/.pnpm/react-dom@18.3.1_react@18.3.1/node_modules/react-dom/cjs/react-dom.development.js:24917:7)
    at commitPassiveMountEffects (/home/angeli/Desktop/luxcity/proptii-r1.1a/node_modules/.pnpm/react-dom@18.3.1_react@18.3.1/node_modules/react-dom/cjs/react-dom.development.js:24905:3)
    at flushPassiveEffectsImpl (/home/angeli/Desktop/luxcity/proptii-r1.1a/node_modules/.pnpm/react-dom@18.3.1_react@18.3.1/node_modules/react-dom/cjs/react-dom.development.js:27078:3)
    at flushPassiveEffects (/home/angeli/Desktop/luxcity/proptii-r1.1a/node_modules/.pnpm/react-dom@18.3.1_react@18.3.1/node_modules/react-dom/cjs/react-dom.development.js:27023:14)
    at /home/angeli/Desktop/luxcity/proptii-r1.1a/node_modules/.pnpm/react-dom@18.3.1_react@18.3.1/node_modules/react-dom/cjs/react-dom.development.js:26808:9
The above error occurred in the <MessageThread> component:

    at MessageThread (/home/angeli/Desktop/luxcity/proptii-r1.1a/src/components/messaging/MessageThread.tsx:46:26)

Consider adding an error boundary to your tree to customize error handling behavior.
Visit https://reactjs.org/link/error-boundaries to learn more about error boundaries.

 ❯ src/components/messaging/__tests__/properties/MessageThread.property.test.tsx (3 tests | 3 failed) 12705ms
   × Property 22: MessageThread renders messages in chronological order with correct alignment > renders messages in ascending sentAt order regardless of input order 2692ms
     → Property failed after 1 tests
{ seed: 1267737146, path: "0:0:0:0:0:0:0:0:0:0:0:0", endOnFailure: true }
Counterexample: [[{"sentAt":new Date("1970-01-01T00:00:00.000Z"),"senderId":"00000000-0000-1000-8000-000000000000"},{"sentAt":new Date("1970-01-01T00:00:00.000Z"),"senderId":"00000000-0000-1000-8000-000000000000"}]]
Shrunk 11 time(s)
Got error: Unable to find an element by: [data-testid="message-item"]

Ignored nodes: comments, script, style
[36m<body>[39m
  [36m<div />[39m
  [36m<div />[39m
  [36m<div />[39m
  [36m<div />[39m
  [36m<div />[39m
  [36m<div />[39m
  [36m<div />[39m
  [36m<div />[39m
  [36m<div />[39m
  [36m<div />[39m
  [36m<div />[39m
  [36m<div />[39m
[36m</body>[39m
    at Proxy.waitForWrapper (/home/angeli/Desktop/luxcity/proptii-r1.1a/node_modules/.pnpm/@testing-library+dom@9.3.4/node_modules/@testing-library/dom/dist/wait-for.js:163:27)
    at /home/angeli/Desktop/luxcity/proptii-r1.1a/src/components/messaging/__tests__/properties/MessageThread.property.test.tsx:91:31
    at AsyncProperty.predicate (file:///home/angeli/Desktop/luxcity/proptii-r1.1a/node_modules/.pnpm/fast-check@3.23.2/node_modules/fast-check/lib/esm/check/property/AsyncProperty.js:14:59)
    at AsyncProperty.run (file:///home/angeli/Desktop/luxcity/proptii-r1.1a/node_modules/.pnpm/fast-check@3.23.2/node_modules/fast-check/lib/esm/check/property/AsyncProperty.generic.js:46:39)
    at asyncRunIt (file:///home/angeli/Desktop/luxcity/proptii-r1.1a/node_modules/.pnpm/fast-check@3.23.2/node_modules/fast-check/lib/esm/check/runner/Runner.js:33:36)
    at /home/angeli/Desktop/luxcity/proptii-r1.1a/src/components/messaging/__tests__/properties/MessageThread.property.test.tsx:66:9
    at file:///home/angeli/Desktop/luxcity/proptii-r1.1a/node_modules/.pnpm/@vitest+runner@3.2.7/node_modules/@vitest/runner/dist/chunk-hooks.js:752:20

Hint: Enable verbose mode in order to have the list of all failing values encountered during the run
   × Property 22: MessageThread renders messages in chronological order with correct alignment > applies correct alignment based on senderId === currentUserId 5004ms
     → Test timed out in 5000ms.
If this is a long-running test, pass a timeout value as the last argument or configure it globally with "testTimeout".
   × Property 22: MessageThread renders messages in chronological order with correct alignment > maintains chronological order and correct alignment simultaneously 5003ms
     → Test timed out in 5000ms.
If this is a long-running test, pass a timeout value as the last argument or configure it globally with "testTimeout".

⎯⎯⎯⎯⎯⎯⎯ Failed Tests 3 ⎯⎯⎯⎯⎯⎯⎯

 FAIL  src/components/messaging/__tests__/properties/MessageThread.property.test.tsx > Property 22: MessageThread renders messages in chronological order with correct alignment > renders messages in ascending sentAt order regardless of input order
Error: Property failed after 1 tests
{ seed: 1267737146, path: "0:0:0:0:0:0:0:0:0:0:0:0", endOnFailure: true }
Counterexample: [[{"sentAt":new Date("1970-01-01T00:00:00.000Z"),"senderId":"00000000-0000-1000-8000-000000000000"},{"sentAt":new Date("1970-01-01T00:00:00.000Z"),"senderId":"00000000-0000-1000-8000-000000000000"}]]
Shrunk 11 time(s)
Got error: Unable to find an element by: [data-testid="message-item"]

Ignored nodes: comments, script, style
[36m<body>[39m
  [36m<div />[39m
  [36m<div />[39m
  [36m<div />[39m
  [36m<div />[39m
  [36m<div />[39m
  [36m<div />[39m
  [36m<div />[39m
  [36m<div />[39m
  [36m<div />[39m
  [36m<div />[39m
  [36m<div />[39m
  [36m<div />[39m
[36m</body>[39m
    at Proxy.waitForWrapper (/home/angeli/Desktop/luxcity/proptii-r1.1a/node_modules/.pnpm/@testing-library+dom@9.3.4/node_modules/@testing-library/dom/dist/wait-for.js:163:27)
    at /home/angeli/Desktop/luxcity/proptii-r1.1a/src/components/messaging/__tests__/properties/MessageThread.property.test.tsx:91:31
    at AsyncProperty.predicate (file:///home/angeli/Desktop/luxcity/proptii-r1.1a/node_modules/.pnpm/fast-check@3.23.2/node_modules/fast-check/lib/esm/check/property/AsyncProperty.js:14:59)
    at AsyncProperty.run (file:///home/angeli/Desktop/luxcity/proptii-r1.1a/node_modules/.pnpm/fast-check@3.23.2/node_modules/fast-check/lib/esm/check/property/AsyncProperty.generic.js:46:39)
    at asyncRunIt (file:///home/angeli/Desktop/luxcity/proptii-r1.1a/node_modules/.pnpm/fast-check@3.23.2/node_modules/fast-check/lib/esm/check/runner/Runner.js:33:36)
    at /home/angeli/Desktop/luxcity/proptii-r1.1a/src/components/messaging/__tests__/properties/MessageThread.property.test.tsx:66:9
    at file:///home/angeli/Desktop/luxcity/proptii-r1.1a/node_modules/.pnpm/@vitest+runner@3.2.7/node_modules/@vitest/runner/dist/chunk-hooks.js:752:20

Hint: Enable verbose mode in order to have the list of all failing values encountered during the run
 ❯ Proxy.waitForWrapper node_modules/.pnpm/@testing-library+dom@9.3.4/node_modules/@testing-library/dom/dist/wait-for.js:163:27
 ❯ src/components/messaging/__tests__/properties/MessageThread.property.test.tsx:91:31
     89|                     try {
     90|                         // Wait for messages to be rendered
     91|                         await waitFor(() => {
       |                               ^
     92|                             expect(screen.getAllByTestId('message-item…
     93|                         });
 ❯ AsyncProperty.predicate node_modules/.pnpm/fast-check@3.23.2/node_modules/fast-check/lib/esm/check/property/AsyncProperty.js:14:59
 ❯ AsyncProperty.run node_modules/.pnpm/fast-check@3.23.2/node_modules/fast-check/lib/esm/check/property/AsyncProperty.generic.js:46:39
 ❯ asyncRunIt node_modules/.pnpm/fast-check@3.23.2/node_modules/fast-check/lib/esm/check/runner/Runner.js:33:36
 ❯ src/components/messaging/__tests__/properties/MessageThread.property.test.tsx:66:9
 ❯ buildError node_modules/.pnpm/fast-check@3.23.2/node_modules/fast-check/lib/esm/check/runner/utils/RunDetailsFormatter.js:126:15
 ❯ asyncThrowIfFailed node_modules/.pnpm/fast-check@3.23.2/node_modules/fast-check/lib/esm/check/runner/utils/RunDetailsFormatter.js:143:11

⎯⎯⎯⎯⎯⎯⎯⎯⎯⎯⎯⎯⎯⎯⎯⎯⎯⎯⎯⎯⎯⎯⎯⎯[1/3]⎯

 FAIL  src/components/messaging/__tests__/properties/MessageThread.property.test.tsx > Property 22: MessageThread renders messages in chronological order with correct alignment > applies correct alignment based on senderId === currentUserId
Error: Test timed out in 5000ms.
If this is a long-running test, pass a timeout value as the last argument or configure it globally with "testTimeout".
 ❯ src/components/messaging/__tests__/properties/MessageThread.property.test.tsx:118:5
    116|     }, 60_000);
    117| 
    118|     it('applies correct alignment based on senderId === currentUserId'…
       |     ^
    119|         await fc.assert(
    120|             fc.asyncProperty(

⎯⎯⎯⎯⎯⎯⎯⎯⎯⎯⎯⎯⎯⎯⎯⎯⎯⎯⎯⎯⎯⎯⎯⎯[2/3]⎯

 FAIL  src/components/messaging/__tests__/properties/MessageThread.property.test.tsx > Property 22: MessageThread renders messages in chronological order with correct alignment > maintains chronological order and correct alignment simultaneously
Error: Test timed out in 5000ms.
If this is a long-running test, pass a timeout value as the last argument or configure it globally with "testTimeout".
 ❯ src/components/messaging/__tests__/properties/MessageThread.property.test.tsx:172:5
    170|     });
    171| 
    172|     it('maintains chronological order and correct alignment simultaneo…
       |     ^
    173|         await fc.assert(
    174|             fc.asyncProperty(

⎯⎯⎯⎯⎯⎯⎯⎯⎯⎯⎯⎯⎯⎯⎯⎯⎯⎯⎯⎯⎯⎯⎯⎯[3/3]⎯

⎯⎯⎯⎯⎯⎯ Unhandled Errors ⎯⎯⎯⎯⎯⎯

Vitest caught 33 unhandled errors during the test run.
This might cause false positive tests. Resolve unhandled errors to make sure your tests are not affected.

⎯⎯⎯⎯⎯ Uncaught Exception ⎯⎯⎯⎯⎯
TypeError: bottomRef.current?.scrollIntoView is not a function
 ❯ src/components/messaging/MessageThread.tsx:87:28
     85| 
     86|     const scrollToBottom = useCallback(() => {
     87|         bottomRef.current?.scrollIntoView({ behavior: 'smooth' });
       |                            ^
     88|         onScrollRequest?.();
     89|     }, [onScrollRequest]);
 ❯ src/components/messaging/MessageThread.tsx:128:13
 ❯ commitHookEffectListMount node_modules/.pnpm/react-dom@18.3.1_react@18.3.1/node_modules/react-dom/cjs/react-dom.development.js:23189:26
 ❯ commitPassiveMountOnFiber node_modules/.pnpm/react-dom@18.3.1_react@18.3.1/node_modules/react-dom/cjs/react-dom.development.js:24970:11
 ❯ commitPassiveMountEffects_complete node_modules/.pnpm/react-dom@18.3.1_react@18.3.1/node_modules/react-dom/cjs/react-dom.development.js:24930:9
 ❯ commitPassiveMountEffects_begin node_modules/.pnpm/react-dom@18.3.1_react@18.3.1/node_modules/react-dom/cjs/react-dom.development.js:24917:7
 ❯ commitPassiveMountEffects node_modules/.pnpm/react-dom@18.3.1_react@18.3.1/node_modules/react-dom/cjs/react-dom.development.js:24905:3
 ❯ flushPassiveEffectsImpl node_modules/.pnpm/react-dom@18.3.1_react@18.3.1/node_modules/react-dom/cjs/react-dom.development.js:27078:3
 ❯ flushPassiveEffects node_modules/.pnpm/react-dom@18.3.1_react@18.3.1/node_modules/react-dom/cjs/react-dom.development.js:27023:14
 ❯ node_modules/.pnpm/react-dom@18.3.1_react@18.3.1/node_modules/react-dom/cjs/react-dom.development.js:26808:9

This error originated in "src/components/messaging/__tests__/properties/MessageThread.property.test.tsx" test file. It doesn't mean the error was thrown inside the file itself, but while it was running.
The latest test that might've caused the error is "renders messages in ascending sentAt order regardless of input order". It might mean one of the following:
- The error was thrown, while Vitest was running this test.
- If the error occurred after the test had been completed, this was the last documented test before it was thrown.

⎯⎯⎯⎯⎯ Uncaught Exception ⎯⎯⎯⎯⎯
TypeError: bottomRef.current?.scrollIntoView is not a function
 ❯ src/components/messaging/MessageThread.tsx:87:28
     85| 
     86|     const scrollToBottom = useCallback(() => {
     87|         bottomRef.current?.scrollIntoView({ behavior: 'smooth' });
       |                            ^
     88|         onScrollRequest?.();
     89|     }, [onScrollRequest]);
 ❯ src/components/messaging/MessageThread.tsx:128:13
 ❯ commitHookEffectListMount node_modules/.pnpm/react-dom@18.3.1_react@18.3.1/node_modules/react-dom/cjs/react-dom.development.js:23189:26
 ❯ commitPassiveMountOnFiber node_modules/.pnpm/react-dom@18.3.1_react@18.3.1/node_modules/react-dom/cjs/react-dom.development.js:24970:11
 ❯ commitPassiveMountEffects_complete node_modules/.pnpm/react-dom@18.3.1_react@18.3.1/node_modules/react-dom/cjs/react-dom.development.js:24930:9
 ❯ commitPassiveMountEffects_begin node_modules/.pnpm/react-dom@18.3.1_react@18.3.1/node_modules/react-dom/cjs/react-dom.development.js:24917:7
 ❯ commitPassiveMountEffects node_modules/.pnpm/react-dom@18.3.1_react@18.3.1/node_modules/react-dom/cjs/react-dom.development.js:24905:3
 ❯ flushPassiveEffectsImpl node_modules/.pnpm/react-dom@18.3.1_react@18.3.1/node_modules/react-dom/cjs/react-dom.development.js:27078:3
 ❯ flushPassiveEffects node_modules/.pnpm/react-dom@18.3.1_react@18.3.1/node_modules/react-dom/cjs/react-dom.development.js:27023:14
 ❯ node_modules/.pnpm/react-dom@18.3.1_react@18.3.1/node_modules/react-dom/cjs/react-dom.development.js:26808:9

This error originated in "src/components/messaging/__tests__/properties/MessageThread.property.test.tsx" test file. It doesn't mean the error was thrown inside the file itself, but while it was running.
The latest test that might've caused the error is "renders messages in ascending sentAt order regardless of input order". It might mean one of the following:
- The error was thrown, while Vitest was running this test.
- If the error occurred after the test had been completed, this was the last documented test before it was thrown.

⎯⎯⎯⎯⎯ Uncaught Exception ⎯⎯⎯⎯⎯
TypeError: bottomRef.current?.scrollIntoView is not a function
 ❯ src/components/messaging/MessageThread.tsx:87:28
     85| 
     86|     const scrollToBottom = useCallback(() => {
     87|         bottomRef.current?.scrollIntoView({ behavior: 'smooth' });
       |                            ^
     88|         onScrollRequest?.();
     89|     }, [onScrollRequest]);
 ❯ src/components/messaging/MessageThread.tsx:128:13
 ❯ commitHookEffectListMount node_modules/.pnpm/react-dom@18.3.1_react@18.3.1/node_modules/react-dom/cjs/react-dom.development.js:23189:26
 ❯ commitPassiveMountOnFiber node_modules/.pnpm/react-dom@18.3.1_react@18.3.1/node_modules/react-dom/cjs/react-dom.development.js:24970:11
 ❯ commitPassiveMountEffects_complete node_modules/.pnpm/react-dom@18.3.1_react@18.3.1/node_modules/react-dom/cjs/react-dom.development.js:24930:9
 ❯ commitPassiveMountEffects_begin node_modules/.pnpm/react-dom@18.3.1_react@18.3.1/node_modules/react-dom/cjs/react-dom.development.js:24917:7
 ❯ commitPassiveMountEffects node_modules/.pnpm/react-dom@18.3.1_react@18.3.1/node_modules/react-dom/cjs/react-dom.development.js:24905:3
 ❯ flushPassiveEffectsImpl node_modules/.pnpm/react-dom@18.3.1_react@18.3.1/node_modules/react-dom/cjs/react-dom.development.js:27078:3
 ❯ flushPassiveEffects node_modules/.pnpm/react-dom@18.3.1_react@18.3.1/node_modules/react-dom/cjs/react-dom.development.js:27023:14
 ❯ node_modules/.pnpm/react-dom@18.3.1_react@18.3.1/node_modules/react-dom/cjs/react-dom.development.js:26808:9

This error originated in "src/components/messaging/__tests__/properties/MessageThread.property.test.tsx" test file. It doesn't mean the error was thrown inside the file itself, but while it was running.
The latest test that might've caused the error is "renders messages in ascending sentAt order regardless of input order". It might mean one of the following:
- The error was thrown, while Vitest was running this test.
- If the error occurred after the test had been completed, this was the last documented test before it was thrown.

⎯⎯⎯⎯⎯ Uncaught Exception ⎯⎯⎯⎯⎯
TypeError: bottomRef.current?.scrollIntoView is not a function
 ❯ src/components/messaging/MessageThread.tsx:87:28
     85| 
     86|     const scrollToBottom = useCallback(() => {
     87|         bottomRef.current?.scrollIntoView({ behavior: 'smooth' });
       |                            ^
     88|         onScrollRequest?.();
     89|     }, [onScrollRequest]);
 ❯ src/components/messaging/MessageThread.tsx:128:13
 ❯ commitHookEffectListMount node_modules/.pnpm/react-dom@18.3.1_react@18.3.1/node_modules/react-dom/cjs/react-dom.development.js:23189:26
 ❯ commitPassiveMountOnFiber node_modules/.pnpm/react-dom@18.3.1_react@18.3.1/node_modules/react-dom/cjs/react-dom.development.js:24970:11
 ❯ commitPassiveMountEffects_complete node_modules/.pnpm/react-dom@18.3.1_react@18.3.1/node_modules/react-dom/cjs/react-dom.development.js:24930:9
 ❯ commitPassiveMountEffects_begin node_modules/.pnpm/react-dom@18.3.1_react@18.3.1/node_modules/react-dom/cjs/react-dom.development.js:24917:7
 ❯ commitPassiveMountEffects node_modules/.pnpm/react-dom@18.3.1_react@18.3.1/node_modules/react-dom/cjs/react-dom.development.js:24905:3
 ❯ flushPassiveEffectsImpl node_modules/.pnpm/react-dom@18.3.1_react@18.3.1/node_modules/react-dom/cjs/react-dom.development.js:27078:3
 ❯ flushPassiveEffects node_modules/.pnpm/react-dom@18.3.1_react@18.3.1/node_modules/react-dom/cjs/react-dom.development.js:27023:14
 ❯ node_modules/.pnpm/react-dom@18.3.1_react@18.3.1/node_modules/react-dom/cjs/react-dom.development.js:26808:9

This error originated in "src/components/messaging/__tests__/properties/MessageThread.property.test.tsx" test file. It doesn't mean the error was thrown inside the file itself, but while it was running.
The latest test that might've caused the error is "renders messages in ascending sentAt order regardless of input order". It might mean one of the following:
- The error was thrown, while Vitest was running this test.
- If the error occurred after the test had been completed, this was the last documented test before it was thrown.

⎯⎯⎯⎯⎯ Uncaught Exception ⎯⎯⎯⎯⎯
TypeError: bottomRef.current?.scrollIntoView is not a function
 ❯ src/components/messaging/MessageThread.tsx:87:28
     85| 
     86|     const scrollToBottom = useCallback(() => {
     87|         bottomRef.current?.scrollIntoView({ behavior: 'smooth' });
       |                            ^
     88|         onScrollRequest?.();
     89|     }, [onScrollRequest]);
 ❯ src/components/messaging/MessageThread.tsx:128:13
 ❯ commitHookEffectListMount node_modules/.pnpm/react-dom@18.3.1_react@18.3.1/node_modules/react-dom/cjs/react-dom.development.js:23189:26
 ❯ commitPassiveMountOnFiber node_modules/.pnpm/react-dom@18.3.1_react@18.3.1/node_modules/react-dom/cjs/react-dom.development.js:24970:11
 ❯ commitPassiveMountEffects_complete node_modules/.pnpm/react-dom@18.3.1_react@18.3.1/node_modules/react-dom/cjs/react-dom.development.js:24930:9
 ❯ commitPassiveMountEffects_begin node_modules/.pnpm/react-dom@18.3.1_react@18.3.1/node_modules/react-dom/cjs/react-dom.development.js:24917:7
 ❯ commitPassiveMountEffects node_modules/.pnpm/react-dom@18.3.1_react@18.3.1/node_modules/react-dom/cjs/react-dom.development.js:24905:3
 ❯ flushPassiveEffectsImpl node_modules/.pnpm/react-dom@18.3.1_react@18.3.1/node_modules/react-dom/cjs/react-dom.development.js:27078:3
 ❯ flushPassiveEffects node_modules/.pnpm/react-dom@18.3.1_react@18.3.1/node_modules/react-dom/cjs/react-dom.development.js:27023:14
 ❯ node_modules/.pnpm/react-dom@18.3.1_react@18.3.1/node_modules/react-dom/cjs/react-dom.development.js:26808:9

This error originated in "src/components/messaging/__tests__/properties/MessageThread.property.test.tsx" test file. It doesn't mean the error was thrown inside the file itself, but while it was running.
The latest test that might've caused the error is "renders messages in ascending sentAt order regardless of input order". It might mean one of the following:
- The error was thrown, while Vitest was running this test.
- If the error occurred after the test had been completed, this was the last documented test before it was thrown.

⎯⎯⎯⎯⎯ Uncaught Exception ⎯⎯⎯⎯⎯
TypeError: bottomRef.current?.scrollIntoView is not a function
 ❯ src/components/messaging/MessageThread.tsx:87:28
     85| 
     86|     const scrollToBottom = useCallback(() => {
     87|         bottomRef.current?.scrollIntoView({ behavior: 'smooth' });
       |                            ^
     88|         onScrollRequest?.();
     89|     }, [onScrollRequest]);
 ❯ src/components/messaging/MessageThread.tsx:128:13
 ❯ commitHookEffectListMount node_modules/.pnpm/react-dom@18.3.1_react@18.3.1/node_modules/react-dom/cjs/react-dom.development.js:23189:26
 ❯ commitPassiveMountOnFiber node_modules/.pnpm/react-dom@18.3.1_react@18.3.1/node_modules/react-dom/cjs/react-dom.development.js:24970:11
 ❯ commitPassiveMountEffects_complete node_modules/.pnpm/react-dom@18.3.1_react@18.3.1/node_modules/react-dom/cjs/react-dom.development.js:24930:9
 ❯ commitPassiveMountEffects_begin node_modules/.pnpm/react-dom@18.3.1_react@18.3.1/node_modules/react-dom/cjs/react-dom.development.js:24917:7
 ❯ commitPassiveMountEffects node_modules/.pnpm/react-dom@18.3.1_react@18.3.1/node_modules/react-dom/cjs/react-dom.development.js:24905:3
 ❯ flushPassiveEffectsImpl node_modules/.pnpm/react-dom@18.3.1_react@18.3.1/node_modules/react-dom/cjs/react-dom.development.js:27078:3
 ❯ flushPassiveEffects node_modules/.pnpm/react-dom@18.3.1_react@18.3.1/node_modules/react-dom/cjs/react-dom.development.js:27023:14
 ❯ node_modules/.pnpm/react-dom@18.3.1_react@18.3.1/node_modules/react-dom/cjs/react-dom.development.js:26808:9

This error originated in "src/components/messaging/__tests__/properties/MessageThread.property.test.tsx" test file. It doesn't mean the error was thrown inside the file itself, but while it was running.
The latest test that might've caused the error is "renders messages in ascending sentAt order regardless of input order". It might mean one of the following:
- The error was thrown, while Vitest was running this test.
- If the error occurred after the test had been completed, this was the last documented test before it was thrown.

⎯⎯⎯⎯⎯ Uncaught Exception ⎯⎯⎯⎯⎯
TypeError: bottomRef.current?.scrollIntoView is not a function
 ❯ src/components/messaging/MessageThread.tsx:87:28
     85| 
     86|     const scrollToBottom = useCallback(() => {
     87|         bottomRef.current?.scrollIntoView({ behavior: 'smooth' });
       |                            ^
     88|         onScrollRequest?.();
     89|     }, [onScrollRequest]);
 ❯ src/components/messaging/MessageThread.tsx:128:13
 ❯ commitHookEffectListMount node_modules/.pnpm/react-dom@18.3.1_react@18.3.1/node_modules/react-dom/cjs/react-dom.development.js:23189:26
 ❯ commitPassiveMountOnFiber node_modules/.pnpm/react-dom@18.3.1_react@18.3.1/node_modules/react-dom/cjs/react-dom.development.js:24970:11
 ❯ commitPassiveMountEffects_complete node_modules/.pnpm/react-dom@18.3.1_react@18.3.1/node_modules/react-dom/cjs/react-dom.development.js:24930:9
 ❯ commitPassiveMountEffects_begin node_modules/.pnpm/react-dom@18.3.1_react@18.3.1/node_modules/react-dom/cjs/react-dom.development.js:24917:7
 ❯ commitPassiveMountEffects node_modules/.pnpm/react-dom@18.3.1_react@18.3.1/node_modules/react-dom/cjs/react-dom.development.js:24905:3
 ❯ flushPassiveEffectsImpl node_modules/.pnpm/react-dom@18.3.1_react@18.3.1/node_modules/react-dom/cjs/react-dom.development.js:27078:3
 ❯ flushPassiveEffects node_modules/.pnpm/react-dom@18.3.1_react@18.3.1/node_modules/react-dom/cjs/react-dom.development.js:27023:14
 ❯ node_modules/.pnpm/react-dom@18.3.1_react@18.3.1/node_modules/react-dom/cjs/react-dom.development.js:26808:9

This error originated in "src/components/messaging/__tests__/properties/MessageThread.property.test.tsx" test file. It doesn't mean the error was thrown inside the file itself, but while it was running.
The latest test that might've caused the error is "renders messages in ascending sentAt order regardless of input order". It might mean one of the following:
- The error was thrown, while Vitest was running this test.
- If the error occurred after the test had been completed, this was the last documented test before it was thrown.

⎯⎯⎯⎯⎯ Uncaught Exception ⎯⎯⎯⎯⎯
TypeError: bottomRef.current?.scrollIntoView is not a function
 ❯ src/components/messaging/MessageThread.tsx:87:28
     85| 
     86|     const scrollToBottom = useCallback(() => {
     87|         bottomRef.current?.scrollIntoView({ behavior: 'smooth' });
       |                            ^
     88|         onScrollRequest?.();
     89|     }, [onScrollRequest]);
 ❯ src/components/messaging/MessageThread.tsx:128:13
 ❯ commitHookEffectListMount node_modules/.pnpm/react-dom@18.3.1_react@18.3.1/node_modules/react-dom/cjs/react-dom.development.js:23189:26
 ❯ commitPassiveMountOnFiber node_modules/.pnpm/react-dom@18.3.1_react@18.3.1/node_modules/react-dom/cjs/react-dom.development.js:24970:11
 ❯ commitPassiveMountEffects_complete node_modules/.pnpm/react-dom@18.3.1_react@18.3.1/node_modules/react-dom/cjs/react-dom.development.js:24930:9
 ❯ commitPassiveMountEffects_begin node_modules/.pnpm/react-dom@18.3.1_react@18.3.1/node_modules/react-dom/cjs/react-dom.development.js:24917:7
 ❯ commitPassiveMountEffects node_modules/.pnpm/react-dom@18.3.1_react@18.3.1/node_modules/react-dom/cjs/react-dom.development.js:24905:3
 ❯ flushPassiveEffectsImpl node_modules/.pnpm/react-dom@18.3.1_react@18.3.1/node_modules/react-dom/cjs/react-dom.development.js:27078:3
 ❯ flushPassiveEffects node_modules/.pnpm/react-dom@18.3.1_react@18.3.1/node_modules/react-dom/cjs/react-dom.development.js:27023:14
 ❯ node_modules/.pnpm/react-dom@18.3.1_react@18.3.1/node_modules/react-dom/cjs/react-dom.development.js:26808:9

This error originated in "src/components/messaging/__tests__/properties/MessageThread.property.test.tsx" test file. It doesn't mean the error was thrown inside the file itself, but while it was running.
The latest test that might've caused the error is "renders messages in ascending sentAt order regardless of input order". It might mean one of the following:
- The error was thrown, while Vitest was running this test.
- If the error occurred after the test had been completed, this was the last documented test before it was thrown.

⎯⎯⎯⎯⎯ Uncaught Exception ⎯⎯⎯⎯⎯
TypeError: bottomRef.current?.scrollIntoView is not a function
 ❯ src/components/messaging/MessageThread.tsx:87:28
     85| 
     86|     const scrollToBottom = useCallback(() => {
     87|         bottomRef.current?.scrollIntoView({ behavior: 'smooth' });
       |                            ^
     88|         onScrollRequest?.();
     89|     }, [onScrollRequest]);
 ❯ src/components/messaging/MessageThread.tsx:128:13
 ❯ commitHookEffectListMount node_modules/.pnpm/react-dom@18.3.1_react@18.3.1/node_modules/react-dom/cjs/react-dom.development.js:23189:26
 ❯ commitPassiveMountOnFiber node_modules/.pnpm/react-dom@18.3.1_react@18.3.1/node_modules/react-dom/cjs/react-dom.development.js:24970:11
 ❯ commitPassiveMountEffects_complete node_modules/.pnpm/react-dom@18.3.1_react@18.3.1/node_modules/react-dom/cjs/react-dom.development.js:24930:9
 ❯ commitPassiveMountEffects_begin node_modules/.pnpm/react-dom@18.3.1_react@18.3.1/node_modules/react-dom/cjs/react-dom.development.js:24917:7
 ❯ commitPassiveMountEffects node_modules/.pnpm/react-dom@18.3.1_react@18.3.1/node_modules/react-dom/cjs/react-dom.development.js:24905:3
 ❯ flushPassiveEffectsImpl node_modules/.pnpm/react-dom@18.3.1_react@18.3.1/node_modules/react-dom/cjs/react-dom.development.js:27078:3
 ❯ flushPassiveEffects node_modules/.pnpm/react-dom@18.3.1_react@18.3.1/node_modules/react-dom/cjs/react-dom.development.js:27023:14
 ❯ node_modules/.pnpm/react-dom@18.3.1_react@18.3.1/node_modules/react-dom/cjs/react-dom.development.js:26808:9

This error originated in "src/components/messaging/__tests__/properties/MessageThread.property.test.tsx" test file. It doesn't mean the error was thrown inside the file itself, but while it was running.
The latest test that might've caused the error is "renders messages in ascending sentAt order regardless of input order". It might mean one of the following:
- The error was thrown, while Vitest was running this test.
- If the error occurred after the test had been completed, this was the last documented test before it was thrown.

⎯⎯⎯⎯⎯ Uncaught Exception ⎯⎯⎯⎯⎯
TypeError: bottomRef.current?.scrollIntoView is not a function
 ❯ src/components/messaging/MessageThread.tsx:87:28
     85| 
     86|     const scrollToBottom = useCallback(() => {
     87|         bottomRef.current?.scrollIntoView({ behavior: 'smooth' });
       |                            ^
     88|         onScrollRequest?.();
     89|     }, [onScrollRequest]);
 ❯ src/components/messaging/MessageThread.tsx:128:13
 ❯ commitHookEffectListMount node_modules/.pnpm/react-dom@18.3.1_react@18.3.1/node_modules/react-dom/cjs/react-dom.development.js:23189:26
 ❯ commitPassiveMountOnFiber node_modules/.pnpm/react-dom@18.3.1_react@18.3.1/node_modules/react-dom/cjs/react-dom.development.js:24970:11
 ❯ commitPassiveMountEffects_complete node_modules/.pnpm/react-dom@18.3.1_react@18.3.1/node_modules/react-dom/cjs/react-dom.development.js:24930:9
 ❯ commitPassiveMountEffects_begin node_modules/.pnpm/react-dom@18.3.1_react@18.3.1/node_modules/react-dom/cjs/react-dom.development.js:24917:7
 ❯ commitPassiveMountEffects node_modules/.pnpm/react-dom@18.3.1_react@18.3.1/node_modules/react-dom/cjs/react-dom.development.js:24905:3
 ❯ flushPassiveEffectsImpl node_modules/.pnpm/react-dom@18.3.1_react@18.3.1/node_modules/react-dom/cjs/react-dom.development.js:27078:3
 ❯ flushPassiveEffects node_modules/.pnpm/react-dom@18.3.1_react@18.3.1/node_modules/react-dom/cjs/react-dom.development.js:27023:14
 ❯ node_modules/.pnpm/react-dom@18.3.1_react@18.3.1/node_modules/react-dom/cjs/react-dom.development.js:26808:9

This error originated in "src/components/messaging/__tests__/properties/MessageThread.property.test.tsx" test file. It doesn't mean the error was thrown inside the file itself, but while it was running.
The latest test that might've caused the error is "renders messages in ascending sentAt order regardless of input order". It might mean one of the following:
- The error was thrown, while Vitest was running this test.
- If the error occurred after the test had been completed, this was the last documented test before it was thrown.

⎯⎯⎯⎯⎯ Uncaught Exception ⎯⎯⎯⎯⎯
TypeError: bottomRef.current?.scrollIntoView is not a function
 ❯ src/components/messaging/MessageThread.tsx:87:28
     85| 
     86|     const scrollToBottom = useCallback(() => {
     87|         bottomRef.current?.scrollIntoView({ behavior: 'smooth' });
       |                            ^
     88|         onScrollRequest?.();
     89|     }, [onScrollRequest]);
 ❯ src/components/messaging/MessageThread.tsx:128:13
 ❯ commitHookEffectListMount node_modules/.pnpm/react-dom@18.3.1_react@18.3.1/node_modules/react-dom/cjs/react-dom.development.js:23189:26
 ❯ commitPassiveMountOnFiber node_modules/.pnpm/react-dom@18.3.1_react@18.3.1/node_modules/react-dom/cjs/react-dom.development.js:24970:11
 ❯ commitPassiveMountEffects_complete node_modules/.pnpm/react-dom@18.3.1_react@18.3.1/node_modules/react-dom/cjs/react-dom.development.js:24930:9
 ❯ commitPassiveMountEffects_begin node_modules/.pnpm/react-dom@18.3.1_react@18.3.1/node_modules/react-dom/cjs/react-dom.development.js:24917:7
 ❯ commitPassiveMountEffects node_modules/.pnpm/react-dom@18.3.1_react@18.3.1/node_modules/react-dom/cjs/react-dom.development.js:24905:3
 ❯ flushPassiveEffectsImpl node_modules/.pnpm/react-dom@18.3.1_react@18.3.1/node_modules/react-dom/cjs/react-dom.development.js:27078:3
 ❯ flushPassiveEffects node_modules/.pnpm/react-dom@18.3.1_react@18.3.1/node_modules/react-dom/cjs/react-dom.development.js:27023:14
 ❯ node_modules/.pnpm/react-dom@18.3.1_react@18.3.1/node_modules/react-dom/cjs/react-dom.development.js:26808:9

This error originated in "src/components/messaging/__tests__/properties/MessageThread.property.test.tsx" test file. It doesn't mean the error was thrown inside the file itself, but while it was running.
The latest test that might've caused the error is "renders messages in ascending sentAt order regardless of input order". It might mean one of the following:
- The error was thrown, while Vitest was running this test.
- If the error occurred after the test had been completed, this was the last documented test before it was thrown.

⎯⎯⎯⎯⎯ Uncaught Exception ⎯⎯⎯⎯⎯
TypeError: bottomRef.current?.scrollIntoView is not a function
 ❯ src/components/messaging/MessageThread.tsx:87:28
     85| 
     86|     const scrollToBottom = useCallback(() => {
     87|         bottomRef.current?.scrollIntoView({ behavior: 'smooth' });
       |                            ^
     88|         onScrollRequest?.();
     89|     }, [onScrollRequest]);
 ❯ src/components/messaging/MessageThread.tsx:128:13
 ❯ commitHookEffectListMount node_modules/.pnpm/react-dom@18.3.1_react@18.3.1/node_modules/react-dom/cjs/react-dom.development.js:23189:26
 ❯ commitPassiveMountOnFiber node_modules/.pnpm/react-dom@18.3.1_react@18.3.1/node_modules/react-dom/cjs/react-dom.development.js:24970:11
 ❯ commitPassiveMountEffects_complete node_modules/.pnpm/react-dom@18.3.1_react@18.3.1/node_modules/react-dom/cjs/react-dom.development.js:24930:9
 ❯ commitPassiveMountEffects_begin node_modules/.pnpm/react-dom@18.3.1_react@18.3.1/node_modules/react-dom/cjs/react-dom.development.js:24917:7
 ❯ commitPassiveMountEffects node_modules/.pnpm/react-dom@18.3.1_react@18.3.1/node_modules/react-dom/cjs/react-dom.development.js:24905:3
 ❯ flushPassiveEffectsImpl node_modules/.pnpm/react-dom@18.3.1_react@18.3.1/node_modules/react-dom/cjs/react-dom.development.js:27078:3
 ❯ flushPassiveEffects node_modules/.pnpm/react-dom@18.3.1_react@18.3.1/node_modules/react-dom/cjs/react-dom.development.js:27023:14
 ❯ node_modules/.pnpm/react-dom@18.3.1_react@18.3.1/node_modules/react-dom/cjs/react-dom.development.js:26808:9

This error originated in "src/components/messaging/__tests__/properties/MessageThread.property.test.tsx" test file. It doesn't mean the error was thrown inside the file itself, but while it was running.
The latest test that might've caused the error is "renders messages in ascending sentAt order regardless of input order". It might mean one of the following:
- The error was thrown, while Vitest was running this test.
- If the error occurred after the test had been completed, this was the last documented test before it was thrown.

⎯⎯⎯⎯⎯ Uncaught Exception ⎯⎯⎯⎯⎯
TypeError: bottomRef.current?.scrollIntoView is not a function
 ❯ src/components/messaging/MessageThread.tsx:87:28
     85| 
     86|     const scrollToBottom = useCallback(() => {
     87|         bottomRef.current?.scrollIntoView({ behavior: 'smooth' });
       |                            ^
     88|         onScrollRequest?.();
     89|     }, [onScrollRequest]);
 ❯ src/components/messaging/MessageThread.tsx:128:13
 ❯ commitHookEffectListMount node_modules/.pnpm/react-dom@18.3.1_react@18.3.1/node_modules/react-dom/cjs/react-dom.development.js:23189:26
 ❯ commitPassiveMountOnFiber node_modules/.pnpm/react-dom@18.3.1_react@18.3.1/node_modules/react-dom/cjs/react-dom.development.js:24970:11
 ❯ commitPassiveMountEffects_complete node_modules/.pnpm/react-dom@18.3.1_react@18.3.1/node_modules/react-dom/cjs/react-dom.development.js:24930:9
 ❯ commitPassiveMountEffects_begin node_modules/.pnpm/react-dom@18.3.1_react@18.3.1/node_modules/react-dom/cjs/react-dom.development.js:24917:7
 ❯ commitPassiveMountEffects node_modules/.pnpm/react-dom@18.3.1_react@18.3.1/node_modules/react-dom/cjs/react-dom.development.js:24905:3
 ❯ flushPassiveEffectsImpl node_modules/.pnpm/react-dom@18.3.1_react@18.3.1/node_modules/react-dom/cjs/react-dom.development.js:27078:3
 ❯ flushPassiveEffects node_modules/.pnpm/react-dom@18.3.1_react@18.3.1/node_modules/react-dom/cjs/react-dom.development.js:27023:14
 ❯ node_modules/.pnpm/react-dom@18.3.1_react@18.3.1/node_modules/react-dom/cjs/react-dom.development.js:26808:9

This error originated in "src/components/messaging/__tests__/properties/MessageThread.property.test.tsx" test file. It doesn't mean the error was thrown inside the file itself, but while it was running.
The latest test that might've caused the error is "applies correct alignment based on senderId === currentUserId". It might mean one of the following:
- The error was thrown, while Vitest was running this test.
- If the error occurred after the test had been completed, this was the last documented test before it was thrown.

⎯⎯⎯⎯⎯ Uncaught Exception ⎯⎯⎯⎯⎯
TypeError: bottomRef.current?.scrollIntoView is not a function
 ❯ src/components/messaging/MessageThread.tsx:87:28
     85| 
     86|     const scrollToBottom = useCallback(() => {
     87|         bottomRef.current?.scrollIntoView({ behavior: 'smooth' });
       |                            ^
     88|         onScrollRequest?.();
     89|     }, [onScrollRequest]);
 ❯ src/components/messaging/MessageThread.tsx:128:13
 ❯ commitHookEffectListMount node_modules/.pnpm/react-dom@18.3.1_react@18.3.1/node_modules/react-dom/cjs/react-dom.development.js:23189:26
 ❯ commitPassiveMountOnFiber node_modules/.pnpm/react-dom@18.3.1_react@18.3.1/node_modules/react-dom/cjs/react-dom.development.js:24970:11
 ❯ commitPassiveMountEffects_complete node_modules/.pnpm/react-dom@18.3.1_react@18.3.1/node_modules/react-dom/cjs/react-dom.development.js:24930:9
 ❯ commitPassiveMountEffects_begin node_modules/.pnpm/react-dom@18.3.1_react@18.3.1/node_modules/react-dom/cjs/react-dom.development.js:24917:7
 ❯ commitPassiveMountEffects node_modules/.pnpm/react-dom@18.3.1_react@18.3.1/node_modules/react-dom/cjs/react-dom.development.js:24905:3
 ❯ flushPassiveEffectsImpl node_modules/.pnpm/react-dom@18.3.1_react@18.3.1/node_modules/react-dom/cjs/react-dom.development.js:27078:3
 ❯ flushPassiveEffects node_modules/.pnpm/react-dom@18.3.1_react@18.3.1/node_modules/react-dom/cjs/react-dom.development.js:27023:14
 ❯ node_modules/.pnpm/react-dom@18.3.1_react@18.3.1/node_modules/react-dom/cjs/react-dom.development.js:26808:9

This error originated in "src/components/messaging/__tests__/properties/MessageThread.property.test.tsx" test file. It doesn't mean the error was thrown inside the file itself, but while it was running.
The latest test that might've caused the error is "applies correct alignment based on senderId === currentUserId". It might mean one of the following:
- The error was thrown, while Vitest was running this test.
- If the error occurred after the test had been completed, this was the last documented test before it was thrown.

⎯⎯⎯⎯⎯ Uncaught Exception ⎯⎯⎯⎯⎯
TypeError: bottomRef.current?.scrollIntoView is not a function
 ❯ src/components/messaging/MessageThread.tsx:87:28
     85| 
     86|     const scrollToBottom = useCallback(() => {
     87|         bottomRef.current?.scrollIntoView({ behavior: 'smooth' });
       |                            ^
     88|         onScrollRequest?.();
     89|     }, [onScrollRequest]);
 ❯ src/components/messaging/MessageThread.tsx:128:13
 ❯ commitHookEffectListMount node_modules/.pnpm/react-dom@18.3.1_react@18.3.1/node_modules/react-dom/cjs/react-dom.development.js:23189:26
 ❯ commitPassiveMountOnFiber node_modules/.pnpm/react-dom@18.3.1_react@18.3.1/node_modules/react-dom/cjs/react-dom.development.js:24970:11
 ❯ commitPassiveMountEffects_complete node_modules/.pnpm/react-dom@18.3.1_react@18.3.1/node_modules/react-dom/cjs/react-dom.development.js:24930:9
 ❯ commitPassiveMountEffects_begin node_modules/.pnpm/react-dom@18.3.1_react@18.3.1/node_modules/react-dom/cjs/react-dom.development.js:24917:7
 ❯ commitPassiveMountEffects node_modules/.pnpm/react-dom@18.3.1_react@18.3.1/node_modules/react-dom/cjs/react-dom.development.js:24905:3
 ❯ flushPassiveEffectsImpl node_modules/.pnpm/react-dom@18.3.1_react@18.3.1/node_modules/react-dom/cjs/react-dom.development.js:27078:3
 ❯ flushPassiveEffects node_modules/.pnpm/react-dom@18.3.1_react@18.3.1/node_modules/react-dom/cjs/react-dom.development.js:27023:14
 ❯ node_modules/.pnpm/react-dom@18.3.1_react@18.3.1/node_modules/react-dom/cjs/react-dom.development.js:26808:9

This error originated in "src/components/messaging/__tests__/properties/MessageThread.property.test.tsx" test file. It doesn't mean the error was thrown inside the file itself, but while it was running.
The latest test that might've caused the error is "applies correct alignment based on senderId === currentUserId". It might mean one of the following:
- The error was thrown, while Vitest was running this test.
- If the error occurred after the test had been completed, this was the last documented test before it was thrown.

⎯⎯⎯⎯⎯ Uncaught Exception ⎯⎯⎯⎯⎯
TypeError: bottomRef.current?.scrollIntoView is not a function
 ❯ src/components/messaging/MessageThread.tsx:87:28
     85| 
     86|     const scrollToBottom = useCallback(() => {
     87|         bottomRef.current?.scrollIntoView({ behavior: 'smooth' });
       |                            ^
     88|         onScrollRequest?.();
     89|     }, [onScrollRequest]);
 ❯ src/components/messaging/MessageThread.tsx:128:13
 ❯ commitHookEffectListMount node_modules/.pnpm/react-dom@18.3.1_react@18.3.1/node_modules/react-dom/cjs/react-dom.development.js:23189:26
 ❯ commitPassiveMountOnFiber node_modules/.pnpm/react-dom@18.3.1_react@18.3.1/node_modules/react-dom/cjs/react-dom.development.js:24970:11
 ❯ commitPassiveMountEffects_complete node_modules/.pnpm/react-dom@18.3.1_react@18.3.1/node_modules/react-dom/cjs/react-dom.development.js:24930:9
 ❯ commitPassiveMountEffects_begin node_modules/.pnpm/react-dom@18.3.1_react@18.3.1/node_modules/react-dom/cjs/react-dom.development.js:24917:7
 ❯ commitPassiveMountEffects node_modules/.pnpm/react-dom@18.3.1_react@18.3.1/node_modules/react-dom/cjs/react-dom.development.js:24905:3
 ❯ flushPassiveEffectsImpl node_modules/.pnpm/react-dom@18.3.1_react@18.3.1/node_modules/react-dom/cjs/react-dom.development.js:27078:3
 ❯ flushPassiveEffects node_modules/.pnpm/react-dom@18.3.1_react@18.3.1/node_modules/react-dom/cjs/react-dom.development.js:27023:14
 ❯ node_modules/.pnpm/react-dom@18.3.1_react@18.3.1/node_modules/react-dom/cjs/react-dom.development.js:26808:9

This error originated in "src/components/messaging/__tests__/properties/MessageThread.property.test.tsx" test file. It doesn't mean the error was thrown inside the file itself, but while it was running.
The latest test that might've caused the error is "applies correct alignment based on senderId === currentUserId". It might mean one of the following:
- The error was thrown, while Vitest was running this test.
- If the error occurred after the test had been completed, this was the last documented test before it was thrown.

⎯⎯⎯⎯⎯ Uncaught Exception ⎯⎯⎯⎯⎯
TypeError: bottomRef.current?.scrollIntoView is not a function
 ❯ src/components/messaging/MessageThread.tsx:87:28
     85| 
     86|     const scrollToBottom = useCallback(() => {
     87|         bottomRef.current?.scrollIntoView({ behavior: 'smooth' });
       |                            ^
     88|         onScrollRequest?.();
     89|     }, [onScrollRequest]);
 ❯ src/components/messaging/MessageThread.tsx:128:13
 ❯ commitHookEffectListMount node_modules/.pnpm/react-dom@18.3.1_react@18.3.1/node_modules/react-dom/cjs/react-dom.development.js:23189:26
 ❯ commitPassiveMountOnFiber node_modules/.pnpm/react-dom@18.3.1_react@18.3.1/node_modules/react-dom/cjs/react-dom.development.js:24970:11
 ❯ commitPassiveMountEffects_complete node_modules/.pnpm/react-dom@18.3.1_react@18.3.1/node_modules/react-dom/cjs/react-dom.development.js:24930:9
 ❯ commitPassiveMountEffects_begin node_modules/.pnpm/react-dom@18.3.1_react@18.3.1/node_modules/react-dom/cjs/react-dom.development.js:24917:7
 ❯ commitPassiveMountEffects node_modules/.pnpm/react-dom@18.3.1_react@18.3.1/node_modules/react-dom/cjs/react-dom.development.js:24905:3
 ❯ flushPassiveEffectsImpl node_modules/.pnpm/react-dom@18.3.1_react@18.3.1/node_modules/react-dom/cjs/react-dom.development.js:27078:3
 ❯ flushPassiveEffects node_modules/.pnpm/react-dom@18.3.1_react@18.3.1/node_modules/react-dom/cjs/react-dom.development.js:27023:14
 ❯ node_modules/.pnpm/react-dom@18.3.1_react@18.3.1/node_modules/react-dom/cjs/react-dom.development.js:26808:9

This error originated in "src/components/messaging/__tests__/properties/MessageThread.property.test.tsx" test file. It doesn't mean the error was thrown inside the file itself, but while it was running.
The latest test that might've caused the error is "applies correct alignment based on senderId === currentUserId". It might mean one of the following:
- The error was thrown, while Vitest was running this test.
- If the error occurred after the test had been completed, this was the last documented test before it was thrown.

⎯⎯⎯⎯⎯ Uncaught Exception ⎯⎯⎯⎯⎯
TypeError: bottomRef.current?.scrollIntoView is not a function
 ❯ src/components/messaging/MessageThread.tsx:87:28
     85| 
     86|     const scrollToBottom = useCallback(() => {
     87|         bottomRef.current?.scrollIntoView({ behavior: 'smooth' });
       |                            ^
     88|         onScrollRequest?.();
     89|     }, [onScrollRequest]);
 ❯ src/components/messaging/MessageThread.tsx:128:13
 ❯ commitHookEffectListMount node_modules/.pnpm/react-dom@18.3.1_react@18.3.1/node_modules/react-dom/cjs/react-dom.development.js:23189:26
 ❯ commitPassiveMountOnFiber node_modules/.pnpm/react-dom@18.3.1_react@18.3.1/node_modules/react-dom/cjs/react-dom.development.js:24970:11
 ❯ commitPassiveMountEffects_complete node_modules/.pnpm/react-dom@18.3.1_react@18.3.1/node_modules/react-dom/cjs/react-dom.development.js:24930:9
 ❯ commitPassiveMountEffects_begin node_modules/.pnpm/react-dom@18.3.1_react@18.3.1/node_modules/react-dom/cjs/react-dom.development.js:24917:7
 ❯ commitPassiveMountEffects node_modules/.pnpm/react-dom@18.3.1_react@18.3.1/node_modules/react-dom/cjs/react-dom.development.js:24905:3
 ❯ flushPassiveEffectsImpl node_modules/.pnpm/react-dom@18.3.1_react@18.3.1/node_modules/react-dom/cjs/react-dom.development.js:27078:3
 ❯ flushPassiveEffects node_modules/.pnpm/react-dom@18.3.1_react@18.3.1/node_modules/react-dom/cjs/react-dom.development.js:27023:14
 ❯ node_modules/.pnpm/react-dom@18.3.1_react@18.3.1/node_modules/react-dom/cjs/react-dom.development.js:26808:9

This error originated in "src/components/messaging/__tests__/properties/MessageThread.property.test.tsx" test file. It doesn't mean the error was thrown inside the file itself, but while it was running.
The latest test that might've caused the error is "maintains chronological order and correct alignment simultaneously". It might mean one of the following:
- The error was thrown, while Vitest was running this test.
- If the error occurred after the test had been completed, this was the last documented test before it was thrown.

⎯⎯⎯⎯⎯ Uncaught Exception ⎯⎯⎯⎯⎯
TypeError: bottomRef.current?.scrollIntoView is not a function
 ❯ src/components/messaging/MessageThread.tsx:87:28
     85| 
     86|     const scrollToBottom = useCallback(() => {
     87|         bottomRef.current?.scrollIntoView({ behavior: 'smooth' });
       |                            ^
     88|         onScrollRequest?.();
     89|     }, [onScrollRequest]);
 ❯ src/components/messaging/MessageThread.tsx:128:13
 ❯ commitHookEffectListMount node_modules/.pnpm/react-dom@18.3.1_react@18.3.1/node_modules/react-dom/cjs/react-dom.development.js:23189:26
 ❯ commitPassiveMountOnFiber node_modules/.pnpm/react-dom@18.3.1_react@18.3.1/node_modules/react-dom/cjs/react-dom.development.js:24970:11
 ❯ commitPassiveMountEffects_complete node_modules/.pnpm/react-dom@18.3.1_react@18.3.1/node_modules/react-dom/cjs/react-dom.development.js:24930:9
 ❯ commitPassiveMountEffects_begin node_modules/.pnpm/react-dom@18.3.1_react@18.3.1/node_modules/react-dom/cjs/react-dom.development.js:24917:7
 ❯ commitPassiveMountEffects node_modules/.pnpm/react-dom@18.3.1_react@18.3.1/node_modules/react-dom/cjs/react-dom.development.js:24905:3
 ❯ flushPassiveEffectsImpl node_modules/.pnpm/react-dom@18.3.1_react@18.3.1/node_modules/react-dom/cjs/react-dom.development.js:27078:3
 ❯ flushPassiveEffects node_modules/.pnpm/react-dom@18.3.1_react@18.3.1/node_modules/react-dom/cjs/react-dom.development.js:27023:14
 ❯ performConcurrentWorkOnRoot node_modules/.pnpm/react-dom@18.3.1_react@18.3.1/node_modules/react-dom/cjs/react-dom.development.js:25748:32

This error originated in "src/components/messaging/__tests__/properties/MessageThread.property.test.tsx" test file. It doesn't mean the error was thrown inside the file itself, but while it was running.
The latest test that might've caused the error is "maintains chronological order and correct alignment simultaneously". It might mean one of the following:
- The error was thrown, while Vitest was running this test.
- If the error occurred after the test had been completed, this was the last documented test before it was thrown.

⎯⎯⎯⎯⎯ Uncaught Exception ⎯⎯⎯⎯⎯
TypeError: bottomRef.current?.scrollIntoView is not a function
 ❯ src/components/messaging/MessageThread.tsx:87:28
     85| 
     86|     const scrollToBottom = useCallback(() => {
     87|         bottomRef.current?.scrollIntoView({ behavior: 'smooth' });
       |                            ^
     88|         onScrollRequest?.();
     89|     }, [onScrollRequest]);
 ❯ src/components/messaging/MessageThread.tsx:128:13
 ❯ commitHookEffectListMount node_modules/.pnpm/react-dom@18.3.1_react@18.3.1/node_modules/react-dom/cjs/react-dom.development.js:23189:26
 ❯ commitPassiveMountOnFiber node_modules/.pnpm/react-dom@18.3.1_react@18.3.1/node_modules/react-dom/cjs/react-dom.development.js:24970:11
 ❯ commitPassiveMountEffects_complete node_modules/.pnpm/react-dom@18.3.1_react@18.3.1/node_modules/react-dom/cjs/react-dom.development.js:24930:9
 ❯ commitPassiveMountEffects_begin node_modules/.pnpm/react-dom@18.3.1_react@18.3.1/node_modules/react-dom/cjs/react-dom.development.js:24917:7
 ❯ commitPassiveMountEffects node_modules/.pnpm/react-dom@18.3.1_react@18.3.1/node_modules/react-dom/cjs/react-dom.development.js:24905:3
 ❯ flushPassiveEffectsImpl node_modules/.pnpm/react-dom@18.3.1_react@18.3.1/node_modules/react-dom/cjs/react-dom.development.js:27078:3
 ❯ flushPassiveEffects node_modules/.pnpm/react-dom@18.3.1_react@18.3.1/node_modules/react-dom/cjs/react-dom.development.js:27023:14
 ❯ performConcurrentWorkOnRoot node_modules/.pnpm/react-dom@18.3.1_react@18.3.1/node_modules/react-dom/cjs/react-dom.development.js:25748:32

This error originated in "src/components/messaging/__tests__/properties/MessageThread.property.test.tsx" test file. It doesn't mean the error was thrown inside the file itself, but while it was running.
The latest test that might've caused the error is "maintains chronological order and correct alignment simultaneously". It might mean one of the following:
- The error was thrown, while Vitest was running this test.
- If the error occurred after the test had been completed, this was the last documented test before it was thrown.

⎯⎯⎯⎯⎯ Uncaught Exception ⎯⎯⎯⎯⎯
TypeError: bottomRef.current?.scrollIntoView is not a function
 ❯ src/components/messaging/MessageThread.tsx:87:28
     85| 
     86|     const scrollToBottom = useCallback(() => {
     87|         bottomRef.current?.scrollIntoView({ behavior: 'smooth' });
       |                            ^
     88|         onScrollRequest?.();
     89|     }, [onScrollRequest]);
 ❯ src/components/messaging/MessageThread.tsx:128:13
 ❯ commitHookEffectListMount node_modules/.pnpm/react-dom@18.3.1_react@18.3.1/node_modules/react-dom/cjs/react-dom.development.js:23189:26
 ❯ commitPassiveMountOnFiber node_modules/.pnpm/react-dom@18.3.1_react@18.3.1/node_modules/react-dom/cjs/react-dom.development.js:24970:11
 ❯ commitPassiveMountEffects_complete node_modules/.pnpm/react-dom@18.3.1_react@18.3.1/node_modules/react-dom/cjs/react-dom.development.js:24930:9
 ❯ commitPassiveMountEffects_begin node_modules/.pnpm/react-dom@18.3.1_react@18.3.1/node_modules/react-dom/cjs/react-dom.development.js:24917:7
 ❯ commitPassiveMountEffects node_modules/.pnpm/react-dom@18.3.1_react@18.3.1/node_modules/react-dom/cjs/react-dom.development.js:24905:3
 ❯ flushPassiveEffectsImpl node_modules/.pnpm/react-dom@18.3.1_react@18.3.1/node_modules/react-dom/cjs/react-dom.development.js:27078:3
 ❯ flushPassiveEffects node_modules/.pnpm/react-dom@18.3.1_react@18.3.1/node_modules/react-dom/cjs/react-dom.development.js:27023:14
 ❯ performConcurrentWorkOnRoot node_modules/.pnpm/react-dom@18.3.1_react@18.3.1/node_modules/react-dom/cjs/react-dom.development.js:25748:32

This error originated in "src/components/messaging/__tests__/properties/MessageThread.property.test.tsx" test file. It doesn't mean the error was thrown inside the file itself, but while it was running.
The latest test that might've caused the error is "maintains chronological order and correct alignment simultaneously". It might mean one of the following:
- The error was thrown, while Vitest was running this test.
- If the error occurred after the test had been completed, this was the last documented test before it was thrown.

⎯⎯⎯⎯⎯ Uncaught Exception ⎯⎯⎯⎯⎯
TypeError: bottomRef.current?.scrollIntoView is not a function
 ❯ src/components/messaging/MessageThread.tsx:87:28
     85| 
     86|     const scrollToBottom = useCallback(() => {
     87|         bottomRef.current?.scrollIntoView({ behavior: 'smooth' });
       |                            ^
     88|         onScrollRequest?.();
     89|     }, [onScrollRequest]);
 ❯ src/components/messaging/MessageThread.tsx:128:13
 ❯ commitHookEffectListMount node_modules/.pnpm/react-dom@18.3.1_react@18.3.1/node_modules/react-dom/cjs/react-dom.development.js:23189:26
 ❯ commitPassiveMountOnFiber node_modules/.pnpm/react-dom@18.3.1_react@18.3.1/node_modules/react-dom/cjs/react-dom.development.js:24970:11
 ❯ commitPassiveMountEffects_complete node_modules/.pnpm/react-dom@18.3.1_react@18.3.1/node_modules/react-dom/cjs/react-dom.development.js:24930:9
 ❯ commitPassiveMountEffects_begin node_modules/.pnpm/react-dom@18.3.1_react@18.3.1/node_modules/react-dom/cjs/react-dom.development.js:24917:7
 ❯ commitPassiveMountEffects node_modules/.pnpm/react-dom@18.3.1_react@18.3.1/node_modules/react-dom/cjs/react-dom.development.js:24905:3
 ❯ flushPassiveEffectsImpl node_modules/.pnpm/react-dom@18.3.1_react@18.3.1/node_modules/react-dom/cjs/react-dom.development.js:27078:3
 ❯ flushPassiveEffects node_modules/.pnpm/react-dom@18.3.1_react@18.3.1/node_modules/react-dom/cjs/react-dom.development.js:27023:14
 ❯ node_modules/.pnpm/react-dom@18.3.1_react@18.3.1/node_modules/react-dom/cjs/react-dom.development.js:26808:9

This error originated in "src/components/messaging/__tests__/properties/MessageThread.property.test.tsx" test file. It doesn't mean the error was thrown inside the file itself, but while it was running.
The latest test that might've caused the error is "maintains chronological order and correct alignment simultaneously". It might mean one of the following:
- The error was thrown, while Vitest was running this test.
- If the error occurred after the test had been completed, this was the last documented test before it was thrown.

⎯⎯⎯⎯⎯ Uncaught Exception ⎯⎯⎯⎯⎯
TypeError: bottomRef.current?.scrollIntoView is not a function
 ❯ src/components/messaging/MessageThread.tsx:87:28
     85| 
     86|     const scrollToBottom = useCallback(() => {
     87|         bottomRef.current?.scrollIntoView({ behavior: 'smooth' });
       |                            ^
     88|         onScrollRequest?.();
     89|     }, [onScrollRequest]);
 ❯ src/components/messaging/MessageThread.tsx:128:13
 ❯ commitHookEffectListMount node_modules/.pnpm/react-dom@18.3.1_react@18.3.1/node_modules/react-dom/cjs/react-dom.development.js:23189:26
 ❯ commitPassiveMountOnFiber node_modules/.pnpm/react-dom@18.3.1_react@18.3.1/node_modules/react-dom/cjs/react-dom.development.js:24970:11
 ❯ commitPassiveMountEffects_complete node_modules/.pnpm/react-dom@18.3.1_react@18.3.1/node_modules/react-dom/cjs/react-dom.development.js:24930:9
 ❯ commitPassiveMountEffects_begin node_modules/.pnpm/react-dom@18.3.1_react@18.3.1/node_modules/react-dom/cjs/react-dom.development.js:24917:7
 ❯ commitPassiveMountEffects node_modules/.pnpm/react-dom@18.3.1_react@18.3.1/node_modules/react-dom/cjs/react-dom.development.js:24905:3
 ❯ flushPassiveEffectsImpl node_modules/.pnpm/react-dom@18.3.1_react@18.3.1/node_modules/react-dom/cjs/react-dom.development.js:27078:3
 ❯ flushPassiveEffects node_modules/.pnpm/react-dom@18.3.1_react@18.3.1/node_modules/react-dom/cjs/react-dom.development.js:27023:14
 ❯ performConcurrentWorkOnRoot node_modules/.pnpm/react-dom@18.3.1_react@18.3.1/node_modules/react-dom/cjs/react-dom.development.js:25748:32

This error originated in "src/components/messaging/__tests__/properties/MessageThread.property.test.tsx" test file. It doesn't mean the error was thrown inside the file itself, but while it was running.
The latest test that might've caused the error is "maintains chronological order and correct alignment simultaneously". It might mean one of the following:
- The error was thrown, while Vitest was running this test.
- If the error occurred after the test had been completed, this was the last documented test before it was thrown.

⎯⎯⎯⎯⎯ Uncaught Exception ⎯⎯⎯⎯⎯
TypeError: bottomRef.current?.scrollIntoView is not a function
 ❯ src/components/messaging/MessageThread.tsx:87:28
     85| 
     86|     const scrollToBottom = useCallback(() => {
     87|         bottomRef.current?.scrollIntoView({ behavior: 'smooth' });
       |                            ^
     88|         onScrollRequest?.();
     89|     }, [onScrollRequest]);
 ❯ src/components/messaging/MessageThread.tsx:128:13
 ❯ commitHookEffectListMount node_modules/.pnpm/react-dom@18.3.1_react@18.3.1/node_modules/react-dom/cjs/react-dom.development.js:23189:26
 ❯ commitPassiveMountOnFiber node_modules/.pnpm/react-dom@18.3.1_react@18.3.1/node_modules/react-dom/cjs/react-dom.development.js:24970:11
 ❯ commitPassiveMountEffects_complete node_modules/.pnpm/react-dom@18.3.1_react@18.3.1/node_modules/react-dom/cjs/react-dom.development.js:24930:9
 ❯ commitPassiveMountEffects_begin node_modules/.pnpm/react-dom@18.3.1_react@18.3.1/node_modules/react-dom/cjs/react-dom.development.js:24917:7
 ❯ commitPassiveMountEffects node_modules/.pnpm/react-dom@18.3.1_react@18.3.1/node_modules/react-dom/cjs/react-dom.development.js:24905:3
 ❯ flushPassiveEffectsImpl node_modules/.pnpm/react-dom@18.3.1_react@18.3.1/node_modules/react-dom/cjs/react-dom.development.js:27078:3
 ❯ flushPassiveEffects node_modules/.pnpm/react-dom@18.3.1_react@18.3.1/node_modules/react-dom/cjs/react-dom.development.js:27023:14
 ❯ performConcurrentWorkOnRoot node_modules/.pnpm/react-dom@18.3.1_react@18.3.1/node_modules/react-dom/cjs/react-dom.development.js:25748:32

This error originated in "src/components/messaging/__tests__/properties/MessageThread.property.test.tsx" test file. It doesn't mean the error was thrown inside the file itself, but while it was running.
The latest test that might've caused the error is "maintains chronological order and correct alignment simultaneously". It might mean one of the following:
- The error was thrown, while Vitest was running this test.
- If the error occurred after the test had been completed, this was the last documented test before it was thrown.

⎯⎯⎯⎯⎯ Uncaught Exception ⎯⎯⎯⎯⎯
TypeError: bottomRef.current?.scrollIntoView is not a function
 ❯ src/components/messaging/MessageThread.tsx:87:28
     85| 
     86|     const scrollToBottom = useCallback(() => {
     87|         bottomRef.current?.scrollIntoView({ behavior: 'smooth' });
       |                            ^
     88|         onScrollRequest?.();
     89|     }, [onScrollRequest]);
 ❯ src/components/messaging/MessageThread.tsx:128:13
 ❯ commitHookEffectListMount node_modules/.pnpm/react-dom@18.3.1_react@18.3.1/node_modules/react-dom/cjs/react-dom.development.js:23189:26
 ❯ commitPassiveMountOnFiber node_modules/.pnpm/react-dom@18.3.1_react@18.3.1/node_modules/react-dom/cjs/react-dom.development.js:24970:11
 ❯ commitPassiveMountEffects_complete node_modules/.pnpm/react-dom@18.3.1_react@18.3.1/node_modules/react-dom/cjs/react-dom.development.js:24930:9
 ❯ commitPassiveMountEffects_begin node_modules/.pnpm/react-dom@18.3.1_react@18.3.1/node_modules/react-dom/cjs/react-dom.development.js:24917:7
 ❯ commitPassiveMountEffects node_modules/.pnpm/react-dom@18.3.1_react@18.3.1/node_modules/react-dom/cjs/react-dom.development.js:24905:3
 ❯ flushPassiveEffectsImpl node_modules/.pnpm/react-dom@18.3.1_react@18.3.1/node_modules/react-dom/cjs/react-dom.development.js:27078:3
 ❯ flushPassiveEffects node_modules/.pnpm/react-dom@18.3.1_react@18.3.1/node_modules/react-dom/cjs/react-dom.development.js:27023:14
 ❯ performConcurrentWorkOnRoot node_modules/.pnpm/react-dom@18.3.1_react@18.3.1/node_modules/react-dom/cjs/react-dom.development.js:25748:32

This error originated in "src/components/messaging/__tests__/properties/MessageThread.property.test.tsx" test file. It doesn't mean the error was thrown inside the file itself, but while it was running.
The latest test that might've caused the error is "maintains chronological order and correct alignment simultaneously". It might mean one of the following:
- The error was thrown, while Vitest was running this test.
- If the error occurred after the test had been completed, this was the last documented test before it was thrown.

⎯⎯⎯⎯⎯ Uncaught Exception ⎯⎯⎯⎯⎯
TypeError: bottomRef.current?.scrollIntoView is not a function
 ❯ src/components/messaging/MessageThread.tsx:87:28
     85| 
     86|     const scrollToBottom = useCallback(() => {
     87|         bottomRef.current?.scrollIntoView({ behavior: 'smooth' });
       |                            ^
     88|         onScrollRequest?.();
     89|     }, [onScrollRequest]);
 ❯ src/components/messaging/MessageThread.tsx:128:13
 ❯ commitHookEffectListMount node_modules/.pnpm/react-dom@18.3.1_react@18.3.1/node_modules/react-dom/cjs/react-dom.development.js:23189:26
 ❯ commitPassiveMountOnFiber node_modules/.pnpm/react-dom@18.3.1_react@18.3.1/node_modules/react-dom/cjs/react-dom.development.js:24970:11
 ❯ commitPassiveMountEffects_complete node_modules/.pnpm/react-dom@18.3.1_react@18.3.1/node_modules/react-dom/cjs/react-dom.development.js:24930:9
 ❯ commitPassiveMountEffects_begin node_modules/.pnpm/react-dom@18.3.1_react@18.3.1/node_modules/react-dom/cjs/react-dom.development.js:24917:7
 ❯ commitPassiveMountEffects node_modules/.pnpm/react-dom@18.3.1_react@18.3.1/node_modules/react-dom/cjs/react-dom.development.js:24905:3
 ❯ flushPassiveEffectsImpl node_modules/.pnpm/react-dom@18.3.1_react@18.3.1/node_modules/react-dom/cjs/react-dom.development.js:27078:3
 ❯ flushPassiveEffects node_modules/.pnpm/react-dom@18.3.1_react@18.3.1/node_modules/react-dom/cjs/react-dom.development.js:27023:14
 ❯ node_modules/.pnpm/react-dom@18.3.1_react@18.3.1/node_modules/react-dom/cjs/react-dom.development.js:26808:9

This error originated in "src/components/messaging/__tests__/properties/MessageThread.property.test.tsx" test file. It doesn't mean the error was thrown inside the file itself, but while it was running.
The latest test that might've caused the error is "maintains chronological order and correct alignment simultaneously". It might mean one of the following:
- The error was thrown, while Vitest was running this test.
- If the error occurred after the test had been completed, this was the last documented test before it was thrown.

⎯⎯⎯⎯⎯ Uncaught Exception ⎯⎯⎯⎯⎯
TypeError: bottomRef.current?.scrollIntoView is not a function
 ❯ src/components/messaging/MessageThread.tsx:87:28
     85| 
     86|     const scrollToBottom = useCallback(() => {
     87|         bottomRef.current?.scrollIntoView({ behavior: 'smooth' });
       |                            ^
     88|         onScrollRequest?.();
     89|     }, [onScrollRequest]);
 ❯ src/components/messaging/MessageThread.tsx:128:13
 ❯ commitHookEffectListMount node_modules/.pnpm/react-dom@18.3.1_react@18.3.1/node_modules/react-dom/cjs/react-dom.development.js:23189:26
 ❯ commitPassiveMountOnFiber node_modules/.pnpm/react-dom@18.3.1_react@18.3.1/node_modules/react-dom/cjs/react-dom.development.js:24970:11
 ❯ commitPassiveMountEffects_complete node_modules/.pnpm/react-dom@18.3.1_react@18.3.1/node_modules/react-dom/cjs/react-dom.development.js:24930:9
 ❯ commitPassiveMountEffects_begin node_modules/.pnpm/react-dom@18.3.1_react@18.3.1/node_modules/react-dom/cjs/react-dom.development.js:24917:7
 ❯ commitPassiveMountEffects node_modules/.pnpm/react-dom@18.3.1_react@18.3.1/node_modules/react-dom/cjs/react-dom.development.js:24905:3
 ❯ flushPassiveEffectsImpl node_modules/.pnpm/react-dom@18.3.1_react@18.3.1/node_modules/react-dom/cjs/react-dom.development.js:27078:3
 ❯ flushPassiveEffects node_modules/.pnpm/react-dom@18.3.1_react@18.3.1/node_modules/react-dom/cjs/react-dom.development.js:27023:14
 ❯ node_modules/.pnpm/react-dom@18.3.1_react@18.3.1/node_modules/react-dom/cjs/react-dom.development.js:26808:9

This error originated in "src/components/messaging/__tests__/properties/MessageThread.property.test.tsx" test file. It doesn't mean the error was thrown inside the file itself, but while it was running.
The latest test that might've caused the error is "maintains chronological order and correct alignment simultaneously". It might mean one of the following:
- The error was thrown, while Vitest was running this test.
- If the error occurred after the test had been completed, this was the last documented test before it was thrown.

⎯⎯⎯⎯⎯ Uncaught Exception ⎯⎯⎯⎯⎯
TypeError: bottomRef.current?.scrollIntoView is not a function
 ❯ src/components/messaging/MessageThread.tsx:87:28
     85| 
     86|     const scrollToBottom = useCallback(() => {
     87|         bottomRef.current?.scrollIntoView({ behavior: 'smooth' });
       |                            ^
     88|         onScrollRequest?.();
     89|     }, [onScrollRequest]);
 ❯ src/components/messaging/MessageThread.tsx:128:13
 ❯ commitHookEffectListMount node_modules/.pnpm/react-dom@18.3.1_react@18.3.1/node_modules/react-dom/cjs/react-dom.development.js:23189:26
 ❯ commitPassiveMountOnFiber node_modules/.pnpm/react-dom@18.3.1_react@18.3.1/node_modules/react-dom/cjs/react-dom.development.js:24970:11
 ❯ commitPassiveMountEffects_complete node_modules/.pnpm/react-dom@18.3.1_react@18.3.1/node_modules/react-dom/cjs/react-dom.development.js:24930:9
 ❯ commitPassiveMountEffects_begin node_modules/.pnpm/react-dom@18.3.1_react@18.3.1/node_modules/react-dom/cjs/react-dom.development.js:24917:7
 ❯ commitPassiveMountEffects node_modules/.pnpm/react-dom@18.3.1_react@18.3.1/node_modules/react-dom/cjs/react-dom.development.js:24905:3
 ❯ flushPassiveEffectsImpl node_modules/.pnpm/react-dom@18.3.1_react@18.3.1/node_modules/react-dom/cjs/react-dom.development.js:27078:3
 ❯ flushPassiveEffects node_modules/.pnpm/react-dom@18.3.1_react@18.3.1/node_modules/react-dom/cjs/react-dom.development.js:27023:14
 ❯ node_modules/.pnpm/react-dom@18.3.1_react@18.3.1/node_modules/react-dom/cjs/react-dom.development.js:26808:9

This error originated in "src/components/messaging/__tests__/properties/MessageThread.property.test.tsx" test file. It doesn't mean the error was thrown inside the file itself, but while it was running.
The latest test that might've caused the error is "maintains chronological order and correct alignment simultaneously". It might mean one of the following:
- The error was thrown, while Vitest was running this test.
- If the error occurred after the test had been completed, this was the last documented test before it was thrown.

⎯⎯⎯⎯⎯ Uncaught Exception ⎯⎯⎯⎯⎯
TypeError: bottomRef.current?.scrollIntoView is not a function
 ❯ src/components/messaging/MessageThread.tsx:87:28
     85| 
     86|     const scrollToBottom = useCallback(() => {
     87|         bottomRef.current?.scrollIntoView({ behavior: 'smooth' });
       |                            ^
     88|         onScrollRequest?.();
     89|     }, [onScrollRequest]);
 ❯ src/components/messaging/MessageThread.tsx:128:13
 ❯ commitHookEffectListMount node_modules/.pnpm/react-dom@18.3.1_react@18.3.1/node_modules/react-dom/cjs/react-dom.development.js:23189:26
 ❯ commitPassiveMountOnFiber node_modules/.pnpm/react-dom@18.3.1_react@18.3.1/node_modules/react-dom/cjs/react-dom.development.js:24970:11
 ❯ commitPassiveMountEffects_complete node_modules/.pnpm/react-dom@18.3.1_react@18.3.1/node_modules/react-dom/cjs/react-dom.development.js:24930:9
 ❯ commitPassiveMountEffects_begin node_modules/.pnpm/react-dom@18.3.1_react@18.3.1/node_modules/react-dom/cjs/react-dom.development.js:24917:7
 ❯ commitPassiveMountEffects node_modules/.pnpm/react-dom@18.3.1_react@18.3.1/node_modules/react-dom/cjs/react-dom.development.js:24905:3
 ❯ flushPassiveEffectsImpl node_modules/.pnpm/react-dom@18.3.1_react@18.3.1/node_modules/react-dom/cjs/react-dom.development.js:27078:3
 ❯ flushPassiveEffects node_modules/.pnpm/react-dom@18.3.1_react@18.3.1/node_modules/react-dom/cjs/react-dom.development.js:27023:14
 ❯ performConcurrentWorkOnRoot node_modules/.pnpm/react-dom@18.3.1_react@18.3.1/node_modules/react-dom/cjs/react-dom.development.js:25748:32

This error originated in "src/components/messaging/__tests__/properties/MessageThread.property.test.tsx" test file. It doesn't mean the error was thrown inside the file itself, but while it was running.
The latest test that might've caused the error is "maintains chronological order and correct alignment simultaneously". It might mean one of the following:
- The error was thrown, while Vitest was running this test.
- If the error occurred after the test had been completed, this was the last documented test before it was thrown.

⎯⎯⎯⎯⎯ Uncaught Exception ⎯⎯⎯⎯⎯
TypeError: bottomRef.current?.scrollIntoView is not a function
 ❯ src/components/messaging/MessageThread.tsx:87:28
     85| 
     86|     const scrollToBottom = useCallback(() => {
     87|         bottomRef.current?.scrollIntoView({ behavior: 'smooth' });
       |                            ^
     88|         onScrollRequest?.();
     89|     }, [onScrollRequest]);
 ❯ src/components/messaging/MessageThread.tsx:128:13
 ❯ commitHookEffectListMount node_modules/.pnpm/react-dom@18.3.1_react@18.3.1/node_modules/react-dom/cjs/react-dom.development.js:23189:26
 ❯ commitPassiveMountOnFiber node_modules/.pnpm/react-dom@18.3.1_react@18.3.1/node_modules/react-dom/cjs/react-dom.development.js:24970:11
 ❯ commitPassiveMountEffects_complete node_modules/.pnpm/react-dom@18.3.1_react@18.3.1/node_modules/react-dom/cjs/react-dom.development.js:24930:9
 ❯ commitPassiveMountEffects_begin node_modules/.pnpm/react-dom@18.3.1_react@18.3.1/node_modules/react-dom/cjs/react-dom.development.js:24917:7
 ❯ commitPassiveMountEffects node_modules/.pnpm/react-dom@18.3.1_react@18.3.1/node_modules/react-dom/cjs/react-dom.development.js:24905:3
 ❯ flushPassiveEffectsImpl node_modules/.pnpm/react-dom@18.3.1_react@18.3.1/node_modules/react-dom/cjs/react-dom.development.js:27078:3
 ❯ flushPassiveEffects node_modules/.pnpm/react-dom@18.3.1_react@18.3.1/node_modules/react-dom/cjs/react-dom.development.js:27023:14
 ❯ node_modules/.pnpm/react-dom@18.3.1_react@18.3.1/node_modules/react-dom/cjs/react-dom.development.js:26808:9

This error originated in "src/components/messaging/__tests__/properties/MessageThread.property.test.tsx" test file. It doesn't mean the error was thrown inside the file itself, but while it was running.
The latest test that might've caused the error is "maintains chronological order and correct alignment simultaneously". It might mean one of the following:
- The error was thrown, while Vitest was running this test.
- If the error occurred after the test had been completed, this was the last documented test before it was thrown.

⎯⎯⎯⎯⎯ Uncaught Exception ⎯⎯⎯⎯⎯
TypeError: bottomRef.current?.scrollIntoView is not a function
 ❯ src/components/messaging/MessageThread.tsx:87:28
     85| 
     86|     const scrollToBottom = useCallback(() => {
     87|         bottomRef.current?.scrollIntoView({ behavior: 'smooth' });
       |                            ^
     88|         onScrollRequest?.();
     89|     }, [onScrollRequest]);
 ❯ src/components/messaging/MessageThread.tsx:128:13
 ❯ commitHookEffectListMount node_modules/.pnpm/react-dom@18.3.1_react@18.3.1/node_modules/react-dom/cjs/react-dom.development.js:23189:26
 ❯ commitPassiveMountOnFiber node_modules/.pnpm/react-dom@18.3.1_react@18.3.1/node_modules/react-dom/cjs/react-dom.development.js:24970:11
 ❯ commitPassiveMountEffects_complete node_modules/.pnpm/react-dom@18.3.1_react@18.3.1/node_modules/react-dom/cjs/react-dom.development.js:24930:9
 ❯ commitPassiveMountEffects_begin node_modules/.pnpm/react-dom@18.3.1_react@18.3.1/node_modules/react-dom/cjs/react-dom.development.js:24917:7
 ❯ commitPassiveMountEffects node_modules/.pnpm/react-dom@18.3.1_react@18.3.1/node_modules/react-dom/cjs/react-dom.development.js:24905:3
 ❯ flushPassiveEffectsImpl node_modules/.pnpm/react-dom@18.3.1_react@18.3.1/node_modules/react-dom/cjs/react-dom.development.js:27078:3
 ❯ flushPassiveEffects node_modules/.pnpm/react-dom@18.3.1_react@18.3.1/node_modules/react-dom/cjs/react-dom.development.js:27023:14
 ❯ node_modules/.pnpm/react-dom@18.3.1_react@18.3.1/node_modules/react-dom/cjs/react-dom.development.js:26808:9

This error originated in "src/components/messaging/__tests__/properties/MessageThread.property.test.tsx" test file. It doesn't mean the error was thrown inside the file itself, but while it was running.
The latest test that might've caused the error is "maintains chronological order and correct alignment simultaneously". It might mean one of the following:
- The error was thrown, while Vitest was running this test.
- If the error occurred after the test had been completed, this was the last documented test before it was thrown.

⎯⎯⎯⎯⎯ Uncaught Exception ⎯⎯⎯⎯⎯
TypeError: bottomRef.current?.scrollIntoView is not a function
 ❯ src/components/messaging/MessageThread.tsx:87:28
     85| 
     86|     const scrollToBottom = useCallback(() => {
     87|         bottomRef.current?.scrollIntoView({ behavior: 'smooth' });
       |                            ^
     88|         onScrollRequest?.();
     89|     }, [onScrollRequest]);
 ❯ src/components/messaging/MessageThread.tsx:128:13
 ❯ commitHookEffectListMount node_modules/.pnpm/react-dom@18.3.1_react@18.3.1/node_modules/react-dom/cjs/react-dom.development.js:23189:26
 ❯ commitPassiveMountOnFiber node_modules/.pnpm/react-dom@18.3.1_react@18.3.1/node_modules/react-dom/cjs/react-dom.development.js:24970:11
 ❯ commitPassiveMountEffects_complete node_modules/.pnpm/react-dom@18.3.1_react@18.3.1/node_modules/react-dom/cjs/react-dom.development.js:24930:9
 ❯ commitPassiveMountEffects_begin node_modules/.pnpm/react-dom@18.3.1_react@18.3.1/node_modules/react-dom/cjs/react-dom.development.js:24917:7
 ❯ commitPassiveMountEffects node_modules/.pnpm/react-dom@18.3.1_react@18.3.1/node_modules/react-dom/cjs/react-dom.development.js:24905:3
 ❯ flushPassiveEffectsImpl node_modules/.pnpm/react-dom@18.3.1_react@18.3.1/node_modules/react-dom/cjs/react-dom.development.js:27078:3
 ❯ flushPassiveEffects node_modules/.pnpm/react-dom@18.3.1_react@18.3.1/node_modules/react-dom/cjs/react-dom.development.js:27023:14
 ❯ node_modules/.pnpm/react-dom@18.3.1_react@18.3.1/node_modules/react-dom/cjs/react-dom.development.js:26808:9

This error originated in "src/components/messaging/__tests__/properties/MessageThread.property.test.tsx" test file. It doesn't mean the error was thrown inside the file itself, but while it was running.
The latest test that might've caused the error is "maintains chronological order and correct alignment simultaneously". It might mean one of the following:
- The error was thrown, while Vitest was running this test.
- If the error occurred after the test had been completed, this was the last documented test before it was thrown.

⎯⎯⎯⎯⎯ Uncaught Exception ⎯⎯⎯⎯⎯
TypeError: bottomRef.current?.scrollIntoView is not a function
 ❯ src/components/messaging/MessageThread.tsx:87:28
     85| 
     86|     const scrollToBottom = useCallback(() => {
     87|         bottomRef.current?.scrollIntoView({ behavior: 'smooth' });
       |                            ^
     88|         onScrollRequest?.();
     89|     }, [onScrollRequest]);
 ❯ src/components/messaging/MessageThread.tsx:128:13
 ❯ commitHookEffectListMount node_modules/.pnpm/react-dom@18.3.1_react@18.3.1/node_modules/react-dom/cjs/react-dom.development.js:23189:26
 ❯ commitPassiveMountOnFiber node_modules/.pnpm/react-dom@18.3.1_react@18.3.1/node_modules/react-dom/cjs/react-dom.development.js:24970:11
 ❯ commitPassiveMountEffects_complete node_modules/.pnpm/react-dom@18.3.1_react@18.3.1/node_modules/react-dom/cjs/react-dom.development.js:24930:9
 ❯ commitPassiveMountEffects_begin node_modules/.pnpm/react-dom@18.3.1_react@18.3.1/node_modules/react-dom/cjs/react-dom.development.js:24917:7
 ❯ commitPassiveMountEffects node_modules/.pnpm/react-dom@18.3.1_react@18.3.1/node_modules/react-dom/cjs/react-dom.development.js:24905:3
 ❯ flushPassiveEffectsImpl node_modules/.pnpm/react-dom@18.3.1_react@18.3.1/node_modules/react-dom/cjs/react-dom.development.js:27078:3
 ❯ flushPassiveEffects node_modules/.pnpm/react-dom@18.3.1_react@18.3.1/node_modules/react-dom/cjs/react-dom.development.js:27023:14
 ❯ node_modules/.pnpm/react-dom@18.3.1_react@18.3.1/node_modules/react-dom/cjs/react-dom.development.js:26808:9

This error originated in "src/components/messaging/__tests__/properties/MessageThread.property.test.tsx" test file. It doesn't mean the error was thrown inside the file itself, but while it was running.
The latest test that might've caused the error is "maintains chronological order and correct alignment simultaneously". It might mean one of the following:
- The error was thrown, while Vitest was running this test.
- If the error occurred after the test had been completed, this was the last documented test before it was thrown.
⎯⎯⎯⎯⎯⎯⎯⎯⎯⎯⎯⎯⎯⎯⎯⎯⎯⎯⎯⎯⎯⎯⎯⎯⎯⎯⎯⎯⎯⎯


 Test Files  1 failed (1)
      Tests  3 failed (3)
     Errors  33 errors
   Start at  15:30:25
   Duration  18.63s (transform 747ms, setup 758ms, collect 988ms, tests 12.70s, environment 974ms, prepare 189ms)

